 Server

 Timestamp is 684252ab (Fri Jun 06 10:30:03 2025)

 Preferred load address is 10000000

 Start         Length     Name                   Class
 0001:00000000 000947b8H .text                   CODE
 0001:000947c0 00000ddaH .text$x                 CODE
 0002:00000000 00002e50H .rodata                 CODE
 0003:00000000 0001ae92H .rotext                 CODE
 0004:00000000 00000704H .idata$5                DATA
 0004:00000720 0003df68H .rdata                  DATA
 0004:0003e688 00000044H .rdata$r                DATA
 0004:0003e6d0 00001288H .xdata$x                DATA
 0004:0003f958 00000168H .idata$2                DATA
 0004:0003fac0 00000014H .idata$3                DATA
 0004:0003fad4 00000704H .idata$4                DATA
 0004:000401d8 00001a14H .idata$6                DATA
 0004:00041bf0 00000045H .edata                  DATA
 0005:00000000 00000004H .CRT$XCA                DATA
 0005:00000004 00000008H .CRT$XCU                DATA
 0005:0000000c 00000004H .CRT$XCZ                DATA
 0005:00000010 00000004H .CRT$XIA                DATA
 0005:00000014 00000004H .CRT$XIZ                DATA
 0005:00000020 00030620H .data                   DATA
 0005:00030640 0006d260H .bss                    DATA
 0006:00000000 000001d8H .rsrc$01                DATA
 0006:000001e0 000030b0H .rsrc$02                DATA

  Address         Publics by Value              Rva+Base     Lib:Object

 0001:00000000       ??0CAudio@@QAE@XZ          10001000 f   Audio.obj
 0001:00000120       ??_ECAudio@@UAEPAXI@Z      10001120 f i Audio.obj
 0001:00000120       ??_GCAudio@@UAEPAXI@Z      10001120 f i Audio.obj
 0001:00000140       ??1CAudio@@UAE@XZ          10001140 f   Audio.obj
 0001:00000310       ?getRecordBuffer@CAudio@@QAEPAEPAK@Z 10001310 f   Audio.obj
 0001:00000410       ?playBuffer@CAudio@@QAE_NPAEK@Z 10001410 f   Audio.obj
 0001:000004b0       ?InitializeWaveOut@CAudio@@AAE_NXZ 100014b0 f   Audio.obj
 0001:000005a0       ?InitializeWaveIn@CAudio@@AAE_NXZ 100015a0 f   Audio.obj
 0001:00000700       ?waveInCallBack@CAudio@@CGKPAX@Z 10001700 f   Audio.obj
 0001:00000880       ??0CAudioManager@@QAE@PAVCClientSocket@@@Z 10001880 f   AudioManager.obj
 0001:00000940       ??_ECAudioManager@@UAEPAXI@Z 10001940 f i AudioManager.obj
 0001:00000940       ??_GCAudioManager@@UAEPAXI@Z 10001940 f i AudioManager.obj
 0001:00000960       ??1CAudioManager@@UAE@XZ   10001960 f   AudioManager.obj
 0001:000009f0       ?sendRecordBuffer@CAudioManager@@QAEHXZ 100019f0 f   AudioManager.obj
 0001:00000a90       ?Initialize@CAudioManager@@AAE_NXZ 10001a90 f   AudioManager.obj
 0001:00000b20       ?OnReceive@CAudioManager@@UAEXPAEI@Z 10001b20 f   AudioManager.obj
 0001:00000b50       ?WorkThread@CAudioManager@@CGKPAX@Z 10001b50 f   AudioManager.obj
 0001:00000b80       ??0CBuffer@@QAE@XZ         10001b80 f   Buffer.obj
 0001:00000bb0       ??_ECBuffer@@UAEPAXI@Z     10001bb0 f i Buffer.obj
 0001:00000bb0       ??_GCBuffer@@UAEPAXI@Z     10001bb0 f i Buffer.obj
 0001:00000bd0       ??1CBuffer@@UAE@XZ         10001bd0 f   Buffer.obj
 0001:00000c00       ?Write@CBuffer@@QAEHPAEI@Z 10001c00 f   Buffer.obj
 0001:00000c80       ?Read@CBuffer@@QAEIPAEI@Z  10001c80 f   Buffer.obj
 0001:00000d30       ?GetFileCount@CFileFinder@@QAEHXZ 10001d30 f   Buffer.obj
 0001:00000d30       ?GetMemSize@CBuffer@@IAEIXZ 10001d30 f   Buffer.obj
 0001:00000d40       ?GetBufferLen@CBuffer@@QAEIXZ 10001d40 f   Buffer.obj
 0001:00000d50       ?ReAllocateBuffer@CBuffer@@IAEII@Z 10001d50 f   Buffer.obj
 0001:00000e20       ?DeAllocateBuffer@CBuffer@@IAEII@Z 10001e20 f   Buffer.obj
 0001:00000ef0       ?ClearBuffer@CBuffer@@QAEXXZ 10001ef0 f   Buffer.obj
 0001:00000f20       ?ReallyClearBuffer@CBuffer@@QAEXXZ 10001f20 f   Buffer.obj
 0001:00000f70       ?GetBuffer@CBuffer@@QAEPAEI@Z 10001f70 f   Buffer.obj
 0001:00000f80       ??0CChatManager@@QAE@PAVCClientSocket@@@Z 10001f80 f   ChatManager.obj
 0001:00001010       ??_ECChatManager@@UAEPAXI@Z 10002010 f i ChatManager.obj
 0001:00001010       ??_GCChatManager@@UAEPAXI@Z 10002010 f i ChatManager.obj
 0001:00001030       ??1CChatManager@@UAE@XZ    10002030 f   ChatManager.obj
 0001:00001060       ?MessageLoopProc@CChatManager@@CGKPAX@Z 10002060 f   ChatManager.obj
 0001:00001340       ?ChatDialogProc@CChatManager@@CGHPAUHWND__@@IIJ@Z 10002340 f   ChatManager.obj
 0001:000015b0       ?OnReceive@CChatManager@@UAEXPAEI@Z 100025b0 f   ChatManager.obj
 0001:00001700       _cJSON_Delete              10002700 f   cJSON.obj
 0001:00001770       _cJSON_ParseWithOpts       10002770 f   cJSON.obj
 0001:00001840       _cJSON_Parse               10002840 f   cJSON.obj
 0001:00001860       _cJSON_PrintUnformatted    10002860 f   cJSON.obj
 0001:00002fb0       _cJSON_GetObjectItem       10003fb0 f   cJSON.obj
 0001:00003070       _cJSON_AddItemToArray      10004070 f   cJSON.obj
 0001:000030b0       _cJSON_AddItemToObject     100040b0 f   cJSON.obj
 0001:000030f0       ??0CClientSocket@@QAE@XZ   100040f0 f   ClientSocket.obj
 0001:00003250       ??_ECClientSocket@@UAEPAXI@Z 10004250 f i ClientSocket.obj
 0001:00003250       ??_GCClientSocket@@UAEPAXI@Z 10004250 f i ClientSocket.obj
 0001:00003270       ?rc4_init@CClientSocket@@QAEXPAE0K@Z 10004270 f   ClientSocket.obj
 0001:00003310       ?rc4_crypt@CClientSocket@@QAEXPAE0K@Z 10004310 f   ClientSocket.obj
 0001:000033b0       ??1CClientSocket@@UAE@XZ   100043b0 f   ClientSocket.obj
 0001:00003470       ?Connect@CClientSocket@@QAE_NPBDI@Z 10004470 f   ClientSocket.obj
 0001:000035b0       ?MyDecode@@YAPADPADH@Z     100045b0 f   ClientSocket.obj
 0001:000035e0       ?WorkThread@CClientSocket@@CGKPAX@Z 100045e0 f   ClientSocket.obj
 0001:000036e0       ?run_event_loop@CClientSocket@@QAEXXZ 100046e0 f   ClientSocket.obj
 0001:000036f0       ?IsRunning@CClientSocket@@QAE_NXZ 100046f0 f   ClientSocket.obj
 0001:00003700       ?OnRead@CClientSocket@@QAEXPAEK@Z 10004700 f   ClientSocket.obj
 0001:00003960       ?Disconnect@CClientSocket@@QAEXXZ 10004960 f   ClientSocket.obj
 0001:000039e0       ?SB360@CClientSocket@@QAEXPAEK@Z 100049e0 f   ClientSocket.obj
 0001:00003a90       ?Send@CClientSocket@@QAEHPAEI@Z 10004a90 f   ClientSocket.obj
 0001:00003c80       ?MyEncode@@YAPADPADH@Z     10004c80 f   ClientSocket.obj
 0001:00003cb0       ?SendWithSplit@CClientSocket@@AAEHPAEII@Z 10004cb0 f   ClientSocket.obj
 0001:00003d70       ?SetManagerCallBack@CClientSocket@@QAEXPAVCManager@@@Z 10004d70 f   ClientSocket.obj
 0001:00003d80       ??0CDialupass@@QAE@XZ      10004d80 f   Dialupass.obj
 0001:00003de0       ??_ECDialupass@@UAEPAXI@Z  10004de0 f i Dialupass.obj
 0001:00003de0       ??_GCDialupass@@UAEPAXI@Z  10004de0 f i Dialupass.obj
 0001:00003e00       ??1CDialupass@@UAE@XZ      10004e00 f   Dialupass.obj
 0001:00003e60       ?GetLocalSid@CDialupass@@AAEPADXZ 10004e60 f   Dialupass.obj
 0001:00003f90       ?GetRasEntryCount@CDialupass@@AAEKXZ 10004f90 f   Dialupass.obj
 0001:00004400       ?GetLsaData@CDialupass@@AAEPAU_LSA_UNICODE_STRING@@PAD@Z 10005400 f   Dialupass.obj
 0001:00004520       ?AnsiStringToLsaStr@CDialupass@@AAEXPADPAU_LSA_UNICODE_STRING@@@Z 10005520 f   Dialupass.obj
 0001:000045a0       ?GetLsaPasswords@CDialupass@@AAEXXZ 100055a0 f   Dialupass.obj
 0001:000046d0       ?ParseLsaBuffer@CDialupass@@AAEXPBGG@Z 100056d0 f   Dialupass.obj
 0001:00004870       ?GetRasEntries@CDialupass@@AAE_NXZ 10005870 f   Dialupass.obj
 0001:00004f50       ?UTF8ToGB2312@CDialupass@@AAEPBDQAD@Z 10005f50 f   Dialupass.obj
 0001:00005010       ?Set@CDialupass@@AAEHPAD00000@Z 10006010 f   Dialupass.obj
 0001:000053c0       ?Set@COneInfo@@QAEXHPAD@Z  100063c0 f i Dialupass.obj
 0001:00005430       ??_ECOneInfo@@UAEPAXI@Z    10006430 f i Dialupass.obj
 0001:00005430       ??_GCOneInfo@@UAEPAXI@Z    10006430 f i Dialupass.obj
 0001:00005470       ?upcaseA@@YIDD@Z           10006470 f   DllManager.obj
 0001:00005480       ?strcmpiA@@YIHPBD0@Z       10006480 f   DllManager.obj
 0001:000054e0       ?myfree@@YAXPAX@Z          100064e0 f   DllManager.obj
 0001:00005500       ?myrealloc@@YAPAXPAXI@Z    10006500 f   DllManager.obj
 0001:00005540       _MemoryLoadLibrary         10006540 f   DllManager.obj
 0001:000059c0       _MemoryGetProcAddress      100069c0 f   DllManager.obj
 0001:00005a50       _MemoryFreeLibrary         10006a50 f   DllManager.obj
 0001:00005ae0       ??0CDllManager@@QAE@PAVCClientSocket@@PAE@Z 10006ae0 f   DllManager.obj
 0001:00005c00       ??_ECDllManager@@UAEPAXI@Z 10006c00 f i DllManager.obj
 0001:00005c00       ??_GCDllManager@@UAEPAXI@Z 10006c00 f i DllManager.obj
 0001:00005c20       ??1CDllManager@@UAE@XZ     10006c20 f   DllManager.obj
 0001:00005c30       ?OnReceive@CDllManager@@UAEXPAEI@Z 10006c30 f   DllManager.obj
 0001:00005d40       ?DecryptPlug@@YAXPAEKK@Z   10006d40 f   DllManager.obj
 0001:00005d70       ?getDllVersion@CDllManager@@IAEPAEPBD@Z 10006d70 f   DllManager.obj
 0001:00006000       ?SendDllVersion@CDllManager@@IAEXPBD@Z 10007000 f   DllManager.obj
 0001:00006030       ?LoadLib@CDllManager@@IAEXPAE@Z 10007030 f   DllManager.obj
 0001:00006230       ?WriteLocalRecvFile@CDllManager@@AAEXPAEI@Z 10007230 f   DllManager.obj
 0001:00006350       ?CreateLocalRecvFile@CDllManager@@AAEXPAE@Z 10007350 f   DllManager.obj
 0001:00006390       ?GetFileData@CDllManager@@AAEXXZ 10007390 f   DllManager.obj
 0001:00006480       ??0CFileFinder@@QAE@XZ     10007480 f   FileFinder.obj
 0001:000064e0       ??_GCFileFinder@@UAEPAXI@Z 100074e0 f i FileFinder.obj
 0001:000064e0       ??_ECFileFinder@@UAEPAXI@Z 100074e0 f i FileFinder.obj
 0001:00006500       ??1CFileFinder@@UAE@XZ     10007500 f   FileFinder.obj
 0001:00006560       ??1CFindOpts@CFileFinder@@QAE@XZ 10007560 f i FileFinder.obj
 0001:000065c0       ?Find@CFileFinder@@QAEHAAVCFindOpts@1@@Z 100075c0 f   FileFinder.obj
 0001:00006bc0       ?Reset@CFindOpts@CFileFinder@@QAEXXZ 10007bc0 f i FileFinder.obj
 0001:00006c50       ?FindTextInFile@CFileFinder@@QAEHPBD0@Z 10007c50 f   FileFinder.obj
 0001:00006e50       ?GetFilePath@CFileFinder@@QAE?AVCPath@@H@Z 10007e50 f   FileFinder.obj
 0001:00006eb0       ?RemoveAll@CFileFinder@@QAEXXZ 10007eb0 f   FileFinder.obj
 0001:00006ed0       ?SetCallback@CFileFinder@@QAEXP6AXPAV1@KPAX@Z1@Z 10007ed0 f   FileFinder.obj
 0001:00006ef0       ??NCTime@@QBEHV0@@Z        10007ef0 f i FileFinder.obj
 0001:00006f00       ??PCTime@@QBEHV0@@Z        10007f00 f i FileFinder.obj
 0001:00006f10       ??0CFileManager@@QAE@PAVCClientSocket@@@Z 10007f10 f   FileManager.obj
 0001:00006fd0       ??_ECFileManager@@UAEPAXI@Z 10007fd0 f i FileManager.obj
 0001:00006fd0       ??_GCFileManager@@UAEPAXI@Z 10007fd0 f i FileManager.obj
 0001:00006ff0       ??1CFileManager@@UAE@XZ    10007ff0 f   FileManager.obj
 0001:00007140       ?OnReceive@CFileManager@@UAEXPAEI@Z 10008140 f   FileManager.obj
 0001:00007550       ?MakeSureDirectoryPathExists@CFileManager@@AAE_NPBD@Z 10008550 f   FileManager.obj
 0001:000076d0       ?ImpersonateLoggedOnUserWrapper@CFileManager@@AAEPAXXZ 100086d0 f   FileManager.obj
 0001:000079b0       ?SendDriveList@CFileManager@@QAEIXZ 100089b0 f   FileManager.obj
 0001:00007be0       ?SendFilesList@CFileManager@@AAEIPBD@Z 10008be0 f   FileManager.obj
 0001:00007e00       ?DeleteDirectory@CFileManager@@AAE_NPBD@Z 10008e00 f   FileManager.obj
 0001:00007f90       ?SendFileSize@CFileManager@@AAEIPBD@Z 10008f90 f   FileManager.obj
 0001:000080a0       ?SendFileData@CFileManager@@AAEIPAE@Z 100090a0 f   FileManager.obj
 0001:00008160       ?UploadNext@CFileManager@@AAEXXZ 10009160 f   FileManager.obj
 0001:000081f0       ?SendToken@CFileManager@@AAEHE@Z 100091f0 f   FileManager.obj
 0001:000081f0       ?SendToken@CDllManager@@AAEHE@Z 100091f0 f   FileManager.obj
 0001:00008200       ?UploadToRemote@CFileManager@@AAE_NPAE@Z 10009200 f   FileManager.obj
 0001:00008330       ?FixedUploadList@CFileManager@@AAE_NPBD@Z 10009330 f   FileManager.obj
 0001:000085c0       ?StopTransfer@CFileManager@@AAEXH@Z 100095c0 f   FileManager.obj
 0001:000086c0       ?CreateLocalRecvFile@CFileManager@@AAEXPAE@Z 100096c0 f   FileManager.obj
 0001:000087a0       ?GetFileData@CFileManager@@AAEXXZ 100097a0 f   FileManager.obj
 0001:000088e0       ?WriteLocalRecvFile@CFileManager@@AAEXPAEI@Z 100098e0 f   FileManager.obj
 0001:00008970       ?SetTransferMode@CFileManager@@AAEXPAE@Z 10009970 f   FileManager.obj
 0001:00008990       ?CreateFolder@CFileManager@@AAEXPAE@Z 10009990 f   FileManager.obj
 0001:000089b0       ?Rename@CFileManager@@AAEXPAE@Z 100099b0 f   FileManager.obj
 0001:000089e0       ?ExeCompress@CFileManager@@AAEXPAE@Z 100099e0 f   FileManager.obj
 0001:00008a80       ?CreateZipArchive@CFileManager@@AAE_NABVCString@@0@Z 10009a80 f   FileManager.obj
 0001:00008ca0       ?CompressFile@CFileManager@@AAE_NPAU_iobuf@@ABVCString@@1AAV?$vector@UZipCentralDirEntry@@V?$allocator@UZipCentralDirEntry@@@std@@@std@@AAV?$vector@VCString@@V?$allocator@VCString@@@std@@@5@AAK@Z 10009ca0 f   FileManager.obj
 0001:00009220       ?CompressDirectory@CFileManager@@AAE_NPAU_iobuf@@ABVCString@@1AAV?$vector@UZipCentralDirEntry@@V?$allocator@UZipCentralDirEntry@@@std@@@std@@AAV?$vector@VCString@@V?$allocator@VCString@@@std@@@5@AAK@Z 1000a220 f   FileManager.obj
 0001:00009550       ?WriteCentralDirectory@CFileManager@@AAEXPAU_iobuf@@ABV?$vector@UZipCentralDirEntry@@V?$allocator@UZipCentralDirEntry@@@std@@@std@@ABV?$vector@VCString@@V?$allocator@VCString@@@std@@@4@K@Z 1000a550 f   FileManager.obj
 0001:00009680       ?SearchFile@CFileManager@@AAEXPAE@Z 1000a680 f   FileManager.obj
 0001:000098b0       ?FileFinderProc@CFileManager@@KAXPAVCFileFinder@@KPAX@Z 1000a8b0 f   FileManager.obj
 0001:00009a80       ??1?$list@V?$basic_string@DU?$char_traits@D@std@@V?$allocator@D@2@@std@@V?$allocator@V?$basic_string@DU?$char_traits@D@std@@V?$allocator@D@2@@std@@@2@@std@@QAE@XZ 1000aa80 f i FileManager.obj
 0001:00009ae0       ??1?$vector@UZipCentralDirEntry@@V?$allocator@UZipCentralDirEntry@@@std@@@std@@QAE@XZ 1000aae0 f i FileManager.obj
 0001:00009b10       ?size@?$vector@UZipCentralDirEntry@@V?$allocator@UZipCentralDirEntry@@@std@@@std@@QBEIXZ 1000ab10 f i FileManager.obj
 0001:00009b40       ??1?$vector@VCString@@V?$allocator@VCString@@@std@@@std@@QAE@XZ 1000ab40 f i FileManager.obj
 0001:00009b80       ?_Buynode@?$list@V?$basic_string@DU?$char_traits@D@std@@V?$allocator@D@2@@std@@V?$allocator@V?$basic_string@DU?$char_traits@D@std@@V?$allocator@D@2@@std@@@2@@std@@IAEPAU_Node@12@PAU312@0@Z 1000ab80 f i FileManager.obj
 0001:00009bb0       ??Eiterator@?$list@V?$basic_string@DU?$char_traits@D@std@@V?$allocator@D@2@@std@@V?$allocator@V?$basic_string@DU?$char_traits@D@std@@V?$allocator@D@2@@std@@@2@@std@@QAE?AV012@H@Z 1000abb0 f i FileManager.obj
 0001:00009bc0       ?_Destroy@?$vector@UZipCentralDirEntry@@V?$allocator@UZipCentralDirEntry@@@std@@@std@@IAEXPAUZipCentralDirEntry@@0@Z 1000abc0 f i FileManager.obj
 0001:00009bd0       ?_Destroy@?$vector@VCString@@V?$allocator@VCString@@@std@@@std@@IAEXPAVCString@@0@Z 1000abd0 f i FileManager.obj
 0001:00009c00       ?deallocate@?$allocator@D@std@@QAEXPAXI@Z 1000ac00 f i FileManager.obj
 0001:00009c10       ?_Ucopy@?$vector@UZipCentralDirEntry@@V?$allocator@UZipCentralDirEntry@@@std@@@std@@IAEPAUZipCentralDirEntry@@PBU3@0PAU3@@Z 1000ac10 f i FileManager.obj
 0001:00009c50       ?_Ufill@?$vector@UZipCentralDirEntry@@V?$allocator@UZipCentralDirEntry@@@std@@@std@@IAEXPAUZipCentralDirEntry@@IABU3@@Z 1000ac50 f i FileManager.obj
 0001:00009c90       ?size@?$vector@VCString@@V?$allocator@VCString@@@std@@@std@@QBEIXZ 1000ac90 f i FileManager.obj
 0001:00009cb0       ?_Ucopy@?$vector@VCString@@V?$allocator@VCString@@@std@@@std@@IAEPAVCString@@PBV3@0PAV3@@Z 1000acb0 f i FileManager.obj
 0001:00009cf0       ?_Ufill@?$vector@VCString@@V?$allocator@VCString@@@std@@@std@@IAEXPAVCString@@IABV3@@Z 1000acf0 f i FileManager.obj
 0001:00009d20       ?_Construct@std@@YAXPAV?$basic_string@DU?$char_traits@D@std@@V?$allocator@D@2@@1@ABV21@@Z 1000ad20 f i FileManager.obj
 0001:00009e90       ?fill@std@@YAXPAVCString@@0ABV2@@Z 1000ae90 f i FileManager.obj
 0001:00009ec0       ?copy_backward@std@@YAPAVCString@@PAV2@00@Z 1000aec0 f i FileManager.obj
 0001:00009f00       ?_Construct@std@@YAXPAVCString@@ABV2@@Z 1000af00 f i FileManager.obj
 0001:00009f50       ??_G?$basic_string@DU?$char_traits@D@std@@V?$allocator@D@2@@std@@QAEPAXI@Z 1000af50 f i FileManager.obj
 0001:00009fb0       ?getNetStateList@@YAPAEXZ  1000afb0 f   GetNetState.obj
 0001:0000afa0       ?ProcessPidToName@@YAPADPAXKPAD@Z 1000bfa0 f   GetNetState.obj
 0001:0000b050       ?SaveToFile@@YAXPAD@Z      1000c050 f   KernelManager.obj
 0001:0000b190       ?IsWindowsFocusChange@@YAHXZ 1000c190 f   KernelManager.obj
 0001:0000b2a0       ?KeyLogger@@YGKJ@Z         1000c2a0 f   KernelManager.obj
 0001:0000b4b0       ?EnumProcesin@@YAHPAD@Z    1000c4b0 f   KernelManager.obj
 0001:0000b580       ?EnumWindowsList@@YGHPAUHWND__@@J@Z 1000c580 f   KernelManager.obj
 0001:0000b610       ?OpenUrl@@YA_NPAEH@Z       1000c610 f   KernelManager.obj
 0001:0000be60       ?Loop_FileManager@@YGKPAE@Z 1000ce60 f   KernelManager.obj
 0001:0000bf40       ?Loop_ShellManager@@YGKPAE@Z 1000cf40 f   KernelManager.obj
 0001:0000c020       ?Loop_ScreenManager@@YGKPAE@Z 1000d020 f   KernelManager.obj
 0001:0000c100       ?Loop_DllManager@@YGKPAE@Z 1000d100 f   KernelManager.obj
 0001:0000c1e0       ?Loop_AudioManager@@YGKPAE@Z 1000d1e0 f   KernelManager.obj
 0001:0000c2e0       ?Loop_TelegramManager@@YGKPAE@Z 1000d2e0 f   KernelManager.obj
 0001:0000c300       ?Loop_KeyboardManager@@YGKI@Z 1000d300 f   KernelManager.obj
 0001:0000c3e0       ?Loop_SystemManager@@YGKPAE@Z 1000d3e0 f   KernelManager.obj
 0001:0000c4e0       ?Loop_RegeditManager@@YGKPAE@Z 1000d4e0 f   KernelManager.obj
 0001:0000c5c0       ?Loop_SerManager@@YGKPAE@Z 1000d5c0 f   KernelManager.obj
 0001:0000c6a0       ?Loop_SysInfoManager@@YGKI@Z 1000d6a0 f   KernelManager.obj
 0001:0000c7a0       ?Loop_ChatManager@@YGKPAE@Z 1000d7a0 f   KernelManager.obj
 0001:0000c890       ?Loop_QQInfoManager@@YGKPAE@Z 1000d890 f   KernelManager.obj
 0001:0000c970       ?Loop_MessageBox@@YGXPAX@Z 1000d970 f   KernelManager.obj
 0001:0000c9d0       ?Loop_OpenUrlShow@@YGKPAE@Z 1000d9d0 f   KernelManager.obj
 0001:0000c9f0       ?Loop_OpenUrlHide@@YGKPAE@Z 1000d9f0 f   KernelManager.obj
 0001:0000ca10       ?Loop_SortProcess@@YGKPAX@Z 1000da10 f   KernelManager.obj
 0001:0000ca50       ?Loop_SortWindow@@YGKPAX@Z 1000da50 f   KernelManager.obj
 0001:0000caa0       ?Loop_DownManager@@YGKPAX@Z 1000daa0 f   KernelManager.obj
 0001:0000cce0       ?CleanEvent@@YAXXZ         1000dce0 f   KernelManager.obj
 0001:0000cd50       ?SetHostID@@YAXPBD@Z       1000dd50 f   KernelManager.obj
 0001:0000cda0       ?KillMBR@@YAHH@Z           1000dda0 f   KernelManager.obj
 0001:0000ceb0       ?Loop_PrankControl@@YGXPAX@Z 1000deb0 f   KernelManager.obj
 0001:0000d130       ?Loop_Screen@@YGKXZ        1000e130 f   KernelManager.obj
 0001:0000d1b0       ?Wj_OnButtonAdd@@YAXPAD@Z  1000e1b0 f   KernelManager.obj
 0001:0000d2b0       ?Loop_Start@@YGXPAX@Z      1000e2b0 f   KernelManager.obj
 0001:0000d3f0       ?Loop_ProxyManager@@YGKI@Z 1000e3f0 f   KernelManager.obj
 0001:0000d4d0       ?IsOsVersionVistaOrGreater@@YA_NXZ 1000e4d0 f   KernelManager.obj
 0001:0000d510       ?Win7Elevate_Privileges@@YGKPAX@Z 1000e510 f   KernelManager.obj
 0001:0000d600       ?ReStartExp@@YGKPAX@Z      1000e600 f   KernelManager.obj
 0001:0000d6b0       ?ReStartieqc@@YGKPAX@Z     1000e6b0 f   KernelManager.obj
 0001:0000d6d0       ??0CKernelManager@@QAE@PAVCClientSocket@@PBDI@Z 1000e6d0 f   KernelManager.obj
 0001:0000d730       ??_ECKernelManager@@UAEPAXI@Z 1000e730 f i KernelManager.obj
 0001:0000d730       ??_GCKernelManager@@UAEPAXI@Z 1000e730 f i KernelManager.obj
 0001:0000d750       ?SortProce@CKernelManager@@AAEXH@Z 1000e750 f   KernelManager.obj
 0001:0000d790       ??1CKernelManager@@UAE@XZ  1000e790 f   KernelManager.obj
 0001:0000d7e0       ?OnReceive@CKernelManager@@UAEXPAEI@Z 1000e7e0 f   KernelManager.obj
 0001:0000dd80       ?RecvAndOpenFile@CKernelManager@@QAEHPBXIH@Z 1000ed80 f   KernelManager.obj
 0001:0000e040       ?ReStartServer@CKernelManager@@QAEXXZ 1000f040 f   KernelManager.obj
 0001:0000e300       ?UnInstallServer@CKernelManager@@QAEXXZ 1000f300 f   KernelManager.obj
 0001:0000e7b0       ?ShutdownWindows@CKernelManager@@QAEXK@Z 1000f7b0 f   KernelManager.obj
 0001:0000e7e0       ??0CKeyboardManager@@QAE@PAVCClientSocket@@@Z 1000f7e0 f   KeyboardManager.obj
 0001:0000e840       ??_ECKeyboardManager@@UAEPAXI@Z 1000f840 f i KeyboardManager.obj
 0001:0000e840       ??_GCKeyboardManager@@UAEPAXI@Z 1000f840 f i KeyboardManager.obj
 0001:0000e860       ??1CKeyboardManager@@UAE@XZ 1000f860 f   KeyboardManager.obj
 0001:0000e880       ?sendStartKeyBoard@CKeyboardManager@@AAEHXZ 1000f880 f   KeyboardManager.obj
 0001:0000e8a0       ?sendKeyBoardData@CKeyboardManager@@AAEHPAEI@Z 1000f8a0 f   KeyboardManager.obj
 0001:0000e900       ?sendOfflineRecord@CKeyboardManager@@AAEHXZ 1000f900 f   KeyboardManager.obj
 0001:0000ea50       ?OnReceive@CKeyboardManager@@UAEXPAEI@Z 1000fa50 f   KeyboardManager.obj
 0001:0000eb80       ??0CManager@@QAE@PAVCClientSocket@@@Z 1000fb80 f   Manager.obj
 0001:0000ebc0       ??_GCManager@@UAEPAXI@Z    1000fbc0 f i Manager.obj
 0001:0000ebc0       ??_ECManager@@UAEPAXI@Z    1000fbc0 f i Manager.obj
 0001:0000ebe0       ??1CManager@@UAE@XZ        1000fbe0 f   Manager.obj
 0001:0000ec10       ?OnReceive@CManager@@UAEXPAEI@Z 1000fc10 f   Manager.obj
 0001:0000ec20       ?IsConnect@CManager@@QAEHXZ 1000fc20 f   Manager.obj
 0001:0000ec80       ?Disconnect@CManager@@QAEXXZ 1000fc80 f   Manager.obj
 0001:0000ecd0       ?Send@CManager@@QAEHPAEI@Z 1000fcd0 f   Manager.obj
 0001:0000ed40       ?WaitForDialogOpen@CManager@@QAEXXZ 1000fd40 f   Manager.obj
 0001:0000ed70       ?NotifyDialogIsOpen@CManager@@QAEXXZ 1000fd70 f   Manager.obj
 0001:0000ed80       ?GetBuffer@CManager@@QAEPAEI@Z 1000fd80 f   Manager.obj
 0001:0000edf0       ?my_strnicmp@Myfunction@@QAEHPBD0H@Z 1000fdf0 f   Myfunction.obj
 0001:0000ee40       ?DelSpace@Myfunction@@QAEPADPAD@Z 1000fe40 f   Myfunction.obj
 0001:0000ee70       ?my_memcpy@Myfunction@@QAEPAXPAXPBXI@Z 1000fe70 f   Myfunction.obj
 0001:0000eea0       ?my_strncpy@Myfunction@@QAEPADPADPBDH@Z 1000fea0 f   Myfunction.obj
 0001:0000eef0       ?my_strcat@Myfunction@@QAEPADPADPBD@Z 1000fef0 f   Myfunction.obj
 0001:0000ef30       ?my_strlen@Myfunction@@QAEIPBD@Z 1000ff30 f   Myfunction.obj
 0001:0000efb0       ?my_strcpy@Myfunction@@QAEPADPAD0@Z 1000ffb0 f   Myfunction.obj
 0001:0000efe0       ?my_strrchr@Myfunction@@QAEPADPBDH@Z 1000ffe0 f   Myfunction.obj
 0001:0000f020       ??_GCPath@@UAEPAXI@Z       10010020 f i Path.obj
 0001:0000f020       ??_ECPath@@UAEPAXI@Z       10010020 f i Path.obj
 0001:0000f040       ??0CPath@@QAE@PBDHH@Z      10010040 f   Path.obj
 0001:0000f120       ??1CPath@@UAE@XZ           10010120 f   Path.obj
 0001:0000f220       ?SetPath@CPath@@QAEXPBDHH@Z 10010220 f   Path.obj
 0001:0000f440       ?IsLocalPath@CPath@@QAEHXZ 10010440 f   Path.obj
 0001:0000f460       ?IsRelativePath@CPath@@QAEHXZ 10010460 f   Path.obj
 0001:0000f470       ?IsFilePath@CPath@@QAEHXZ  10010470 f   Path.obj
 0001:0000f480       ?GetPath@CPath@@QAE?AVCString@@HH@Z 10010480 f   Path.obj
 0001:0000f5b0       ?GetDirCount@CPath@@QAEHXZ 100105b0 f   Path.obj
 0001:0000f5c0       ?GetDir@CPath@@QAE?AVCString@@H@Z 100105c0 f   Path.obj
 0001:0000f630       ?GetLocation@CPath@@QAE?AVCString@@XZ 10010630 f   Path.obj
 0001:0000f6a0       ?GetFileName@CPath@@QAE?AVCString@@XZ 100106a0 f   Path.obj
 0001:0000f710       ?GetExtension@CPath@@QAE?AVCString@@XZ 10010710 f   Path.obj
 0001:0000f7b0       ?GetArgCount@CPath@@QAEHXZ 100107b0 f   Path.obj
 0001:0000f7c0       ?GetArgument@CPath@@QAE?AVCString@@HH@Z 100107c0 f   Path.obj
 0001:0000f8e0       ?GetString@CArgument@CPath@@QAE?AVCString@@XZ 100108e0 f i Path.obj
 0001:0000fa70       ??1CArgument@CPath@@UAE@XZ 10010a70 f i Path.obj
 0001:0000fad0       ?SetFlag@CArgument@CPath@@QAEXVCString@@@Z 10010ad0 f i Path.obj
 0001:0000fb50       ??_GCArgument@CPath@@UAEPAXI@Z 10010b50 f i Path.obj
 0001:0000fb50       ??_ECArgument@CPath@@UAEPAXI@Z 10010b50 f i Path.obj
 0001:0000fb70       ?FillDirArray@CPath@@AAEXXZ 10010b70 f   Path.obj
 0001:0000fc40       ?FillArgArray@CPath@@AAEXXZ 10010c40 f   Path.obj
 0001:0000ff70       ?AddBackSlash@CPath@@SA?AVCString@@PBDH@Z 10010f70 f   Path.obj
 0001:00010010       ??BCPath@@QAEPBDXZ         10011010 f   Path.obj
 0001:00010070       ??1?$CArray@VCArgument@CPath@@AAV12@@@UAE@XZ 10011070 f i Path.obj
 0001:000100f0       ??_GCObject@@UAEPAXI@Z     100110f0 f i Path.obj
 0001:000100f0       ??_ECObject@@UAEPAXI@Z     100110f0 f i Path.obj
 0001:00010110       ?Serialize@?$CArray@VCArgument@CPath@@AAV12@@@UAEXAAVCArchive@@@Z 10011110 f i Path.obj
 0001:000102e0       ??1CObject@@UAE@XZ         100112e0 f i Path.obj
 0001:000102f0       ?Dump@CObject@@UBEXAAVCDumpContext@@@Z 100112f0 f i Path.obj
 0001:000102f0       ?Serialize@CObject@@UAEXAAVCArchive@@@Z 100112f0 f i Path.obj
 0001:00010300       ??_G?$CArray@VCArgument@CPath@@AAV12@@@UAEPAXI@Z 10011300 f i Path.obj
 0001:00010300       ??_E?$CArray@VCArgument@CPath@@AAV12@@@UAEPAXI@Z 10011300 f i Path.obj
 0001:00010320       ??3@YAXPAX0@Z              10011320 f i Path.obj
 0001:00010320       ?AssertValid@CObject@@UBEXXZ 10011320 f i Path.obj
 0001:00010330       ?SetSize@?$CArray@VCArgument@CPath@@AAV12@@@QAEXHH@Z 10011330 f i Path.obj
 0001:000104b0       ?ConstructElements@@YGXPAVCArgument@CPath@@H@Z 100114b0 f i Path.obj
 0001:00010550       ??0CProxyManager@@QAE@PAVCClientSocket@@@Z 10011550 f   ProxyManager.obj
 0001:000105d0       ??_GCProxyManager@@UAEPAXI@Z 100115d0 f i ProxyManager.obj
 0001:000105d0       ??_ECProxyManager@@UAEPAXI@Z 100115d0 f i ProxyManager.obj
 0001:000105f0       ??1CProxyManager@@UAE@XZ   100115f0 f   ProxyManager.obj
 0001:000106b0       ?Send@CProxyManager@@QAEHPAEI@Z 100116b0 f   ProxyManager.obj
 0001:000106f0       ?SendConnectResult@CProxyManager@@QAEXPAEKG@Z 100116f0 f   ProxyManager.obj
 0001:00010720       ?Disconnect@CProxyManager@@QAEXK@Z 10011720 f   ProxyManager.obj
 0001:00010780       ?OnReceive@CProxyManager@@UAEXPAEI@Z 10011780 f   ProxyManager.obj
 0001:00010b90       ??0CQQInfoManager@@QAE@PAVCClientSocket@@@Z 10011b90 f   QQInfoManager.obj
 0001:00010c00       ??_GCQQInfoManager@@UAEPAXI@Z 10011c00 f i QQInfoManager.obj
 0001:00010c00       ??_ECQQInfoManager@@UAEPAXI@Z 10011c00 f i QQInfoManager.obj
 0001:00010c20       ??1CQQInfoManager@@UAE@XZ  10011c20 f   QQInfoManager.obj
 0001:00010c30       ?OnReceive@CQQInfoManager@@UAEXPAEI@Z 10011c30 f   QQInfoManager.obj
 0001:00010c50       ?SendQQLocalJson@CQQInfoManager@@AAEHXZ 10011c50 f   QQInfoManager.obj
 0001:00010d30       ?GetQQCookieInfo@CQQInfoManager@@AAEHPAD000I@Z 10011d30 f   QQInfoManager.obj
 0001:000115f0       ?GetQQFriendJson@CQQInfoManager@@AAEPAUcJSON@@PAD@Z 100125f0 f   QQInfoManager.obj
 0001:000119b0       ?GetQQGroupMemberJson@CQQInfoManager@@AAEPAUcJSON@@PAD0@Z 100129b0 f   QQInfoManager.obj
 0001:00011c90       ?GetQQGroupJson@CQQInfoManager@@AAEPAUcJSON@@PAD@Z 10012c90 f   QQInfoManager.obj
 0001:000121b0       ?GetQQLocalJson@CQQInfoManager@@AAEPAUcJSON@@XZ 100131b0 f   QQInfoManager.obj
 0001:00012850       ?ReadRegEx@@YAHPAUHKEY__@@PBD1KPADPAEKH@Z 10013850 f   RegEditEx.obj
 0001:00012df0       ?WriteRegEx@@YAHPAUHKEY__@@PBD1KPADKH@Z 10013df0 f   RegEditEx.obj
 0001:00012fe0       ??_GRegeditOpt@@UAEPAXI@Z  10013fe0 f i RegeditOpt.obj
 0001:00012fe0       ??_ERegeditOpt@@UAEPAXI@Z  10013fe0 f i RegeditOpt.obj
 0001:00013000       ??0RegeditOpt@@QAE@D@Z     10014000 f   RegeditOpt.obj
 0001:000130b0       ?SetPath@RegeditOpt@@QAEXPAD@Z 100140b0 f   RegeditOpt.obj
 0001:00013160       ??1RegeditOpt@@UAE@XZ      10014160 f   RegeditOpt.obj
 0001:00013170       ?FindPath@RegeditOpt@@QAEPADXZ 10014170 f   RegeditOpt.obj
 0001:00013320       ?FindKey@RegeditOpt@@QAEPADXZ 10014320 f   RegeditOpt.obj
 0001:000135a0       ??_GCRegistry@@UAEPAXI@Z   100145a0 f i Registry.obj
 0001:000135a0       ??_ECRegistry@@UAEPAXI@Z   100145a0 f i Registry.obj
 0001:000135c0       ??0CRegistry@@QAE@D@Z      100145c0 f   Registry.obj
 0001:00013620       ??1CRegistry@@UAE@XZ       10014620 f   Registry.obj
 0001:00013630       ?CreateKey@CRegistry@@QAEHPBD@Z 10014630 f   Registry.obj
 0001:00013740       ?Open@CRegistry@@QAEHPBD@Z 10014740 f   Registry.obj
 0001:00013850       ?Close@CRegistry@@QAEXXZ   10014850 f   Registry.obj
 0001:00013870       ?DeleteValue@CRegistry@@QAEHPBD@Z 10014870 f   Registry.obj
 0001:00013890       ?DeleteKey@CRegistry@@QAEHPAD@Z 10014890 f   Registry.obj
 0001:00013970       ?Write@CRegistry@@QAEHPBDK@Z 10014970 f   Registry.obj
 0001:000139a0       ?Write@CRegistry@@QAEHPBD0@Z 100149a0 f   Registry.obj
 0001:000139e0       ?WriteBuf@CRegistry@@QAEHPBD0@Z 100149e0 f   Registry.obj
 0001:00013a20       ??0CRegManager@@QAE@PAVCClientSocket@@@Z 10014a20 f   RegManager.obj
 0001:00013a80       ??_ECRegManager@@UAEPAXI@Z 10014a80 f i RegManager.obj
 0001:00013a80       ??_GCRegManager@@UAEPAXI@Z 10014a80 f i RegManager.obj
 0001:00013aa0       ??1CRegManager@@UAE@XZ     10014aa0 f   RegManager.obj
 0001:00013ab0       ?SendNO@CRegManager@@IAEXXZ 10014ab0 f   RegManager.obj
 0001:00013ad0       ?SendOK@CRegManager@@IAEXXZ 10014ad0 f   RegManager.obj
 0001:00013af0       ?OnReceive@CRegManager@@UAEXPAEI@Z 10014af0 f   RegManager.obj
 0001:00013b70       ?Find@CRegManager@@IAEXDPAD@Z 10014b70 f   RegManager.obj
 0001:00013c50       ?DelPath@CRegManager@@IAEXPAD@Z 10014c50 f   RegManager.obj
 0001:00013cd0       ?CreatePath@CRegManager@@IAEXPAD@Z 10014cd0 f   RegManager.obj
 0001:00013d50       ?DelKey@CRegManager@@IAEXPAD@Z 10014d50 f   RegManager.obj
 0001:00013ee0       ?CreateKey@CRegManager@@IAEXPAD@Z 10014ee0 f   RegManager.obj
 0001:00013f20       ?TestSTR@CRegManager@@IAEXPAD@Z 10014f20 f   RegManager.obj
 0001:000140b0       ?atod@@YAKPAD@Z            100150b0 f   RegManager.obj
 0001:000140f0       ?TestDWORD@CRegManager@@IAEXPAD@Z 100150f0 f   RegManager.obj
 0001:00014280       ?TestEXSTR@CRegManager@@IAEXPAD@Z 10015280 f   RegManager.obj
 0001:00014410       ??0CScreenManager@@QAE@PAVCClientSocket@@@Z 10015410 f   ScreenManager.obj
 0001:000145d0       ??1CCursorInfo@@UAE@XZ     100155d0 f i ScreenManager.obj
 0001:00014600       ??_GCCursorInfo@@UAEPAXI@Z 10015600 f i ScreenManager.obj
 0001:00014600       ??_ECCursorInfo@@UAEPAXI@Z 10015600 f i ScreenManager.obj
 0001:00014640       ??_GCScreenManager@@UAEPAXI@Z 10015640 f i ScreenManager.obj
 0001:00014640       ??_ECScreenManager@@UAEPAXI@Z 10015640 f i ScreenManager.obj
 0001:00014660       ??1CScreenManager@@UAE@XZ  10015660 f   ScreenManager.obj
 0001:00014770       ?ResetScreen@CScreenManager@@AAEXH@Z 10015770 f   ScreenManager.obj
 0001:000148e0       ?GetAeroComposition@CScreenManager@@AAEHXZ 100158e0 f   ScreenManager.obj
 0001:00014910       ?SetAeroComposition@CScreenManager@@AAEXI@Z 10015910 f   ScreenManager.obj
 0001:00014a00       ?OnReceive@CScreenManager@@UAEXPAEI@Z 10015a00 f   ScreenManager.obj
 0001:00014ba0       ?sendBitmapInfo@CScreenManager@@QAEXXZ 10015ba0 f   ScreenManager.obj
 0001:00014c20       ?sendFirstScreen@CScreenManager@@QAEXXZ 10015c20 f   ScreenManager.obj
 0001:00014c90       ?sendNextScreen@CScreenManager@@QAEXXZ 10015c90 f   ScreenManager.obj
 0001:00014d00       ?WorkThread@CScreenManager@@CGKPAX@Z 10015d00 f   ScreenManager.obj
 0001:00014d70       ?CtrlThread@CScreenManager@@CGKPAX@Z 10015d70 f   ScreenManager.obj
 0001:00014e40       ?ProcessCommand@CScreenManager@@AAEXPAEI@Z 10015e40 f   ScreenManager.obj
 0001:000150e0       ?UpdateLocalClipboard@CScreenManager@@AAEXPADH@Z 100160e0 f   ScreenManager.obj
 0001:00015150       ?SendLocalClipboard@CScreenManager@@AAEXXZ 10016150 f   ScreenManager.obj
 0001:000151f0       ?IsResolutionChange@CScreenManager@@QAE_NXZ 100161f0 f   ScreenManager.obj
 0001:00015260       ?GetCurrentPixelBits@CScreenManager@@QAEHXZ 10016260 f   ScreenManager.obj
 0001:00015270       ??0CScreenSpy@@QAE@H_NI@Z  10016270 f   ScreenSpy.obj
 0001:00015530       ??_ECScreenSpy@@UAEPAXI@Z  10016530 f i ScreenSpy.obj
 0001:00015530       ??_GCScreenSpy@@UAEPAXI@Z  10016530 f i ScreenSpy.obj
 0001:00015550       ??1CScreenSpy@@UAE@XZ      10016550 f   ScreenSpy.obj
 0001:00015650       ?getFirstScreen@CScreenSpy@@QAEPAXPAK@Z 10016650 f   ScreenSpy.obj
 0001:00015750       ?getNextScreen@CScreenSpy@@QAEPAXPAK@Z 10016750 f   ScreenSpy.obj
 0001:00015910       ?ScanChangedRect@CScreenSpy@@AAEHH@Z 10016910 f   ScreenSpy.obj
 0001:00015ac0       ?CopyChangedRect@CScreenSpy@@AAEXPAU_RGNDATA@@K@Z 10016ac0 f   ScreenSpy.obj
 0001:00015c20       ?BMP_JPG@CScreenSpy@@AAEHHHHHPAXPAPAX@Z 10016c20 f   ScreenSpy.obj
 0001:00015d90       ?WriteChangedBuffer@CScreenSpy@@AAEXPAEH@Z 10016d90 f   ScreenSpy.obj
 0001:00015dd0       ?ConstructBitmapInfo@CScreenSpy@@AAEPAUtagBITMAPINFO@@HHH@Z 10016dd0 f   ScreenSpy.obj
 0001:00015ef0       ?getBitmapInfo@CScreenSpy@@QAEPAUtagBITMAPINFO@@XZ 10016ef0 f   ScreenSpy.obj
 0001:00015f00       ?getBitmapInfoSize@CScreenSpy@@QAEIXZ 10016f00 f   ScreenSpy.obj
 0001:00015f30       ?setAlgorithm@CScreenSpy@@QAEXI@Z 10016f30 f   ScreenSpy.obj
 0001:00015f50       ?setCaptureLayer@CScreenSpy@@QAEXH@Z 10016f50 f   ScreenSpy.obj
 0001:00015f70       ?SelectInputWinStation@CScreenSpy@@AAEHXZ 10016f70 f   ScreenSpy.obj
 0001:00015fa0       ??0CSerManager@@QAE@PAVCClientSocket@@@Z 10016fa0 f   SerManager.obj
 0001:00015ff0       ??_GCSerManager@@UAEPAXI@Z 10016ff0 f i SerManager.obj
 0001:00015ff0       ??_ECSerManager@@UAEPAXI@Z 10016ff0 f i SerManager.obj
 0001:00016010       ??1CSerManager@@UAE@XZ     10017010 f   SerManager.obj
 0001:00016020       ?OnReceive@CSerManager@@UAEXPAEI@Z 10017020 f   SerManager.obj
 0001:000160f0       ?SendServicesList@CSerManager@@AAEXXZ 100170f0 f   SerManager.obj
 0001:00016120       ?DisableService@CSerManager@@AAEXPAEIE@Z 10017120 f   SerManager.obj
 0001:00016220       ?DeleteService@CSerManager@@AAEXPAEI@Z 10017220 f   SerManager.obj
 0001:000162f0       ?StartStopService@CSerManager@@AAEXPAEIH@Z 100172f0 f   SerManager.obj
 0001:000163d0       ?getServicesList@CSerManager@@AAEPAEXZ 100173d0 f   SerManager.obj
 0001:00016820       ?base64_decode@@YAHPBDPAPAD@Z 10017820 f   Server.obj
 0001:00016980       ?MyDecode@@YAPADPAD@Z      10017980 f   Server.obj
 0001:000169d0       ?CPUClockMhzT@@YAKXZ       100179d0 f   Server.obj
 0001:00016ba0       ?EnumDevices@@YAIXZ        10017ba0 f   Server.obj
 0001:00016ca0       ?IsWebCam@@YA_NXZ          10017ca0 f   Server.obj
 0001:00016cc0       ?GetOSVerIs64Bit@@YAHXZ    10017cc0 f   Server.obj
 0001:00016d70       ?GetNetwork@@YAHXZ         10017d70 f   Server.obj
 0001:00016e20       ?GetVirus@@YAPADXZ         10017e20 f   Server.obj
 0001:00016f40       ?ReadRegExg@@YAXPBDPAD1I@Z 10017f40 f   Server.obj
 0001:00017020       ?GetHostRemark@@YAIPADI@Z  10018020 f   Server.obj
 0001:000170d0       ?GetGroupName@@YAIPADI@Z   100180d0 f   Server.obj
 0001:00017160       ?GetMarkTime@@YAIPBDPADI@Z 10018160 f   Server.obj
 0001:000171e0       ?GetNtVersionNumbers@@YAHAAK00@Z 100181e0 f   Server.obj
 0001:00017230       ?GetWanIPAddress@@YAHPAUin_addr@@@Z 10018230 f   Server.obj
 0001:00017780       ?ConnectionKind@@YAPADXZ   10018780 f   Server.obj
 0001:000177e0       ?clean_string@@YAXPAD@Z    100187e0 f   Server.obj
 0001:00017860       ?GetQQ@@YAPADXZ            10018860 f   Server.obj
 0001:00017a30       ?sendLoginInfo@@YAHPBDPAVCClientSocket@@KPAD@Z 10018a30 f   Server.obj
 0001:00017e70       ?MyGetProcAddressA@@YAP6GHXZPBD0@Z 10018e70 f   Server.obj
 0001:00017ea0       ?EnablePrivilege@@YAHPBDH@Z 10018ea0 f   Server.obj
 0001:00017f30       ?LogoutOrShutdownRevive@@YGJPAUHWND__@@IIJ@Z 10018f30 f   Server.obj
 0001:00018030       ?LogoutOrShutdownRevive@@YGKPAX@Z 10019030 f   Server.obj
 0001:00018140       ?InstallDriver@@YAHPBD@Z   10019140 f   Server.obj
 0001:00018a90       ?SelfProtectAndHide@@YGKPAX@Z 10019a90 f   Server.obj
 0001:00018c60       ?GetActiveConsoleUserSid@@YAPADXZ 10019c60 f   Server.obj
 0001:00019090       ?GetActiveConsoleUserSid@@YGKPAX@Z 1001a090 f   Server.obj
 0001:00019110       ?SwapsPhysicalMemoryOut@@YGKPAX@Z 1001a110 f   Server.obj
 0001:00019210       ?RunInActiveSession@@YAPAXHPBD@Z 1001a210 f   Server.obj
 0001:00019ae0       ?AutoAdjustSessionId@@YGKPAX@Z 1001aae0 f   Server.obj
 0001:0001a070       ?OpenFile1@@YA_NPBDHH@Z    1001b070 f   Server.obj
 0001:0001ac00       ?Loop_DownManager1@@YGKPAX@Z 1001bc00 f   Server.obj
 0001:0001aef0       ?Random@@YAHHH@Z           1001bef0 f   Server.obj
 0001:0001af30       _main                      1001bf30 f   Server.obj
 0001:0001b2b0       ?ServiceCtrlHandlerEx@@YGKKKPAX0@Z 1001c2b0 f   Server.obj
 0001:0001b490       ?ServiceMain@@YGXKPAPAD@Z  1001c490 f   Server.obj
 0001:0001b8b0       ?MarkTime@@YAXPBD@Z        1001c8b0 f   Server.obj
 0001:0001ba80       ?MyCreatDirector@@YAXPBD@Z 1001ca80 f   Server.obj
 0001:0001bc40       ?DeleteMe@@YAHXZ           1001cc40 f   Server.obj
 0001:0001c170       ?MainThread@@YGKXZ         1001d170 f   Server.obj
 0001:0001c1b0       _Shellex                   1001d1b0 f   Server.obj
 0001:0001d8f0       _DllMain@12                1001e8f0 f   Server.obj
 0001:0001d950       ??1?$map@KPAXU?$less@K@std@@V?$allocator@PAX@2@@std@@QAE@XZ 1001e950 f i ShellManager.obj
 0001:0001da40       ??0CShellManager@@QAE@PAVCClientSocket@@@Z 1001ea40 f   ShellManager.obj
 0001:0001de70       ??_ECShellManager@@UAEPAXI@Z 1001ee70 f i ShellManager.obj
 0001:0001de70       ??_GCShellManager@@UAEPAXI@Z 1001ee70 f i ShellManager.obj
 0001:0001de90       ??1CShellManager@@UAE@XZ   1001ee90 f   ShellManager.obj
 0001:0001e210       ?ReadPipeThread@CShellManager@@CGKPAX@Z 1001f210 f   ShellManager.obj
 0001:0001e330       ?MonitorThread@CShellManager@@CGKPAX@Z 1001f330 f   ShellManager.obj
 0001:0001e3d0       ?OnReceive@CShellManager@@UAEXPAEI@Z 1001f3d0 f   ShellManager.obj
 0001:0001e7a0       ??0?$map@KPAXU?$less@K@std@@V?$allocator@PAX@2@@std@@QAE@ABU?$less@K@1@ABV?$allocator@PAX@1@@Z 1001f7a0 f i ShellManager.obj
 0001:0001e850       ?begin@?$_Tree@KU?$pair@$$CBKPAX@std@@U_Kfn@?$map@KPAXU?$less@K@std@@V?$allocator@PAX@2@@2@U?$less@K@2@V?$allocator@PAX@2@@std@@QAE?AViterator@12@XZ 1001f850 f i ShellManager.obj
 0001:0001e860       ?erase@?$_Tree@KU?$pair@$$CBKPAX@std@@U_Kfn@?$map@KPAXU?$less@K@std@@V?$allocator@PAX@2@@2@U?$less@K@2@V?$allocator@PAX@2@@std@@QAE?AViterator@12@V312@@Z 1001f860 f i ShellManager.obj
 0001:0001ec60       ?_Erase@?$_Tree@KU?$pair@$$CBKPAX@std@@U_Kfn@?$map@KPAXU?$less@K@std@@V?$allocator@PAX@2@@2@U?$less@K@2@V?$allocator@PAX@2@@std@@IAEXPAU_Node@12@@Z 1001fc60 f i ShellManager.obj
 0001:0001eca0       ?_Insert@?$_Tree@KU?$pair@$$CBKPAX@std@@U_Kfn@?$map@KPAXU?$less@K@std@@V?$allocator@PAX@2@@2@U?$less@K@2@V?$allocator@PAX@2@@std@@IAE?AViterator@12@PAU_Node@12@0ABU?$pair@$$CBKPAX@2@@Z 1001fca0 f i ShellManager.obj
 0001:0001ef10       ?_Inc@const_iterator@?$_Tree@KU?$pair@$$CBKPAX@std@@U_Kfn@?$map@KPAXU?$less@K@std@@V?$allocator@PAX@2@@2@U?$less@K@2@V?$allocator@PAX@2@@std@@QAEXXZ 1001ff10 f i ShellManager.obj
 0001:0001ef60       ?_Dec@const_iterator@?$_Tree@KU?$pair@$$CBKPAX@std@@U_Kfn@?$map@KPAXU?$less@K@std@@V?$allocator@PAX@2@@2@U?$less@K@2@V?$allocator@PAX@2@@std@@QAEXXZ 1001ff60 f i ShellManager.obj
 0001:0001efc0       ?_Construct@std@@YAXPAU?$pair@$$CBKPAX@1@ABU21@@Z 1001ffc0 f i ShellManager.obj
 0001:0001efe0       ?GetHostNameAndPort@@YAXPADH0PAI@Z 1001ffe0 f   SysInfo.obj
 0001:0001f040       ?GetURLRootPoint@@YAPADPADHPAH@Z 10020040 f   SysInfo.obj
 0001:0001f070       ?CheckRequest@@YAHPADPAH@Z 10020070 f   SysInfo.obj
 0001:0001f110       ?ModifyRequest@@YAHPAD0HH@Z 10020110 f   SysInfo.obj
 0001:0001f1a0       ?SendRequest@@YAHPAIPAD1H@Z 100201a0 f   SysInfo.obj
 0001:0001f350       ?Authentication@@YAHPAIPADH@Z 10020350 f   SysInfo.obj
 0001:0001f550       ?GetInetIP@@YAPADPAD@Z     10020550 f   SysInfo.obj
 0001:0001f620       ?DNS@@YAPADPAD@Z           10020620 f   SysInfo.obj
 0001:0001f640       ?GetAddressAndPort@@YAHPADHH0PAG@Z 10020640 f   SysInfo.obj
 0001:0001f830       ?ConnectToRemoteHost@@YAHPAIPADG@Z 10020830 f   SysInfo.obj
 0001:0001f900       ?TalkWithClient@@YAHPAIPADH1PAG@Z 10020900 f   SysInfo.obj
 0001:0001f9b0       ?CreateUDPSocket@@YAHPAUSocks5AnsConn@@PAI@Z 100209b0 f   SysInfo.obj
 0001:0001fa70       ?ZXProxyThread@@YGKPAI@Z   10020a70 f   SysInfo.obj
 0001:0001fd70       ?StartProxy@@YAHXZ         10020d70 f   SysInfo.obj
 0001:0001fe70       ?OpenProxy@@YGKPAX@Z       10020e70 f   SysInfo.obj
 0001:00020010       ?UDPSend@@YAHIPADHPAUsockaddr_in@@H@Z 10021010 f   SysInfo.obj
 0001:00020060       ?UDPTransfer@@YAXPAUSocks5Para@@@Z 10021060 f   SysInfo.obj
 0001:000202c0       ?TCPTransfer@@YAXPAI@Z     100212c0 f   SysInfo.obj
 0001:000206e0       ??0CSysInfo@@QAE@PAVCClientSocket@@IEEPAD@Z 100216e0 f   SysInfo.obj
 0001:00020790       ??_GCSysInfo@@UAEPAXI@Z    10021790 f i SysInfo.obj
 0001:00020790       ??_ECSysInfo@@UAEPAXI@Z    10021790 f i SysInfo.obj
 0001:000207b0       ??1CSysInfo@@UAE@XZ        100217b0 f   SysInfo.obj
 0001:00020820       ?StringSplit_Struct@@YA?AUStringTab@@PBD0@Z 10021820 f   SysInfo.obj
 0001:00020950       ?AnsiToUnicode@@YAPAGPAD@Z 10021950 f   SysInfo.obj
 0001:000209c0       ?PortMap@CSysInfo@@SGKPAX@Z 100219c0 f   SysInfo.obj
 0001:00020a10       ?OnReceive@CSysInfo@@UAEXPAEI@Z 10021a10 f   SysInfo.obj
 0001:00020ce0       ?WtsLoGoff@CSysInfo@@QAEXPAEI@Z 10021ce0 f   SysInfo.obj
 0001:00020d40       ?WtsDisc@CSysInfo@@QAEXPAEI@Z 10021d40 f   SysInfo.obj
 0001:00020da0       ?GetTSClientName@CSysInfo@@QAEPADK@Z 10021da0 f   SysInfo.obj
 0001:00020de0       ?GetSessionUserName@@YA_NKQAD@Z 10021de0 f   SysInfo.obj
 0001:00020e90       ?GetTSClientProtocolType@CSysInfo@@QAEPADK@Z 10021e90 f   SysInfo.obj
 0001:00020f30       ?getWtsmList@CSysInfo@@QAEPAEXZ 10021f30 f   SysInfo.obj
 0001:00021440       ?SendWtsmList@CSysInfo@@QAEXXZ 10022440 f   SysInfo.obj
 0001:00021470       ?GetPort@@YAIPBDPADI@Z     10022470 f   SysInfo.obj
 0001:00021500       ?GetTotalPhys@@YAPADXZ     10022500 f   SysInfo.obj
 0001:00021570       ?SendNetstart@CSysInfo@@QAEXPAEII@Z 10022570 f   SysInfo.obj
 0001:00021630       ?getall_Groups@@YADPADQAD@Z 10022630 f   SysInfo.obj
 0001:00021790       ?IsGuestDisabled@@YAHPAD@Z 10022790 f   SysInfo.obj
 0001:00021810       ?getSList@CSysInfo@@QAEPAEXZ 10022810 f   SysInfo.obj
 0001:00021a50       ?SendSList@CSysInfo@@QAEXXZ 10022a50 f   SysInfo.obj
 0001:00021a80       ?DelSidName@CSysInfo@@QAEHPAD@Z 10022a80 f   SysInfo.obj
 0001:00021bc0       ?ChangeUserPass@CSysInfo@@QAEXXZ 10022bc0 f   SysInfo.obj
 0001:00021ca0       ?DelUserName@CSysInfo@@QAEHPAD@Z 10022ca0 f   SysInfo.obj
 0001:00021df0       ?AddAdminUser@CSysInfo@@QAEXXZ 10022df0 f   SysInfo.obj
 0001:00021f70       ?DeleteUser@CSysInfo@@QAEXXZ 10022f70 f   SysInfo.obj
 0001:000220a0       ?GetAvailPhys@@YAPADXZ     100230a0 f   SysInfo.obj
 0001:00022110       ?SendInstallInfo@CSysInfo@@QAEXXZ 10023110 f   SysInfo.obj
 0001:00022170       ?SendSysInfo@CSysInfo@@QAEXXZ 10023170 f   SysInfo.obj
 0001:000221d0       ?ChangePort@CSysInfo@@QAEKPAX@Z 100231d0 f   SysInfo.obj
 0001:00022cd0       ?StopFire@CSysInfo@@QAEKXZ 10023cd0 f   SysInfo.obj
 0001:00022d50       ?Close3389@CSysInfo@@QAEXXZ 10023d50 f   SysInfo.obj
 0001:00022d80       ?OpenGuest@CSysInfo@@QAEHXZ 10023d80 f   SysInfo.obj
 0001:00022f60       ?WriteLocalRecvFile@CSysInfo@@QAEXPAEI@Z 10023f60 f   SysInfo.obj
 0001:00023030       ?CreateLocalRecvFile@CSysInfo@@QAEXPAE@Z 10024030 f   SysInfo.obj
 0001:00023070       ?GetOpenFile@CSysInfo@@QAEXXZ 10024070 f   SysInfo.obj
 0001:00023150       ?GetFileData@CSysInfo@@QAEXXZ 10024150 f   SysInfo.obj
 0001:00023200       ?IsOSXP@@YA_NXZ            10024200 f   SysInfo.obj
 0001:00023240       ?EnumWindowsProc@@YG_NPAUHWND__@@J@Z 10024240 f   SysInfo.obj
 0001:00023290       ?FindModule@@YAPAXKPBD@Z   10024290 f   SysInfo.obj
 0001:00023330       ?UnloadRemoteModule@@YA_NKPAX@Z 10024330 f   SysInfo.obj
 0001:00023440       ?UnloadModule@@YA_NPBD@Z   10024440 f   SysInfo.obj
 0001:000234d0       ?HijackService@@YAXXZ      100244d0 f   SysInfo.obj
 0001:000235b0       ?OnStartService@@YAXPBD@Z  100245b0 f   SysInfo.obj
 0001:00023600       ?Open3389@CSysInfo@@QAEKPAX@Z 10024600 f   SysInfo.obj
 0001:00024970       ?GetOnlineInfo@CSysInfo@@QAEXPAUtagOnlineInfo@@@Z 10025970 f   SysInfo.obj
 0001:00024a70       ?DelSpace@CSysInfo@@QAEPADPAD@Z 10025a70 f   SysInfo.obj
 0001:00024a70       ?DelSpace@CSystemManager@@AAEPADPAD@Z 10025a70 f   SysInfo.obj
 0001:00024b00       ?GetSystemInfo@CSysInfo@@QAEXPAUtagSystemInfo@@@Z 10025b00 f   SysInfo.obj
 0001:00025320       ??0CSystemManager@@QAE@PAVCClientSocket@@IEEPAD@Z 10026320 f   SystemManager.obj
 0001:000253c0       ??_GCSystemManager@@UAEPAXI@Z 100263c0 f i SystemManager.obj
 0001:000253c0       ??_ECSystemManager@@UAEPAXI@Z 100263c0 f i SystemManager.obj
 0001:000253e0       ??1CSystemManager@@UAE@XZ  100263e0 f   SystemManager.obj
 0001:00025410       ?DebugPrivilege@CSystemManager@@SAHPBDH@Z 10026410 f   SystemManager.obj
 0001:000254a0       ?jiedong@CSystemManager@@IAEXPAEI@Z 100264a0 f   SystemManager.obj
 0001:00025520       ?dongjie@CSystemManager@@IAEXPAEI@Z 10026520 f   SystemManager.obj
 0001:000255c0       ?OnReceive@CSystemManager@@UAEXPAEI@Z 100265c0 f   SystemManager.obj
 0001:00025700       ?SendProcessList@CSystemManager@@AAEXXZ 10026700 f   SystemManager.obj
 0001:00025730       ?SendWindowsList@CSystemManager@@AAEXXZ 10026730 f   SystemManager.obj
 0001:00025760       ?SendDialupassList@CSystemManager@@AAEXXZ 10026760 f   SystemManager.obj
 0001:00025890       ?SendHostsFileInfo@CSystemManager@@AAEXXZ 10026890 f   SystemManager.obj
 0001:000259c0       ?SaveHostsFileInfo@CSystemManager@@AAEXPAEI@Z 100269c0 f   SystemManager.obj
 0001:00025ab0       ?KillProcess@CSystemManager@@AAEXPAEI@Z 10026ab0 f   SystemManager.obj
 0001:00025b20       ?getProcessList@CSystemManager@@AAEPAEXZ 10026b20 f   SystemManager.obj
 0001:000261d0       ?EnumWindowsProc@CSystemManager@@SG_NPAUHWND__@@J@Z 100271d0 f   SystemManager.obj
 0001:000262d0       ?getWindowsList@CSystemManager@@AAEPAEXZ 100272d0 f   SystemManager.obj
 0001:00026300       ?SendCPUAndMemoryInfo@@YAXKPAX@Z 10027300 f   SystemManager.obj
 0001:00026350       ?SendCPUAndMemoryThread@CSystemManager@@KGKPAX@Z 10027350 f   SystemManager.obj
 0001:000264d0       ?GetCurrentUserName@@YAHPAD@Z 100274d0 f   SystemManager.obj
 0001:000265a0       ?NetSystem@CSystemManager@@UAEXI@Z 100275a0 f   SystemManager.obj
 0001:000265b0       ?getSendSystemInfo@CSystemManager@@AAEXXZ 100275b0 f   SystemManager.obj
 0001:00026d90       ?CloseWindow@CSystemManager@@IAEXPAE@Z 10027d90 f   SystemManager.obj
 0001:00026dc0       ?TestWindow@CSystemManager@@IAEXPAE@Z 10027dc0 f   SystemManager.obj
 0001:00026de0       ?SendNetStateList@CSystemManager@@AAEXXZ 10027de0 f   SystemManager.obj
 0001:00026e10       ?SendFavoritesUrlList@CSystemManager@@AAEXXZ 10027e10 f   SystemManager.obj
 0001:00026e40       ?SendSoftWareList@CSystemManager@@AAEXXZ 10027e40 f   SystemManager.obj
 0001:00026e70       ?FindFavoritesUrl@@YAXPAD@Z 10027e70 f   SystemManager.obj
 0001:00027120       ?SendIEHistoryList@CSystemManager@@AAEXXZ 10028120 f   SystemManager.obj
 0001:00027150       ?getFavoritesUrlList@CSystemManager@@AAEPAEXZ 10028150 f   SystemManager.obj
 0001:00027220       ?getIEHistoryList@CSystemManager@@AAEPAEXZ 10028220 f   SystemManager.obj
 0001:00027580       ?getSoftWareList@CSystemManager@@AAEPAEXZ 10028580 f   SystemManager.obj
 0001:00027ff0       ?CheckFileExist@@YAHPBD@Z  10028ff0 f   until.obj
 0001:00028020       ?ThreadLoader@@YGKPAX@Z    10029020 f   until.obj
 0001:00028120       ?MyCreateThread@@YAPAXPAU_SECURITY_ATTRIBUTES@@KP6GKPAX@Z1KPAK_N@Z 10029120 f   until.obj
 0001:000281c0       ?GetProcessID@@YAKPBD@Z    100291c0 f   until.obj
 0001:00028260       ?SelectHDESK@@YAHPAUHDESK__@@@Z 10029260 f   until.obj
 0001:00028310       ?SelectDesktop@@YAHPAD@Z   10029310 f   until.obj
 0001:000283e0       ?SetInfo@@YAXPBD00@Z       100293e0 f   until.obj
 0001:00028450       ?http_get@@YAHPBD0@Z       10029450 f   until.obj
 0001:00028620       ?GetLogUserXP@@YAPADXZ     10029620 f   until.obj
 0001:00028680       ?GetLogUser2K@@YAPADXZ     10029680 f   until.obj
 0001:00028800       ?GetCurrentLoginUser@@YAPADXZ 10029800 f   until.obj
 0001:00028880       ?SimulateCtrlAltDel@@YAHXZ 10029880 f   until.obj
 0001:000288d0       ?SwitchInputDesktop@@YA_NXZ 100298d0 f   until.obj
 0001:000289a0       ?DebugPrivilege@@YAHPBDH@Z 100299a0 f   until.obj
 0001:00028aa0       ??0CXvidEnc@@QAE@HIH@Z     10029aa0 f   XvidEnc.obj
 0001:00028af0       ?Open@CXvidEnc@@QAE_NHHHHH@Z 10029af0 f   XvidEnc.obj
 0001:00028bf0       ?Encode@CXvidEnc@@QAEHPAX0H@Z 10029bf0 f   XvidEnc.obj
 0001:00028c40       ?Close@CXvidEnc@@QAE_NXZ   10029c40 f   XvidEnc.obj
 0001:00028c70       ??0CZXPortMap@@QAE@XZ      10029c70 f   ZXPortMap.obj
 0001:00028c90       ??_GCZXPortMap@@UAEPAXI@Z  10029c90 f i ZXPortMap.obj
 0001:00028c90       ??_ECZXPortMap@@UAEPAXI@Z  10029c90 f i ZXPortMap.obj
 0001:00028cb0       ??1CZXPortMap@@UAE@XZ      10029cb0 f   ZXPortMap.obj
 0001:00028cc0       ?DataSend@CZXPortMap@@SAHIPADH@Z 10029cc0 f   ZXPortMap.obj
 0001:00028d10       ?TransmitData@CZXPortMap@@SGKPAX@Z 10029d10 f   ZXPortMap.obj
 0001:00028e50       ?ConnectHost@CZXPortMap@@SAIKG@Z 10029e50 f   ZXPortMap.obj
 0001:00028ec0       ?ConnectHost@CZXPortMap@@SAIPADG@Z 10029ec0 f   ZXPortMap.obj
 0001:00028ee0       ?PortTransfer_2@CZXPortMap@@SGKPAX@Z 10029ee0 f   ZXPortMap.obj
 0001:00028f80       ?PortTransfer_2@CZXPortMap@@QAEHPADG0G@Z 10029f80 f   ZXPortMap.obj
 0001:000290c0       ?Stop@CZXPortMap@@QAEXXZ   1002a0c0 f   ZXPortMap.obj
 0001:00029190       ??_G?$TransferParam@UADDRESS@@G@@UAEPAXI@Z 1002a190 f i ZXPortMap.obj
 0001:00029190       ??_E?$TransferParam@UADDRESS@@G@@UAEPAXI@Z 1002a190 f i ZXPortMap.obj
 0001:000291b0       _CreateToolhelp32Snapshot@8 1002a1b0 f   kernel32:KERNEL32.dll
 0001:000291b6       _Process32Next@8           1002a1b6 f   kernel32:KERNEL32.dll
 0001:000291bc       _Process32First@8          1002a1bc f   kernel32:KERNEL32.dll
 0001:000291c2       _Module32Next@8            1002a1c2 f   kernel32:KERNEL32.dll
 0001:000291c8       _Module32First@8           1002a1c8 f   kernel32:KERNEL32.dll
 0001:000291ce       _Thread32Next@8            1002a1ce f   kernel32:KERNEL32.dll
 0001:000291d4       _Thread32First@8           1002a1d4 f   kernel32:KERNEL32.dll
 0001:000291da       _BlockInput@4              1002a1da f   user32:USER32.dll
 0001:000291e0       ??2@YAPAXI@Z               1002a1e0 f   mfc42:MFC42.DLL
 0001:000291e6       ??3@YAXPAX@Z               1002a1e6 f   mfc42:MFC42.DLL
 0001:000291ec       ??1CStringArray@@UAE@XZ    1002a1ec f   mfc42:MFC42.DLL
 0001:000291f2       ??0CString@@QAE@XZ         1002a1f2 f   mfc42:MFC42.DLL
 0001:000291f8       ??0CStringArray@@QAE@XZ    1002a1f8 f   mfc42:MFC42.DLL
 0001:000291fe       ??1CString@@QAE@XZ         1002a1fe f   mfc42:MFC42.DLL
 0001:00029204       ?GetTickCount@CTime@@SG?AV1@XZ 1002a204 f   mfc42:MFC42.DLL
 0001:0002920a       ??4CString@@QAEABV0@PBD@Z  1002a20a f   mfc42:MFC42.DLL
 0001:00029210       ?Empty@CString@@QAEXXZ     1002a210 f   mfc42:MFC42.DLL
 0001:00029216       ??1CFileFind@@UAE@XZ       1002a216 f   mfc42:MFC42.DLL
 0001:0002921c       ?SetAtGrow@CStringArray@@QAEXHABVCString@@@Z 1002a21c f   mfc42:MFC42.DLL
 0001:00029222       ??YCString@@QAEABV0@PBD@Z  1002a222 f   mfc42:MFC42.DLL
 0001:00029228       ?GetFilePath@CFileFind@@UBE?AVCString@@XZ 1002a228 f   mfc42:MFC42.DLL
 0001:0002922e       ?GetLastAccessTime@CFileFind@@UBEHAAVCTime@@@Z 1002a22e f   mfc42:MFC42.DLL
 0001:00029234       ?GetCreationTime@CFileFind@@UBEHAAVCTime@@@Z 1002a234 f   mfc42:MFC42.DLL
 0001:0002923a       ?GetLastWriteTime@CFileFind@@UBEHAAVCTime@@@Z 1002a23a f   mfc42:MFC42.DLL
 0001:00029240       ?GetLength64@CFileFind@@QBE_JXZ 1002a240 f   mfc42:MFC42.DLL
 0001:00029246       ?MatchesMask@CFileFind@@UBEHK@Z 1002a246 f   mfc42:MFC42.DLL
 0001:0002924c       ?Close@CFileFind@@QAEXXZ   1002a24c f   mfc42:MFC42.DLL
 0001:00029252       ?GetFileName@CFileFind@@UBE?AVCString@@XZ 1002a252 f   mfc42:MFC42.DLL
 0001:00029258       ?IsDots@CFileFind@@UBEHXZ  1002a258 f   mfc42:MFC42.DLL
 0001:0002925e       ?FindNextFileA@CFileFind@@UAEHXZ 1002a25e f   mfc42:MFC42.DLL
 0001:00029264       ?FindFile@CFileFind@@UAEHPBDK@Z 1002a264 f   mfc42:MFC42.DLL
 0001:0002926a       ??H@YG?AVCString@@ABV0@0@Z 1002a26a f   mfc42:MFC42.DLL
 0001:00029270       ??0CString@@QAE@PBD@Z      1002a270 f   mfc42:MFC42.DLL
 0001:00029276       ??4CString@@QAEABV0@ABV0@@Z 1002a276 f   mfc42:MFC42.DLL
 0001:0002927c       ??0CFileFind@@QAE@XZ       1002a27c f   mfc42:MFC42.DLL
 0001:00029282       ?Close@CFile@@UAEXXZ       1002a282 f   mfc42:MFC42.DLL
 0001:00029288       ?Find@CString@@QBEHPBD@Z   1002a288 f   mfc42:MFC42.DLL
 0001:0002928e       ?Remove@CString@@QAEHD@Z   1002a28e f   mfc42:MFC42.DLL
 0001:00029294       ?ReleaseBuffer@CString@@QAEXH@Z 1002a294 f   mfc42:MFC42.DLL
 0001:0002929a       ?Read@CFile@@UAEIPAXI@Z    1002a29a f   mfc42:MFC42.DLL
 0001:000292a0       ?GetBuffer@CString@@QAEPADH@Z 1002a2a0 f   mfc42:MFC42.DLL
 0001:000292a6       ?MakeUpper@CString@@QAEXXZ 1002a2a6 f   mfc42:MFC42.DLL
 0001:000292ac       ??1CFile@@UAE@XZ           1002a2ac f   mfc42:MFC42.DLL
 0001:000292b2       ?Open@CFile@@UAEHPBDIPAVCFileException@@@Z 1002a2b2 f   mfc42:MFC42.DLL
 0001:000292b8       ??0CFile@@QAE@XZ           1002a2b8 f   mfc42:MFC42.DLL
 0001:000292be       ?SetSize@CStringArray@@QAEXHH@Z 1002a2be f   mfc42:MFC42.DLL
 0001:000292c4       ??H@YG?AVCString@@ABV0@PBD@Z 1002a2c4 f   mfc42:MFC42.DLL
 0001:000292ca       ?Mid@CString@@QBE?AV1@H@Z  1002a2ca f   mfc42:MFC42.DLL
 0001:000292d0       ?ReverseFind@CString@@QBEHD@Z 1002a2d0 f   mfc42:MFC42.DLL
 0001:000292d6       ??0CString@@QAE@ABV0@@Z    1002a2d6 f   mfc42:MFC42.DLL
 0001:000292dc       ?Format@CString@@QAAXPBDZZ 1002a2dc f   mfc42:MFC42.DLL
 0001:000292e2       ?GetRuntimeClass@CObject@@UBEPAUCRuntimeClass@@XZ 1002a2e2 f   mfc42:MFC42.DLL
 0001:000292e8       ?Replace@CString@@QAEHDD@Z 1002a2e8 f   mfc42:MFC42.DLL
 0001:000292ee       ??YCString@@QAEABV0@ABV0@@Z 1002a2ee f   mfc42:MFC42.DLL
 0001:000292f4       ??0CString@@QAE@DH@Z       1002a2f4 f   mfc42:MFC42.DLL
 0001:000292fa       ?Right@CString@@QBE?AV1@H@Z 1002a2fa f   mfc42:MFC42.DLL
 0001:00029300       ?TrimLeft@CString@@QAEXXZ  1002a300 f   mfc42:MFC42.DLL
 0001:00029306       ?Find@CString@@QBEHD@Z     1002a306 f   mfc42:MFC42.DLL
 0001:0002930c       ?Mid@CString@@QBE?AV1@HH@Z 1002a30c f   mfc42:MFC42.DLL
 0001:00029312       ?Find@CString@@QBEHDH@Z    1002a312 f   mfc42:MFC42.DLL
 0001:00029318       ?Left@CString@@QBE?AV1@H@Z 1002a318 f   mfc42:MFC42.DLL
 0001:0002931e       ?FindOneOf@CString@@QBEHPBD@Z 1002a31e f   mfc42:MFC42.DLL
 0001:00029324       ?TrimRight@CString@@QAEXXZ 1002a324 f   mfc42:MFC42.DLL
 0001:0002932a       ??YCString@@QAEABV0@D@Z    1002a32a f   mfc42:MFC42.DLL
 0001:00029330       ?Read@CArchive@@QAEIPAXI@Z 1002a330 f   mfc42:MFC42.DLL
 0001:00029336       ?Write@CArchive@@QAEXPBXI@Z 1002a336 f   mfc42:MFC42.DLL
 0001:0002933c       ?ReadCount@CArchive@@QAEKXZ 1002a33c f   mfc42:MFC42.DLL
 0001:00029342       ?WriteCount@CArchive@@QAEXK@Z 1002a342 f   mfc42:MFC42.DLL
 0001:00029348       ___CxxFrameHandler         1002a348 f   msvcrt:MSVCRT.dll
 0001:00029350       __ftol                     1002a350 f   msvcrt:MSVCRT.dll
 0001:00029356       _wcslen                    1002a356 f   msvcrt:MSVCRT.dll
 0001:0002935c       _sprintf                   1002a35c f   msvcrt:MSVCRT.dll
 0001:00029370       __alloca_probe             1002a370 f   msvcrt:chkstk.obj
 0001:00029370       __chkstk                   1002a370 f   msvcrt:chkstk.obj
 0001:000293a0       _free                      1002a3a0 f   msvcrt:MSVCRT.dll
 0001:000293a6       _malloc                    1002a3a6 f   msvcrt:MSVCRT.dll
 0001:000293ac       __CIpow                    1002a3ac f   msvcrt:MSVCRT.dll
 0001:000293b2       ??_Gtype_info@@UAEPAXI@Z   1002a3b2 f i msvcrt:ti_inst.obj
 0001:000293b2       ??_Etype_info@@UAEPAXI@Z   1002a3b2 f i msvcrt:ti_inst.obj
 0001:000293ce       __CxxThrowException@8      1002a3ce f   msvcrt:MSVCRT.dll
 0001:000293e0       __allmul                   1002a3e0 f   msvcrt:llmul.obj
 0001:00029414       __except_handler3          1002a414 f   msvcrt:MSVCRT.dll
 0001:00029420       __aullshr                  1002a420 f   msvcrt:ullshr.obj
 0001:00029440       __alldiv                   1002a440 f   msvcrt:lldiv.obj
 0001:000294ea       __onexit                   1002a4ea f   msvcrt:atonexit.obj
 0001:00029516       _atexit                    1002a516 f   msvcrt:atonexit.obj
 0001:00029528       __CRT_INIT@12              1002a528 f   msvcrt:crtdll.obj
 0001:000295d3       __DllMainCRTStartup@12     1002a5d3 f   msvcrt:crtdll.obj
 0001:00029670       ??1type_info@@UAE@XZ       1002a670 f   msvcrt:MSVCRT.dll
 0001:00029676       ___dllonexit               1002a676 f   msvcrt:MSVCRT.dll
 0001:0002967c       __initterm                 1002a67c f   msvcrt:MSVCRT.dll
 0001:00029690       ___WSAFDIsSet@8            1002a690 f   ws2_32:WS2_32.dll
 0001:00029696       _GetIfTable@12             1002a696 f   Iphlpapi:iphlpapi.dll
 0001:000296a0       _jpeg_CreateCompress       1002a6a0 f   turbojpeg:jcapimin.obj
 0001:00029770       _jpeg_destroy_compress     1002a770 f   turbojpeg:jcapimin.obj
 0001:00029780       _jpeg_suppress_tables      1002a780 f   turbojpeg:jcapimin.obj
 0001:000297d0       _jpeg_finish_compress      1002a7d0 f   turbojpeg:jcapimin.obj
 0001:000298e0       _jpeg_start_compress       1002a8e0 f   turbojpeg:jcapistd.obj
 0001:00029960       _jpeg_write_scanlines      1002a960 f   turbojpeg:jcapistd.obj
 0001:00029a30       _jpeg_add_quant_table      1002aa30 f   turbojpeg:jcparam.obj
 0001:00029b10       _jpeg_set_quality          1002ab10 f   turbojpeg:jcparam.obj
 0001:00029b80       _jpeg_set_defaults         1002ab80 f   turbojpeg:jcparam.obj
 0001:00029e50       _jpeg_set_colorspace       1002ae50 f   turbojpeg:jcparam.obj
 0001:0002a140       _jpeg_mem_dest             1002b140 f   turbojpeg:jdatadst.obj
 0001:0002a2e0       _jpeg_std_error            1002b2e0 f   turbojpeg:jerror.obj
 0001:0002a490       _jinit_memory_mgr          1002b490 f   turbojpeg:jmemmgr.obj
 0001:0002b1c0       _jpeg_abort                1002c1c0 f   turbojpeg:jcomapi.obj
 0001:0002b200       _jpeg_destroy              1002c200 f   turbojpeg:jcomapi.obj
 0001:0002b220       _jpeg_alloc_quant_table    1002c220 f   turbojpeg:jcomapi.obj
 0001:0002b240       _jpeg_alloc_huff_table     1002c240 f   turbojpeg:jcomapi.obj
 0001:0002b260       _jinit_marker_writer       1002c260 f   turbojpeg:jcmarker.obj
 0001:0002c410       _jinit_compress_master     1002d410 f   turbojpeg:jcinit.obj
 0001:0002c4c0       _jpeg_get_small            1002d4c0 f   turbojpeg:jmemnobs.obj
 0001:0002c4c0       _jpeg_get_large            1002d4c0 f   turbojpeg:jmemnobs.obj
 0001:0002c4d0       _jpeg_free_large           1002d4d0 f   turbojpeg:jmemnobs.obj
 0001:0002c4d0       _jpeg_free_small           1002d4d0 f   turbojpeg:jmemnobs.obj
 0001:0002c4e0       _jpeg_mem_available        1002d4e0 f   turbojpeg:jmemnobs.obj
 0001:0002c510       _jpeg_open_backing_store   1002d510 f   turbojpeg:jmemnobs.obj
 0001:0002c530       _jpeg_mem_init             1002d530 f   turbojpeg:jmemnobs.obj
 0001:0002c540       _emms_c                    1002d540 f   turbojpeg:jmemnobs.obj
 0001:0002c540       ??1CXvidEnc@@QAE@XZ        1002d540 f   turbojpeg:jmemnobs.obj
 0001:0002c540       _jpeg_mem_term             1002d540 f   turbojpeg:jmemnobs.obj
 0001:0002c550       _jdiv_round_up             1002d550 f   turbojpeg:jutils.obj
 0001:0002c560       _jround_up                 1002d560 f   turbojpeg:jutils.obj
 0001:0002c580       _jcopy_sample_rows         1002d580 f   turbojpeg:jutils.obj
 0001:0002c5d0       _jzero_far                 1002d5d0 f   turbojpeg:jutils.obj
 0001:0002c5f0       _jinit_c_main_controller   1002d5f0 f   turbojpeg:jcmainct.obj
 0001:0002c780       _jinit_c_coef_controller   1002d780 f   turbojpeg:jccoefct.obj
 0001:0002cff0       _jpeg_make_c_derived_tbl   1002dff0 f   turbojpeg:jchuff.obj
 0001:0002d1f0       _jpeg_gen_optimal_table    1002e1f0 f   turbojpeg:jchuff.obj
 0001:0002d410       _jinit_huff_encoder        1002e410 f   turbojpeg:jchuff.obj
 0001:00032f80       _jinit_phuff_encoder       10033f80 f   turbojpeg:jcphuff.obj
 0001:00034b70       _jinit_arith_encoder       10035b70 f   turbojpeg:jcarith.obj
 0001:00036070       _jinit_forward_dct         10037070 f   turbojpeg:jcdctmgr.obj
 0001:00036870       _jinit_c_prep_controller   10037870 f   turbojpeg:jcprepct.obj
 0001:00036ed0       _jinit_downsampler         10037ed0 f   turbojpeg:jcsample.obj
 0001:00037a40       _jinit_color_converter     10038a40 f   turbojpeg:jccolor.obj
 0001:00039400       _jinit_c_master_control    1003a400 f   turbojpeg:jcmaster.obj
 0001:00039f60       _jsimd_can_rgb_ycc         1003af60 f   turbojpeg:jsimd.obj
 0001:0003a0f0       _jsimd_can_rgb_gray        1003b0f0 f   turbojpeg:jsimd.obj
 0001:0003a130       _jsimd_rgb_ycc_convert     1003b130 f   turbojpeg:jsimd.obj
 0001:0003a260       _jsimd_rgb_gray_convert    1003b260 f   turbojpeg:jsimd.obj
 0001:0003a390       _jsimd_can_h2v2_downsample 1003b390 f   turbojpeg:jsimd.obj
 0001:0003a3c0       _jsimd_can_h2v1_downsample 1003b3c0 f   turbojpeg:jsimd.obj
 0001:0003a3f0       _jsimd_h2v2_downsample     1003b3f0 f   turbojpeg:jsimd.obj
 0001:0003a460       _jsimd_h2v1_downsample     1003b460 f   turbojpeg:jsimd.obj
 0001:0003a4d0       _jsimd_can_convsamp        1003b4d0 f   turbojpeg:jsimd.obj
 0001:0003a500       _jsimd_can_convsamp_float  1003b500 f   turbojpeg:jsimd.obj
 0001:0003a530       _jsimd_convsamp            1003b530 f   turbojpeg:jsimd.obj
 0001:0003a550       _jsimd_convsamp_float      1003b550 f   turbojpeg:jsimd.obj
 0001:0003a570       _jsimd_can_fdct_islow      1003b570 f   turbojpeg:jsimd.obj
 0001:0003a5b0       _jsimd_can_fdct_ifast      1003b5b0 f   turbojpeg:jsimd.obj
 0001:0003a5e0       _jsimd_can_fdct_float      1003b5e0 f   turbojpeg:jsimd.obj
 0001:0003a610       _jsimd_fdct_islow          1003b610 f   turbojpeg:jsimd.obj
 0001:0003a630       _jsimd_fdct_ifast          1003b630 f   turbojpeg:jsimd.obj
 0001:0003a650       _jsimd_fdct_float          1003b650 f   turbojpeg:jsimd.obj
 0001:0003a680       _jsimd_can_quantize        1003b680 f   turbojpeg:jsimd.obj
 0001:0003a6b0       _jsimd_can_quantize_float  1003b6b0 f   turbojpeg:jsimd.obj
 0001:0003a6e0       _jsimd_quantize            1003b6e0 f   turbojpeg:jsimd.obj
 0001:0003a700       _jsimd_quantize_float      1003b700 f   turbojpeg:jsimd.obj
 0001:0003a720       _jsimd_can_huff_encode_one_block 1003b720 f   turbojpeg:jsimd.obj
 0001:0003a750       _jsimd_huff_encode_one_block 1003b750 f   turbojpeg:jsimd.obj
 0001:0003a760       _jsimd_can_encode_mcu_AC_first_prepare 1003b760 f   turbojpeg:jsimd.obj
 0001:0003a770       _jsimd_encode_mcu_AC_first_prepare 1003b770 f   turbojpeg:jsimd.obj
 0001:0003a780       _jsimd_can_encode_mcu_AC_refine_prepare 1003b780 f   turbojpeg:jsimd.obj
 0001:0003a790       _jsimd_encode_mcu_AC_refine_prepare 1003b790 f   turbojpeg:jsimd.obj
 0001:0003a7a0       _jpeg_fdct_islow           1003b7a0 f   turbojpeg:jfdctint.obj
 0001:0003abb0       _jpeg_fdct_ifast           1003bbb0 f   turbojpeg:jfdctfst.obj
 0001:0003ae30       _jpeg_fdct_float           1003be30 f   turbojpeg:jfdctflt.obj
 0001:0003b060       _jsimd_rgb_ycc_convert_sse2 1003c060     turbojpeg:jccolor-sse2.asm.obj
 0001:0003b4a0       _jsimd_extrgb_ycc_convert_sse2 1003c4a0     turbojpeg:jccolor-sse2.asm.obj
 0001:0003b8e0       _jsimd_extrgbx_ycc_convert_sse2 1003c8e0     turbojpeg:jccolor-sse2.asm.obj
 0001:0003bd00       _jsimd_extbgr_ycc_convert_sse2 1003cd00     turbojpeg:jccolor-sse2.asm.obj
 0001:0003c140       _jsimd_extbgrx_ycc_convert_sse2 1003d140     turbojpeg:jccolor-sse2.asm.obj
 0001:0003c560       _jsimd_extxbgr_ycc_convert_sse2 1003d560     turbojpeg:jccolor-sse2.asm.obj
 0001:0003c980       _jsimd_extxrgb_ycc_convert_sse2 1003d980     turbojpeg:jccolor-sse2.asm.obj
 0001:0003cda0       _jsimd_rgb_ycc_convert_avx2 1003dda0     turbojpeg:jccolor-avx2.asm.obj
 0001:0003d240       _jsimd_extrgb_ycc_convert_avx2 1003e240     turbojpeg:jccolor-avx2.asm.obj
 0001:0003d6e0       _jsimd_extrgbx_ycc_convert_avx2 1003e6e0     turbojpeg:jccolor-avx2.asm.obj
 0001:0003db60       _jsimd_extbgr_ycc_convert_avx2 1003eb60     turbojpeg:jccolor-avx2.asm.obj
 0001:0003e000       _jsimd_extbgrx_ycc_convert_avx2 1003f000     turbojpeg:jccolor-avx2.asm.obj
 0001:0003e480       _jsimd_extxbgr_ycc_convert_avx2 1003f480     turbojpeg:jccolor-avx2.asm.obj
 0001:0003e900       _jsimd_extxrgb_ycc_convert_avx2 1003f900     turbojpeg:jccolor-avx2.asm.obj
 0001:0003ed80       _jpeg_simd_cpu_support     1003fd80     turbojpeg:jsimdcpu.asm.obj
 0001:0003ee40       _jsimd_rgb_gray_convert_sse2 1003fe40     turbojpeg:jcgray-sse2.asm.obj
 0001:0003f0c0       _jsimd_extrgb_gray_convert_sse2 100400c0     turbojpeg:jcgray-sse2.asm.obj
 0001:0003f340       _jsimd_extrgbx_gray_convert_sse2 10040340     turbojpeg:jcgray-sse2.asm.obj
 0001:0003f5a0       _jsimd_extbgr_gray_convert_sse2 100405a0     turbojpeg:jcgray-sse2.asm.obj
 0001:0003f820       _jsimd_extbgrx_gray_convert_sse2 10040820     turbojpeg:jcgray-sse2.asm.obj
 0001:0003fa80       _jsimd_extxbgr_gray_convert_sse2 10040a80     turbojpeg:jcgray-sse2.asm.obj
 0001:0003fce0       _jsimd_extxrgb_gray_convert_sse2 10040ce0     turbojpeg:jcgray-sse2.asm.obj
 0001:0003ff40       _jsimd_rgb_gray_convert_avx2 10040f40     turbojpeg:jcgray-avx2.asm.obj
 0001:00040200       _jsimd_extrgb_gray_convert_avx2 10041200     turbojpeg:jcgray-avx2.asm.obj
 0001:000404c0       _jsimd_extrgbx_gray_convert_avx2 100414c0     turbojpeg:jcgray-avx2.asm.obj
 0001:00040760       _jsimd_extbgr_gray_convert_avx2 10041760     turbojpeg:jcgray-avx2.asm.obj
 0001:00040a20       _jsimd_extbgrx_gray_convert_avx2 10041a20     turbojpeg:jcgray-avx2.asm.obj
 0001:00040cc0       _jsimd_extxbgr_gray_convert_avx2 10041cc0     turbojpeg:jcgray-avx2.asm.obj
 0001:00040f60       _jsimd_extxrgb_gray_convert_avx2 10041f60     turbojpeg:jcgray-avx2.asm.obj
 0001:00041200       _jsimd_ycc_rgb_convert_sse2 10042200     turbojpeg:jdcolor-sse2.asm.obj
 0001:00041560       _jsimd_ycc_extrgb_convert_sse2 10042560     turbojpeg:jdcolor-sse2.asm.obj
 0001:000418c0       _jsimd_ycc_extrgbx_convert_sse2 100428c0     turbojpeg:jdcolor-sse2.asm.obj
 0001:00041bc0       _jsimd_ycc_extbgr_convert_sse2 10042bc0     turbojpeg:jdcolor-sse2.asm.obj
 0001:00041f20       _jsimd_ycc_extbgrx_convert_sse2 10042f20     turbojpeg:jdcolor-sse2.asm.obj
 0001:00042220       _jsimd_ycc_extxbgr_convert_sse2 10043220     turbojpeg:jdcolor-sse2.asm.obj
 0001:00042520       _jsimd_ycc_extxrgb_convert_sse2 10043520     turbojpeg:jdcolor-sse2.asm.obj
 0001:00042820       _jsimd_ycc_rgb_convert_avx2 10043820     turbojpeg:jdcolor-avx2.asm.obj
 0001:00042b80       _jsimd_ycc_extrgb_convert_avx2 10043b80     turbojpeg:jdcolor-avx2.asm.obj
 0001:00042ee0       _jsimd_ycc_extrgbx_convert_avx2 10043ee0     turbojpeg:jdcolor-avx2.asm.obj
 0001:000431e0       _jsimd_ycc_extbgr_convert_avx2 100441e0     turbojpeg:jdcolor-avx2.asm.obj
 0001:00043540       _jsimd_ycc_extbgrx_convert_avx2 10044540     turbojpeg:jdcolor-avx2.asm.obj
 0001:00043840       _jsimd_ycc_extxbgr_convert_avx2 10044840     turbojpeg:jdcolor-avx2.asm.obj
 0001:00043b40       _jsimd_ycc_extxrgb_convert_avx2 10044b40     turbojpeg:jdcolor-avx2.asm.obj
 0001:00043e40       _jsimd_rgb_ycc_convert_mmx 10044e40     turbojpeg:jccolor-mmx.asm.obj
 0001:000441c0       _jsimd_extrgb_ycc_convert_mmx 100451c0     turbojpeg:jccolor-mmx.asm.obj
 0001:00044540       _jsimd_extrgbx_ycc_convert_mmx 10045540     turbojpeg:jccolor-mmx.asm.obj
 0001:00044880       _jsimd_extbgr_ycc_convert_mmx 10045880     turbojpeg:jccolor-mmx.asm.obj
 0001:00044c00       _jsimd_extbgrx_ycc_convert_mmx 10045c00     turbojpeg:jccolor-mmx.asm.obj
 0001:00044f40       _jsimd_extxbgr_ycc_convert_mmx 10045f40     turbojpeg:jccolor-mmx.asm.obj
 0001:00045280       _jsimd_extxrgb_ycc_convert_mmx 10046280     turbojpeg:jccolor-mmx.asm.obj
 0001:000455c0       _jsimd_rgb_gray_convert_mmx 100465c0     turbojpeg:jcgray-mmx.asm.obj
 0001:000457c0       _jsimd_extrgb_gray_convert_mmx 100467c0     turbojpeg:jcgray-mmx.asm.obj
 0001:000459c0       _jsimd_extrgbx_gray_convert_mmx 100469c0     turbojpeg:jcgray-mmx.asm.obj
 0001:00045ba0       _jsimd_extbgr_gray_convert_mmx 10046ba0     turbojpeg:jcgray-mmx.asm.obj
 0001:00045da0       _jsimd_extbgrx_gray_convert_mmx 10046da0     turbojpeg:jcgray-mmx.asm.obj
 0001:00045f80       _jsimd_extxbgr_gray_convert_mmx 10046f80     turbojpeg:jcgray-mmx.asm.obj
 0001:00046160       _jsimd_extxrgb_gray_convert_mmx 10047160     turbojpeg:jcgray-mmx.asm.obj
 0001:00046340       _jsimd_ycc_rgb_convert_mmx 10047340     turbojpeg:jdcolor-mmx.asm.obj
 0001:000465e0       _jsimd_ycc_extrgb_convert_mmx 100475e0     turbojpeg:jdcolor-mmx.asm.obj
 0001:00046880       _jsimd_ycc_extrgbx_convert_mmx 10047880     turbojpeg:jdcolor-mmx.asm.obj
 0001:00046ae0       _jsimd_ycc_extbgr_convert_mmx 10047ae0     turbojpeg:jdcolor-mmx.asm.obj
 0001:00046d80       _jsimd_ycc_extbgrx_convert_mmx 10047d80     turbojpeg:jdcolor-mmx.asm.obj
 0001:00046fe0       _jsimd_ycc_extxbgr_convert_mmx 10047fe0     turbojpeg:jdcolor-mmx.asm.obj
 0001:00047240       _jsimd_ycc_extxrgb_convert_mmx 10048240     turbojpeg:jdcolor-mmx.asm.obj
 0001:000474a0       _jsimd_h2v1_downsample_mmx 100484a0     turbojpeg:jcsample-mmx.asm.obj
 0001:00047560       _jsimd_h2v2_downsample_mmx 10048560     turbojpeg:jcsample-mmx.asm.obj
 0001:00047660       _jsimd_h2v1_downsample_sse2 10048660     turbojpeg:jcsample-sse2.asm.obj
 0001:00047760       _jsimd_h2v2_downsample_sse2 10048760     turbojpeg:jcsample-sse2.asm.obj
 0001:000478a0       _jsimd_h2v1_downsample_avx2 100488a0     turbojpeg:jcsample-avx2.asm.obj
 0001:000479c0       _jsimd_h2v2_downsample_avx2 100489c0     turbojpeg:jcsample-avx2.asm.obj
 0001:00047b40       _jsimd_h2v1_fancy_upsample_mmx 10048b40     turbojpeg:jdsample-mmx.asm.obj
 0001:00047c80       _jsimd_h2v2_fancy_upsample_mmx 10048c80     turbojpeg:jdsample-mmx.asm.obj
 0001:00047f60       _jsimd_h2v1_upsample_mmx   10048f60     turbojpeg:jdsample-mmx.asm.obj
 0001:00047fe0       _jsimd_h2v2_upsample_mmx   10048fe0     turbojpeg:jdsample-mmx.asm.obj
 0001:00048080       _jsimd_h2v1_fancy_upsample_sse2 10049080     turbojpeg:jdsample-sse2.asm.obj
 0001:000481e0       _jsimd_h2v2_fancy_upsample_sse2 100491e0     turbojpeg:jdsample-sse2.asm.obj
 0001:00048560       _jsimd_h2v1_upsample_sse2  10049560     turbojpeg:jdsample-sse2.asm.obj
 0001:000485e0       _jsimd_h2v2_upsample_sse2  100495e0     turbojpeg:jdsample-sse2.asm.obj
 0001:000486a0       _jsimd_h2v1_fancy_upsample_avx2 100496a0     turbojpeg:jdsample-avx2.asm.obj
 0001:00048840       _jsimd_h2v2_fancy_upsample_avx2 10049840     turbojpeg:jdsample-avx2.asm.obj
 0001:00048c20       _jsimd_h2v1_upsample_avx2  10049c20     turbojpeg:jdsample-avx2.asm.obj
 0001:00048cc0       _jsimd_h2v2_upsample_avx2  10049cc0     turbojpeg:jdsample-avx2.asm.obj
 0001:00048d80       _jsimd_h2v1_merged_upsample_sse2 10049d80     turbojpeg:jdmerge-sse2.asm.obj
 0001:000490e0       _jsimd_h2v2_merged_upsample_sse2 1004a0e0     turbojpeg:jdmerge-sse2.asm.obj
 0001:00049140       _jsimd_h2v1_extrgb_merged_upsample_sse2 1004a140     turbojpeg:jdmerge-sse2.asm.obj
 0001:000494a0       _jsimd_h2v2_extrgb_merged_upsample_sse2 1004a4a0     turbojpeg:jdmerge-sse2.asm.obj
 0001:00049500       _jsimd_h2v1_extrgbx_merged_upsample_sse2 1004a500     turbojpeg:jdmerge-sse2.asm.obj
 0001:00049800       _jsimd_h2v2_extrgbx_merged_upsample_sse2 1004a800     turbojpeg:jdmerge-sse2.asm.obj
 0001:00049860       _jsimd_h2v1_extbgr_merged_upsample_sse2 1004a860     turbojpeg:jdmerge-sse2.asm.obj
 0001:00049bc0       _jsimd_h2v2_extbgr_merged_upsample_sse2 1004abc0     turbojpeg:jdmerge-sse2.asm.obj
 0001:00049c20       _jsimd_h2v1_extbgrx_merged_upsample_sse2 1004ac20     turbojpeg:jdmerge-sse2.asm.obj
 0001:00049f20       _jsimd_h2v2_extbgrx_merged_upsample_sse2 1004af20     turbojpeg:jdmerge-sse2.asm.obj
 0001:00049f80       _jsimd_h2v1_extxbgr_merged_upsample_sse2 1004af80     turbojpeg:jdmerge-sse2.asm.obj
 0001:0004a280       _jsimd_h2v2_extxbgr_merged_upsample_sse2 1004b280     turbojpeg:jdmerge-sse2.asm.obj
 0001:0004a2e0       _jsimd_h2v1_extxrgb_merged_upsample_sse2 1004b2e0     turbojpeg:jdmerge-sse2.asm.obj
 0001:0004a5e0       _jsimd_h2v2_extxrgb_merged_upsample_sse2 1004b5e0     turbojpeg:jdmerge-sse2.asm.obj
 0001:0004a640       _jsimd_h2v1_merged_upsample_avx2 1004b640     turbojpeg:jdmerge-avx2.asm.obj
 0001:0004a980       _jsimd_h2v2_merged_upsample_avx2 1004b980     turbojpeg:jdmerge-avx2.asm.obj
 0001:0004a9e0       _jsimd_h2v1_extrgb_merged_upsample_avx2 1004b9e0     turbojpeg:jdmerge-avx2.asm.obj
 0001:0004ad20       _jsimd_h2v2_extrgb_merged_upsample_avx2 1004bd20     turbojpeg:jdmerge-avx2.asm.obj
 0001:0004ad80       _jsimd_h2v1_extrgbx_merged_upsample_avx2 1004bd80     turbojpeg:jdmerge-avx2.asm.obj
 0001:0004b080       _jsimd_h2v2_extrgbx_merged_upsample_avx2 1004c080     turbojpeg:jdmerge-avx2.asm.obj
 0001:0004b0e0       _jsimd_h2v1_extbgr_merged_upsample_avx2 1004c0e0     turbojpeg:jdmerge-avx2.asm.obj
 0001:0004b420       _jsimd_h2v2_extbgr_merged_upsample_avx2 1004c420     turbojpeg:jdmerge-avx2.asm.obj
 0001:0004b480       _jsimd_h2v1_extbgrx_merged_upsample_avx2 1004c480     turbojpeg:jdmerge-avx2.asm.obj
 0001:0004b780       _jsimd_h2v2_extbgrx_merged_upsample_avx2 1004c780     turbojpeg:jdmerge-avx2.asm.obj
 0001:0004b7e0       _jsimd_h2v1_extxbgr_merged_upsample_avx2 1004c7e0     turbojpeg:jdmerge-avx2.asm.obj
 0001:0004bae0       _jsimd_h2v2_extxbgr_merged_upsample_avx2 1004cae0     turbojpeg:jdmerge-avx2.asm.obj
 0001:0004bb40       _jsimd_h2v1_extxrgb_merged_upsample_avx2 1004cb40     turbojpeg:jdmerge-avx2.asm.obj
 0001:0004be40       _jsimd_h2v2_extxrgb_merged_upsample_avx2 1004ce40     turbojpeg:jdmerge-avx2.asm.obj
 0001:0004bea0       _jsimd_h2v1_merged_upsample_mmx 1004cea0     turbojpeg:jdmerge-mmx.asm.obj
 0001:0004c120       _jsimd_h2v2_merged_upsample_mmx 1004d120     turbojpeg:jdmerge-mmx.asm.obj
 0001:0004c180       _jsimd_h2v1_extrgb_merged_upsample_mmx 1004d180     turbojpeg:jdmerge-mmx.asm.obj
 0001:0004c400       _jsimd_h2v2_extrgb_merged_upsample_mmx 1004d400     turbojpeg:jdmerge-mmx.asm.obj
 0001:0004c460       _jsimd_h2v1_extrgbx_merged_upsample_mmx 1004d460     turbojpeg:jdmerge-mmx.asm.obj
 0001:0004c6c0       _jsimd_h2v2_extrgbx_merged_upsample_mmx 1004d6c0     turbojpeg:jdmerge-mmx.asm.obj
 0001:0004c720       _jsimd_h2v1_extbgr_merged_upsample_mmx 1004d720     turbojpeg:jdmerge-mmx.asm.obj
 0001:0004c9a0       _jsimd_h2v2_extbgr_merged_upsample_mmx 1004d9a0     turbojpeg:jdmerge-mmx.asm.obj
 0001:0004ca00       _jsimd_h2v1_extbgrx_merged_upsample_mmx 1004da00     turbojpeg:jdmerge-mmx.asm.obj
 0001:0004cc60       _jsimd_h2v2_extbgrx_merged_upsample_mmx 1004dc60     turbojpeg:jdmerge-mmx.asm.obj
 0001:0004ccc0       _jsimd_h2v1_extxbgr_merged_upsample_mmx 1004dcc0     turbojpeg:jdmerge-mmx.asm.obj
 0001:0004cf20       _jsimd_h2v2_extxbgr_merged_upsample_mmx 1004df20     turbojpeg:jdmerge-mmx.asm.obj
 0001:0004cf80       _jsimd_h2v1_extxrgb_merged_upsample_mmx 1004df80     turbojpeg:jdmerge-mmx.asm.obj
 0001:0004d1e0       _jsimd_h2v2_extxrgb_merged_upsample_mmx 1004e1e0     turbojpeg:jdmerge-mmx.asm.obj
 0001:0004d240       _jsimd_convsamp_mmx        1004e240     turbojpeg:jquant-mmx.asm.obj
 0001:0004d300       _jsimd_quantize_mmx        1004e300     turbojpeg:jquant-mmx.asm.obj
 0001:0004d3e0       _jsimd_convsamp_sse2       1004e3e0     turbojpeg:jquanti-sse2.asm.obj
 0001:0004d480       _jsimd_quantize_sse2       1004e480     turbojpeg:jquanti-sse2.asm.obj
 0001:0004d5a0       _jsimd_convsamp_avx2       1004e5a0     turbojpeg:jquanti-avx2.asm.obj
 0001:0004d660       _jsimd_quantize_avx2       1004e660     turbojpeg:jquanti-avx2.asm.obj
 0001:0004d720       _jsimd_convsamp_float_3dnow 1004e720     turbojpeg:jquant-3dn.asm.obj
 0001:0004d800       _jsimd_quantize_float_3dnow 1004e800     turbojpeg:jquant-3dn.asm.obj
 0001:0004d8e0       _jsimd_convsamp_float_sse  1004e8e0     turbojpeg:jquant-sse.asm.obj
 0001:0004d9a0       _jsimd_quantize_float_sse  1004e9a0     turbojpeg:jquant-sse.asm.obj
 0001:0004da40       _jsimd_convsamp_float_sse2 1004ea40     turbojpeg:jquantf-sse2.asm.obj
 0001:0004dae0       _jsimd_quantize_float_sse2 1004eae0     turbojpeg:jquantf-sse2.asm.obj
 0001:0004db60       _jsimd_fdct_islow_sse2     1004eb60     turbojpeg:jfdctint-sse2.asm.obj
 0001:0004e200       _jsimd_fdct_islow_avx2     1004f200     turbojpeg:jfdctint-avx2.asm.obj
 0001:0004e520       _jsimd_fdct_ifast_sse2     1004f520     turbojpeg:jfdctfst-sse2.asm.obj
 0001:0004e900       _jsimd_fdct_float_sse      1004f900     turbojpeg:jfdctflt-sse.asm.obj
 0001:0004ec00       _jsimd_fdct_islow_mmx      1004fc00     turbojpeg:jfdctint-mmx.asm.obj
 0001:0004f140       _jsimd_fdct_ifast_mmx      10050140     turbojpeg:jfdctfst-mmx.asm.obj
 0001:0004f440       _jsimd_fdct_float_3dnow    10050440     turbojpeg:jfdctflt-3dn.asm.obj
 0001:0004f700       _jsimd_idct_4x4_sse2       10050700     turbojpeg:jidctred-sse2.asm.obj
 0001:0004faa0       _jsimd_idct_2x2_sse2       10050aa0     turbojpeg:jidctred-sse2.asm.obj
 0001:0004fc40       _jsimd_idct_4x4_mmx        10050c40     turbojpeg:jidctred-mmx.asm.obj
 0001:00050020       _jsimd_idct_2x2_mmx        10051020     turbojpeg:jidctred-mmx.asm.obj
 0001:000501c0       _jsimd_idct_islow_sse2     100511c0     turbojpeg:jidctint-sse2.asm.obj
 0001:00050b80       _jsimd_idct_islow_avx2     10051b80     turbojpeg:jidctint-avx2.asm.obj
 0001:000510c0       _jsimd_idct_ifast_sse2     100520c0     turbojpeg:jidctfst-sse2.asm.obj
 0001:000515a0       _jsimd_idct_float_sse      100525a0     turbojpeg:jidctflt-sse.asm.obj
 0001:00051ac0       _jsimd_idct_float_sse2     10052ac0     turbojpeg:jidctflt-sse2.asm.obj
 0001:00051f80       _jsimd_idct_islow_mmx      10052f80     turbojpeg:jidctint-mmx.asm.obj
 0001:000526e0       _jsimd_idct_ifast_mmx      100536e0     turbojpeg:jidctfst-mmx.asm.obj
 0001:00052ac0       _jsimd_idct_float_3dnow    10053ac0     turbojpeg:jidctflt-3dn.asm.obj
 0001:00052f00       _jsimd_huff_encode_one_block_sse2 10053f00     turbojpeg:jchuff-sse2.asm.obj
 0001:000536e0       _jsimd_encode_mcu_AC_first_prepare_sse2 100546e0     turbojpeg:jcphuff-sse2.asm.obj
 0001:00053ae0       _jsimd_encode_mcu_AC_refine_prepare_sse2 10054ae0     turbojpeg:jcphuff-sse2.asm.obj
 0001:00053f60       _compress2                 10054f60 f   zlib:compress.obj
 0001:00054010       _compress                  10055010 f   zlib:compress.obj
 0001:00054030       _deflateInit_              10055030 f   zlib:deflate.obj
 0001:00054060       _deflateInit2_             10055060 f   zlib:deflate.obj
 0001:000542a0       _deflateResetKeep          100552a0 f   zlib:deflate.obj
 0001:00054330       _deflateReset              10055330 f   zlib:deflate.obj
 0001:00054360       _deflateBound              10055360 f   zlib:deflate.obj
[...]
   217 0001:000036ba   229 0001:000036c4   230 0001:000036c8   233 0001:000036e0
   235 0001:000036ef   238 0001:000036f0   240 0001:000036f6   243 0001:00003700
   244 0001:0000371e   245 0001:00003724   248 0001:00003727   249 0001:0000372a
   252 0001:0000374d   325 0001:0000376b   257 0001:0000377e   260 0001:0000378b
   263 0001:0000379a   265 0001:000037a6   266 0001:000037c7   268 0001:000037dc
   269 0001:000037de   270 0001:000037ec   274 0001:00003807   275 0001:00003817
   276 0001:00003824   278 0001:00003831   284 0001:00003841   285 0001:00003847
   286 0001:00003855   288 0001:00003867   291 0001:00003877   295 0001:00003884
   296 0001:00003894   297 0001:000038ac   304 0001:000038b5   306 0001:000038be
   307 0001:000038c8   308 0001:000038d4   311 0001:000038f3   312 0001:000038f9
   316 0001:00003902   289 0001:0000390d   320 0001:00003922   321 0001:00003932
   322 0001:00003942   323 0001:0000394d   324 0001:00003958   327 0001:00003960
   335 0001:00003964   337 0001:00003990   338 0001:0000399d   339 0001:000039ac
   341 0001:000039b9   343 0001:000039c6   344 0001:000039d1   346 0001:000039e0
   349 0001:000039e3   353 0001:000039fc   354 0001:00003a57   356 0001:00003a61
   357 0001:00003a67   359 0001:00003a69   360 0001:00003a7a   362 0001:00003a86
   364 0001:00003a90   365 0001:00003a9c   367 0001:00003aa6   370 0001:00003ab5
   371 0001:00003ad6   373 0001:00003ae5   422 0001:00003af1   376 0001:00003afa
   378 0001:00003b18   380 0001:00003b1c   381 0001:00003b25   422 0001:00003b2c
   385 0001:00003b35   387 0001:00003b42   388 0001:00003b50   390 0001:00003b68
   392 0001:00003b6c   394 0001:00003b83   396 0001:00003b91   399 0001:00003ba2
   401 0001:00003bb8   403 0001:00003bc5   406 0001:00003bcb   407 0001:00003bd8
   408 0001:00003bfd   409 0001:00003c07   410 0001:00003c1b   411 0001:00003c1f
   413 0001:00003c28   415 0001:00003c2a   416 0001:00003c3a   417 0001:00003c44
   421 0001:00003c4e   422 0001:00003c70   425 0001:00003c80   428 0001:00003c8f
   429 0001:00003c95   432 0001:00003ca1   435 0001:00003cb0   444 0001:00003cc5
   446 0001:00003cda   448 0001:00003ce2   449 0001:00003cf3   452 0001:00003d05
   455 0001:00003d0c   457 0001:00003d10   461 0001:00003d26   463 0001:00003d2a
   465 0001:00003d2c   466 0001:00003d3d   471 0001:00003d47   472 0001:00003d4a
   473 0001:00003d4c   476 0001:00003d50   477 0001:00003d5a   479 0001:00003d5c
   480 0001:00003d63   483 0001:00003d70   485 0001:00003d7a

Line numbers for .\Release\cJSON.obj(C:\Users\Administrator\Desktop\Emin摩纳哥源码2025.4.3\Emin摩纳哥源码\Server\common\cJSON.c) segment .text

    82 0001:00001700    87 0001:00001710    88 0001:00001729    89 0001:0000173f
    90 0001:00001758    91 0001:00001762    93 0001:0000176b   324 0001:00001770
   327 0001:00001779   328 0001:00001783   337 0001:00001789   330 0001:0000178a
   331 0001:000017a0   337 0001:000017b1   334 0001:000017b2   337 0001:000017dd
   335 0001:000017de   336 0001:000017e8   337 0001:000017ec    74 0001:000017f0
    76 0001:000017fd    77 0001:0000180d    78 0001:00001810    77 0001:00001811
    78 0001:00001813   320 0001:00001820   339 0001:00001840   343 0001:00001860
   358 0001:00001880   369 0001:0000188e   360 0001:0000188f   369 0001:000018b6
   361 0001:000018b7   369 0001:000018d4   362 0001:000018d5   369 0001:000018fa
   363 0001:000018fb   364 0001:0000190c   369 0001:00001911   364 0001:00001912
   365 0001:0000191e   369 0001:00001932   366 0001:00001933   369 0001:00001947
   368 0001:00001948   369 0001:00001952   364 0001:00001953   369 0001:00001963
    97 0001:00001970    98 0001:00001979   100 0001:00001980   101 0001:000019bc
   102 0001:000019c2   103 0001:000019f7   102 0001:00001a3e   104 0001:00001a42
   105 0001:00001a4c   106 0001:00001a5c   109 0001:00001a77   111 0001:00001a95
   112 0001:00001aa1   113 0001:00001aa9   114 0001:00001ab0   115 0001:00001ab2
   193 0001:00001ac0   194 0001:00001ac1   195 0001:00001ac9   249 0001:00001ade
   197 0001:00001ae0   199 0001:00001af9   200 0001:00001b06   249 0001:00001b10
   203 0001:00001b12   205 0001:00001b2e   206 0001:00001b38   210 0001:00001b3d
   211 0001:00001b65   212 0001:00001b6e   213 0001:00001b77   214 0001:00001b80
   215 0001:00001b89   217 0001:00001b92   219 0001:00001baa   221 0001:00001bca
   223 0001:00001bda   224 0001:00001bee   225 0001:00001c08   226 0001:00001c22
   229 0001:00001c38   231 0001:00001c68   232 0001:00001c79   233 0001:00001c87
   234 0001:00001c95   235 0001:00001ca3   237 0001:00001cae   238 0001:00001cb0
   241 0001:00001cb4   244 0001:00001cc5   245 0001:00001cc8   246 0001:00001cd1
   247 0001:00001cd8   248 0001:00001cdf   249 0001:00001ce3   239 0001:00001ce5
   249 0001:00001cea   178 0001:00001d30   182 0001:00001d6c   184 0001:00001daa
   186 0001:00001de2   188 0001:00001df7   186 0001:00001df8   188 0001:00001e07
   186 0001:00001e08   188 0001:00001e17   180 0001:00001e18   188 0001:00001e1a
   373 0001:00001e20   403 0001:00001e2a   376 0001:00001e2b   379 0001:00001e38
   380 0001:00001e51   403 0001:00001e78   381 0001:00001e79   403 0001:00001ea2
   382 0001:00001ea3   403 0001:00001eca   383 0001:00001ecb   403 0001:00001ed6
   384 0001:00001ed7   403 0001:00001ee2   385 0001:00001ee3   386 0001:00001ee6
   389 0001:00001ee7   392 0001:00001ee9   393 0001:00001efe   403 0001:00001f0c
   394 0001:00001f0d   403 0001:00001f1b   395 0001:00001f1c   403 0001:00001f2a
   396 0001:00001f2b   403 0001:00001f37   397 0001:00001f38   403 0001:00001f44
   398 0001:00001f45   399 0001:00001f57   403 0001:00001f5b   399 0001:00001f5c
   403 0001:00001f72    50 0001:00001fb0    55 0001:00001fc5    58 0001:00001fd5
    56 0001:00001fd6    58 0001:00001fea   122 0001:00001ff0   125 0001:00002001
   126 0001:00002008   136 0001:00002017   128 0001:00002018   129 0001:0000201e
   130 0001:0000202e   136 0001:00002048   131 0001:00002049   132 0001:0000205f
   133 0001:00002068   135 0001:00002072   136 0001:0000207f   117 0001:00002080
   148 0001:000020b0   150 0001:000020bc   151 0001:000020c2   153 0001:000020d3
   154 0001:000020e7   155 0001:000020f2   175 0001:00002104   157 0001:0000210b
   159 0001:00002139   160 0001:0000214b   161 0001:00002158   174 0001:00002173
   175 0001:00002175   157 0001:0000217c   165 0001:0000217e   166 0001:00002190
   167 0001:0000219d   169 0001:000021a5   170 0001:000021e5   174 0001:000021ef
   175 0001:000021f1   170 0001:000021f8   171 0001:00002218   174 0001:00002229
   175 0001:0000222b   170 0001:00002232   174 0001:00002245   175 0001:00002247
   309 0001:00002250   253 0001:00002270   256 0001:00002275   257 0001:000022ae
   260 0001:000022b2   261 0001:000022cb   262 0001:000022dc   307 0001:000022e4
   264 0001:000022e6   267 0001:00002304   307 0001:00002318   270 0001:0000231a
   272 0001:0000231e   273 0001:00002331   274 0001:0000233c   307 0001:00002344
   275 0001:00002346   307 0001:0000235f   278 0001:00002361   280 0001:000023bb
   281 0001:000023d0   282 0001:000023e1   307 0001:000023e9   285 0001:000023eb
   286 0001:000023ef   288 0001:00002402   289 0001:00002414   291 0001:00002416
   293 0001:00002419   294 0001:00002443   295 0001:00002449   296 0001:0000244f
   297 0001:00002455   298 0001:0000245b   299 0001:00002461   300 0001:00002467
   301 0001:0000246d   305 0001:00002481   306 0001:00002489   307 0001:0000248e
   407 0001:00002510   430 0001:00002523   431 0001:00002526   411 0001:00002527
   412 0001:0000252b   413 0001:0000253e   431 0001:00002549   415 0001:0000254a
   416 0001:00002551   417 0001:00002558   418 0001:00002570   420 0001:00002574
   423 0001:00002579   425 0001:00002584   426 0001:000025a4   429 0001:000025ad
   431 0001:000025b8   430 0001:000025b9   431 0001:000025c4   435 0001:000025d0
   438 0001:000025d4   439 0001:000025d9   443 0001:000025df   445 0001:000025f7
   447 0001:000025ff   448 0001:00002612   449 0001:0000261d   511 0001:0000263e
   453 0001:00002642   456 0001:0000264e   457 0001:00002651   511 0001:00002668
   457 0001:0000266c   458 0001:00002676   459 0001:00002679   461 0001:0000267d
   462 0001:00002697   463 0001:000026a0   464 0001:000026dd   466 0001:000026e3
   511 0001:000026f6   466 0001:000026fa   467 0001:00002701   510 0001:0000270a
   511 0001:0000270f   472 0001:00002713   473 0001:00002726   511 0001:00002732
   474 0001:00002736   476 0001:00002748   477 0001:0000274b   474 0001:0000274f
   477 0001:00002757   479 0001:0000275f   480 0001:00002772   481 0001:0000277a
   482 0001:000027a9   486 0001:000027af   488 0001:000027cd   493 0001:000027d1
   494 0001:000027ef   495 0001:00002800   511 0001:00002803   499 0001:00002807
   500 0001:0000280a   501 0001:0000280d   499 0001:00002821   503 0001:00002825
   504 0001:00002842   505 0001:0000286a   507 0001:00002886   508 0001:00002891
   510 0001:000028a0   511 0001:000028a6   139 0001:000028b0   142 0001:000028be
   143 0001:000028c2   144 0001:000028d4   141 0001:000028d5   144 0001:000028d7
   515 0001:000028e0   546 0001:000028f3   547 0001:000028f6   519 0001:000028f7
   520 0001:000028fb   521 0001:0000290e   547 0001:00002919   523 0001:0000291a
   524 0001:00002921   525 0001:0000292c   526 0001:00002942   527 0001:0000294a
   528 0001:00002957   546 0001:00002965   547 0001:00002968   529 0001:00002969
   530 0001:00002982   532 0001:00002986   535 0001:0000298b   537 0001:00002996
   538 0001:000029b4   539 0001:000029b8   540 0001:000029c5   541 0001:000029d0
   542 0001:000029e9   545 0001:000029f2   547 0001:000029fd   546 0001:000029fe
   547 0001:00002a09   551 0001:00002a10   554 0001:00002a15   555 0001:00002a19
   558 0001:00002a28   560 0001:00002a37   562 0001:00002a43   563 0001:00002a69
   564 0001:00002a87   658 0001:00002a8f   566 0001:00002a93   657 0001:00002abf
   658 0001:00002acc   570 0001:00002ad0   574 0001:00002adc   658 0001:00002b08
   575 0001:00002b0c   576 0001:00002b23   577 0001:00002b2b   579 0001:00002b33
   581 0001:00002b3b   582 0001:00002b4f   583 0001:00002b68   585 0001:00002b6b
   586 0001:00002b75   589 0001:00002b7b   590 0001:00002b94   591 0001:00002ba3
   593 0001:00002bac   594 0001:00002bbc   596 0001:00002bc5   597 0001:00002bd9
   598 0001:00002bee   599 0001:00002bf7   600 0001:00002c06   601 0001:00002c0e
   597 0001:00002c18   603 0001:00002c1c   658 0001:00002c3c   604 0001:00002c40
   606 0001:00002c70   657 0001:00002c80   658 0001:00002c85   611 0001:00002c89
   612 0001:00002c9c   658 0001:00002ca8   613 0001:00002cac   614 0001:00002cb8
   658 0001:00002cd0   615 0001:00002cd4   616 0001:00002ce6   619 0001:00002cfa
   620 0001:00002d17   622 0001:00002d2d   623 0001:00002d38   624 0001:00002d5b
   625 0001:00002dae   629 0001:00002db9   630 0001:00002dd1   635 0001:00002dd9
   636 0001:00002e14   637 0001:00002e30   658 0001:00002e33   641 0001:00002e37
   642 0001:00002e4a   644 0001:00002e76   645 0001:00002e9f   646 0001:00002ebb
   647 0001:00002ed4   648 0001:00002f01   649 0001:00002f15   650 0001:00002f1e
   642 0001:00002f54   653 0001:00002f58   654 0001:00002f6e   655 0001:00002f9d
   657 0001:00002fa1   658 0001:00002fab   663 0001:00002fb0    40 0001:00002fe0
    44 0001:00002ffb    41 0001:00002ffc    44 0001:0000300d    42 0001:0000300e
    43 0001:00003046    44 0001:00003061    42 0001:00003065    44 0001:00003068
   671 0001:00003070   666 0001:000030a0   672 0001:000030b0

Line numbers for .\Release\ChatManager.obj(C:\Users\Administrator\Desktop\Emin摩纳哥源码2025.4.3\Emin摩纳哥源码\Server\common\ChatManager.cpp) segment .text

     5 0001:00000f80     9 0001:00000fa7    10 0001:00000fd2    11 0001:00000fd9
    12 0001:00000fed    13 0001:00000ff8    16 0001:00001030    17 0001:00001033
    19 0001:00001043    21 0001:00001053    24 0001:00001060    33 0001:00001066
    34 0001:00001075    35 0001:00001081   147 0001:00001085    36 0001:0000108b
    37 0001:00001094    39 0001:00001098    40 0001:000010a1   147 0001:000010a5
    51 0001:000010ab    52 0001:000010ce    55 0001:000010d5    56 0001:000010e9
    59 0001:000010fa    60 0001:0000110a    63 0001:00001111    74 0001:00001115
    75 0001:00001156    90 0001:00001161    91 0001:000011aa   106 0001:000011b5
   107 0001:000011fe   113 0001:00001209   122 0001:0000120e   123 0001:00001256
   124 0001:00001260   127 0001:00001267   128 0001:00001282   129 0001:0000128d
   130 0001:00001294   132 0001:000012a2   133 0001:000012c1   137 0001:000012da
   139 0001:000012fd   141 0001:0000130f   142 0001:00001316   146 0001:00001335
   147 0001:00001338   150 0001:00001340   151 0001:0000134c   153 0001:0000135f
   200 0001:00001379   201 0001:0000137c   195 0001:00001385   196 0001:0000138f
   201 0001:00001395   155 0001:0000139e   156 0001:000013af   157 0001:000013cc
   201 0001:000013d2   153 0001:000013db   198 0001:000013e7   201 0001:000013f8
   159 0001:00001401   162 0001:00001411   163 0001:00001427   165 0001:0000145d
   166 0001:00001472   201 0001:00001478   168 0001:00001482   170 0001:0000149c
   171 0001:000014a7   173 0001:000014bf   174 0001:0000151f   175 0001:00001530
   176 0001:0000153b   178 0001:00001542   179 0001:0000154e   181 0001:00001551
   182 0001:00001561   184 0001:00001573   185 0001:00001584   186 0001:00001596
   201 0001:0000159c   204 0001:000015b0   205 0001:000015bc   207 0001:000015d7
   231 0001:000015e0   210 0001:000015e9   212 0001:000015f2   231 0001:0000160a
   216 0001:00001613   217 0001:0000161f   219 0001:00001631   220 0001:0000168a
   221 0001:0000169f   222 0001:000016aa   224 0001:000016b1   225 0001:000016bd
   227 0001:000016c0   228 0001:000016d0   230 0001:000016df   231 0001:000016f1

Line numbers for .\Release\Buffer.obj(C:\Users\Administrator\Desktop\Emin摩纳哥源码2025.4.3\Emin摩纳哥源码\Server\common\Buffer.cpp) segment .text

    37 0001:00000b80    39 0001:00000b83    41 0001:00000b88    43 0001:00000b8e
    44 0001:00000b9e    64 0001:00000bd0    65 0001:00000bd3    66 0001:00000be0
    68 0001:00000bee    69 0001:00000bf9    89 0001:00000c00    90 0001:00000c06
    92 0001:00000c14    94 0001:00000c2e    95 0001:00000c37   105 0001:00000c3a
    98 0001:00000c3e   101 0001:00000c56   103 0001:00000c5e   104 0001:00000c6a
   105 0001:00000c6f   162 0001:00000c80   163 0001:00000c86   166 0001:00000c94
   168 0001:00000ca3   169 0001:00000cac   192 0001:00000caf   173 0001:00000cb3
   174 0001:00000cbe   176 0001:00000cc7   180 0001:00000ccb   183 0001:00000ce3
   185 0001:00000cfb   188 0001:00000d0b   190 0001:00000d1a   191 0001:00000d21
   192 0001:00000d26   212 0001:00000d30   214 0001:00000d33   234 0001:00000d40
   236 0001:00000d47   241 0001:00000d49   238 0001:00000d4a   241 0001:00000d4f
   261 0001:00000d50   262 0001:00000d58   263 0001:00000d67   288 0001:00000d6a
   266 0001:00000d70   269 0001:00000d9c   270 0001:00000db1   271 0001:00000dbb
   288 0001:00000dbf   273 0001:00000dc6   274 0001:00000dcd   276 0001:00000de4
   277 0001:00000dec   280 0001:00000dfe   285 0001:00000e02   287 0001:00000e0b
   288 0001:00000e12   308 0001:00000e20   309 0001:00000e27   310 0001:00000e35
   336 0001:00000e38   313 0001:00000e3e   315 0001:00000e6a   316 0001:00000e79
   336 0001:00000e7c   319 0001:00000e84   321 0001:00000e96   322 0001:00000ea1
   324 0001:00000eb8   325 0001:00000ec1   328 0001:00000ed3   333 0001:00000ed7
   335 0001:00000ee2   336 0001:00000ee6   388 0001:00000ef0   389 0001:00000ef4
   392 0001:00000efe   394 0001:00000f01   396 0001:00000f10   397 0001:00000f19
   417 0001:00000f20   418 0001:00000f24   421 0001:00000f2e   423 0001:00000f35
   424 0001:00000f43   425 0001:00000f51   428 0001:00000f58   429 0001:00000f61
   479 0001:00000f70   481 0001:00000f79

Line numbers for .\Release\AudioManager.obj(C:\Users\Administrator\Desktop\Emin摩纳哥源码2025.4.3\Emin摩纳哥源码\Server\common\AudioManager.cpp) segment .text

    12 0001:00000880    17 0001:000008aa    19 0001:000008d1    29 0001:000008d8
    24 0001:000008ed    26 0001:00000900    28 0001:00000907    29 0001:00000917
    32 0001:00000960    33 0001:00000983    34 0001:0000099a    36 0001:000009a4
    37 0001:000009ad    39 0001:000009ba    40 0001:000009c4    41 0001:000009ca
    44 0001:000009f0    47 0001:000009f8    48 0001:00000a14    49 0001:00000a1a
    59 0001:00000a1d    50 0001:00000a21    51 0001:00000a32    52 0001:00000a35
    54 0001:00000a4a    55 0001:00000a52    56 0001:00000a5c    58 0001:00000a67
    59 0001:00000a6d    55 0001:00000a71    56 0001:00000a75    58 0001:00000a7e
    59 0001:00000a84    62 0001:00000a90    63 0001:00000aa9    64 0001:00000ab3
    74 0001:00000ab6    70 0001:00000ac5    72 0001:00000af0    74 0001:00000aff
    77 0001:00000b20    80 0001:00000b36    84 0001:00000b3b    83 0001:00000b3e
    84 0001:00000b4b    87 0001:00000b50    90 0001:00000b5f    92 0001:00000b70
    93 0001:00000b74

Line numbers for .\Release\Audio.obj(C:\Users\Administrator\Desktop\Emin摩纳哥源码2025.4.3\Emin摩纳哥源码\Server\common\Audio.cpp) segment .text

    12 0001:00000000    20 0001:00000004    21 0001:00000016    23 0001:00000067
    24 0001:0000006f    25 0001:0000007b    26 0001:0000007e    27 0001:00000081
    28 0001:00000084    30 0001:0000008b    31 0001:0000008e    35 0001:00000099
    36 0001:000000a2    38 0001:000000ae    39 0001:000000b7    42 0001:000000cd
    44 0001:000000e3    45 0001:000000e8    46 0001:000000ee    47 0001:000000f5
    48 0001:000000fc    49 0001:00000102    50 0001:00000106    51 0001:0000010c
    52 0001:00000112    55 0001:00000140    60 0001:00000146    66 0001:0000016e
    67 0001:00000178    73 0001:000001b9    79 0001:000001cc    85 0001:000001df
    93 0001:000001f2    99 0001:00000205   105 0001:00000216   113 0001:00000229
   115 0001:0000023e   117 0001:00000249   118 0001:00000251   120 0001:00000261
   121 0001:00000272   122 0001:0000027a   125 0001:00000288   127 0001:0000028f
   129 0001:0000029f   130 0001:000002b0   133 0001:000002b8   135 0001:000002c0
   136 0001:000002c9   138 0001:000002d1   139 0001:000002da   141 0001:000002ec
   142 0001:000002f6   143 0001:000002fc   144 0001:00000306   147 0001:00000310
   152 0001:00000317   159 0001:00000336   160 0001:0000034c   162 0001:000003ab
   163 0001:000003c0   172 0001:000003c3   165 0001:000003c9   166 0001:000003d4
   172 0001:000003d7   168 0001:000003dd   169 0001:000003e3   170 0001:000003eb
   171 0001:000003f1   172 0001:000003fb   175 0001:00000410   182 0001:00000412
   184 0001:0000042f   194 0001:00000442   187 0001:00000446   189 0001:00000451
   190 0001:0000045f   191 0001:00000481   193 0001:0000049e   194 0001:000004a1
   197 0001:000004b0   207 0001:000004b6   215 0001:000004d4   221 0001:000004e7
   223 0001:000004fa   224 0001:00000503   245 0001:00000506   226 0001:0000050a
   227 0001:00000512   230 0001:0000052d   231 0001:00000544   232 0001:0000054b
   245 0001:0000054e   234 0001:00000552   236 0001:0000055a   240 0001:0000055f
   243 0001:00000587   245 0001:00000590   248 0001:000005a0   253 0001:000005a6
   265 0001:000005c4   276 0001:000005d7   282 0001:000005ea   290 0001:000005fd
   298 0001:0000060e   304 0001:00000621   306 0001:00000638   307 0001:00000641
   332 0001:00000644   311 0001:00000648   312 0001:00000665   314 0001:00000685
   315 0001:0000068c   332 0001:0000068f   317 0001:00000693   319 0001:0000069b
   323 0001:000006a0   325 0001:000006c8   327 0001:000006d9   328 0001:000006e1
   329 0001:000006e8   332 0001:000006f1   335 0001:00000700   340 0001:00000706
   347 0001:00000724   348 0001:0000073a   356 0001:00000797   364 0001:000007aa
   370 0001:000007bb   376 0001:000007ce   381 0001:000007e1   383 0001:000007f8
   386 0001:00000802   388 0001:00000808   390 0001:00000812   392 0001:0000081c
   393 0001:0000082e   399 0001:00000832   402 0001:0000083c   403 0001:00000845
   406 0001:00000860   407 0001:00000863   394 0001:0000086c   407 0001:00000870

 272 bytes saved through ICF

