 Server

 Timestamp is 67ece9ed (Wed Apr 02 15:40:29 2025)

 Preferred load address is 10000000

 Start         Length     Name                   Class
 0001:00000000 000937a8H .text                   CODE
 0001:000937b0 00000ccaH .text$x                 CODE
 0002:00000000 00002e50H .rodata                 CODE
 0003:00000000 0001ae92H .rotext                 CODE
 0004:00000000 000006dcH .idata$5                DATA
 0004:000006e0 0003df68H .rdata                  DATA
 0004:0003e648 00000044H .rdata$r                DATA
 0004:0003e690 00001170H .xdata$x                DATA
 0004:0003f800 00000168H .idata$2                DATA
 0004:0003f968 00000014H .idata$3                DATA
 0004:0003f97c 000006dcH .idata$4                DATA
 0004:00040058 000019d0H .idata$6                DATA
 0004:00041a30 00000045H .edata                  DATA
 0005:00000000 00000004H .CRT$XCA                DATA
 0005:00000004 00000008H .CRT$XCU                DATA
 0005:0000000c 00000004H .CRT$XCZ                DATA
 0005:00000010 00000004H .CRT$XIA                DATA
 0005:00000014 00000004H .CRT$XIZ                DATA
 0005:00000020 00030600H .data                   DATA
 0005:00030620 0006d260H .bss                    DATA
 0006:00000000 000001d8H .rsrc$01                DATA
 0006:000001e0 000030b0H .rsrc$02                DATA

  Address         Publics by Value              Rva+Base     Lib:Object

 0001:00000000       ??0CAudio@@QAE@XZ          10001000 f   Audio.obj
 0001:00000120       ??_ECAudio@@UAEPAXI@Z      10001120 f i Audio.obj
 0001:00000120       ??_GCAudio@@UAEPAXI@Z      10001120 f i Audio.obj
 0001:00000140       ??1CAudio@@UAE@XZ          10001140 f   Audio.obj
 0001:00000310       ?getRecordBuffer@CAudio@@QAEPAEPAK@Z 10001310 f   Audio.obj
 0001:00000410       ?playBuffer@CAudio@@QAE_NPAEK@Z 10001410 f   Audio.obj
 0001:000004b0       ?InitializeWaveOut@CAudio@@AAE_NXZ 100014b0 f   Audio.obj
 0001:000005a0       ?InitializeWaveIn@CAudio@@AAE_NXZ 100015a0 f   Audio.obj
 0001:00000700       ?waveInCallBack@CAudio@@CGKPAX@Z 10001700 f   Audio.obj
 0001:00000880       ??0CAudioManager@@QAE@PAVCClientSocket@@@Z 10001880 f   AudioManager.obj
 0001:00000940       ??_ECAudioManager@@UAEPAXI@Z 10001940 f i AudioManager.obj
 0001:00000940       ??_GCAudioManager@@UAEPAXI@Z 10001940 f i AudioManager.obj
 0001:00000960       ??1CAudioManager@@UAE@XZ   10001960 f   AudioManager.obj
 0001:000009f0       ?sendRecordBuffer@CAudioManager@@QAEHXZ 100019f0 f   AudioManager.obj
 0001:00000a90       ?Initialize@CAudioManager@@AAE_NXZ 10001a90 f   AudioManager.obj
 0001:00000b20       ?OnReceive@CAudioManager@@UAEXPAEI@Z 10001b20 f   AudioManager.obj
 0001:00000b50       ?WorkThread@CAudioManager@@CGKPAX@Z 10001b50 f   AudioManager.obj
 0001:00000b80       ??0CBuffer@@QAE@XZ         10001b80 f   Buffer.obj
 0001:00000bb0       ??_GCBuffer@@UAEPAXI@Z     10001bb0 f i Buffer.obj
 0001:00000bb0       ??_ECBuffer@@UAEPAXI@Z     10001bb0 f i Buffer.obj
 0001:00000bd0       ??1CBuffer@@UAE@XZ         10001bd0 f   Buffer.obj
 0001:00000c00       ?Write@CBuffer@@QAEHPAEI@Z 10001c00 f   Buffer.obj
 0001:00000c80       ?Read@CBuffer@@QAEIPAEI@Z  10001c80 f   Buffer.obj
 0001:00000d30       ?GetBufferLen@CBuffer@@QAEIXZ 10001d30 f   Buffer.obj
 0001:00000d40       ?ReAllocateBuffer@CBuffer@@IAEII@Z 10001d40 f   Buffer.obj
 0001:00000e10       ?DeAllocateBuffer@CBuffer@@IAEII@Z 10001e10 f   Buffer.obj
 0001:00000ee0       ?ClearBuffer@CBuffer@@QAEXXZ 10001ee0 f   Buffer.obj
 0001:00000f10       ?ReallyClearBuffer@CBuffer@@QAEXXZ 10001f10 f   Buffer.obj
 0001:00000f60       ?GetBuffer@CBuffer@@QAEPAEI@Z 10001f60 f   Buffer.obj
 0001:00000f70       ??0CChatManager@@QAE@PAVCClientSocket@@@Z 10001f70 f   ChatManager.obj
 0001:00001000       ??_ECChatManager@@UAEPAXI@Z 10002000 f i ChatManager.obj
 0001:00001000       ??_GCChatManager@@UAEPAXI@Z 10002000 f i ChatManager.obj
 0001:00001020       ??1CChatManager@@UAE@XZ    10002020 f   ChatManager.obj
 0001:00001050       ?MessageLoopProc@CChatManager@@CGKPAX@Z 10002050 f   ChatManager.obj
 0001:00001330       ?ChatDialogProc@CChatManager@@CGHPAUHWND__@@IIJ@Z 10002330 f   ChatManager.obj
 0001:000015a0       ?OnReceive@CChatManager@@UAEXPAEI@Z 100025a0 f   ChatManager.obj
 0001:000016f0       _cJSON_Delete              100026f0 f   cJSON.obj
 0001:00001760       _cJSON_ParseWithOpts       10002760 f   cJSON.obj
 0001:00001830       _cJSON_Parse               10002830 f   cJSON.obj
 0001:00001850       _cJSON_PrintUnformatted    10002850 f   cJSON.obj
 0001:00002fa0       _cJSON_GetObjectItem       10003fa0 f   cJSON.obj
 0001:00003060       _cJSON_AddItemToArray      10004060 f   cJSON.obj
 0001:000030a0       _cJSON_AddItemToObject     100040a0 f   cJSON.obj
 0001:000030e0       ??0CClientSocket@@QAE@XZ   100040e0 f   ClientSocket.obj
 0001:00003240       ??_ECClientSocket@@UAEPAXI@Z 10004240 f i ClientSocket.obj
 0001:00003240       ??_GCClientSocket@@UAEPAXI@Z 10004240 f i ClientSocket.obj
 0001:00003260       ?rc4_init@CClientSocket@@QAEXPAE0K@Z 10004260 f   ClientSocket.obj
 0001:00003300       ?rc4_crypt@CClientSocket@@QAEXPAE0K@Z 10004300 f   ClientSocket.obj
 0001:000033a0       ??1CClientSocket@@UAE@XZ   100043a0 f   ClientSocket.obj
 0001:00003460       ?Connect@CClientSocket@@QAE_NPBDI@Z 10004460 f   ClientSocket.obj
 0001:000035a0       ?MyDecode@@YAPADPADH@Z     100045a0 f   ClientSocket.obj
 0001:000035d0       ?WorkThread@CClientSocket@@CGKPAX@Z 100045d0 f   ClientSocket.obj
 0001:000036d0       ?run_event_loop@CClientSocket@@QAEXXZ 100046d0 f   ClientSocket.obj
 0001:000036e0       ?IsRunning@CClientSocket@@QAE_NXZ 100046e0 f   ClientSocket.obj
 0001:000036f0       ?OnRead@CClientSocket@@QAEXPAEK@Z 100046f0 f   ClientSocket.obj
 0001:00003950       ?Disconnect@CClientSocket@@QAEXXZ 10004950 f   ClientSocket.obj
 0001:000039d0       ?SB360@CClientSocket@@QAEXPAEK@Z 100049d0 f   ClientSocket.obj
 0001:00003a80       ?Send@CClientSocket@@QAEHPAEI@Z 10004a80 f   ClientSocket.obj
 0001:00003c70       ?MyEncode@@YAPADPADH@Z     10004c70 f   ClientSocket.obj
 0001:00003ca0       ?SendWithSplit@CClientSocket@@AAEHPAEII@Z 10004ca0 f   ClientSocket.obj
 0001:00003d60       ?SetManagerCallBack@CClientSocket@@QAEXPAVCManager@@@Z 10004d60 f   ClientSocket.obj
 0001:00003d70       ??0CDialupass@@QAE@XZ      10004d70 f   Dialupass.obj
 0001:00003dd0       ??_ECDialupass@@UAEPAXI@Z  10004dd0 f i Dialupass.obj
 0001:00003dd0       ??_GCDialupass@@UAEPAXI@Z  10004dd0 f i Dialupass.obj
 0001:00003df0       ??1CDialupass@@UAE@XZ      10004df0 f   Dialupass.obj
 0001:00003e50       ?GetLocalSid@CDialupass@@AAEPADXZ 10004e50 f   Dialupass.obj
 0001:00003f80       ?GetRasEntryCount@CDialupass@@AAEKXZ 10004f80 f   Dialupass.obj
 0001:000043f0       ?GetLsaData@CDialupass@@AAEPAU_LSA_UNICODE_STRING@@PAD@Z 100053f0 f   Dialupass.obj
 0001:00004510       ?AnsiStringToLsaStr@CDialupass@@AAEXPADPAU_LSA_UNICODE_STRING@@@Z 10005510 f   Dialupass.obj
 0001:00004590       ?GetLsaPasswords@CDialupass@@AAEXXZ 10005590 f   Dialupass.obj
 0001:000046c0       ?ParseLsaBuffer@CDialupass@@AAEXPBGG@Z 100056c0 f   Dialupass.obj
 0001:00004860       ?GetRasEntries@CDialupass@@AAE_NXZ 10005860 f   Dialupass.obj
 0001:00004f40       ?UTF8ToGB2312@CDialupass@@AAEPBDQAD@Z 10005f40 f   Dialupass.obj
 0001:00005000       ?Set@CDialupass@@AAEHPAD00000@Z 10006000 f   Dialupass.obj
 0001:000053b0       ?Set@COneInfo@@QAEXHPAD@Z  100063b0 f i Dialupass.obj
 0001:00005420       ??_GCOneInfo@@UAEPAXI@Z    10006420 f i Dialupass.obj
 0001:00005420       ??_ECOneInfo@@UAEPAXI@Z    10006420 f i Dialupass.obj
 0001:00005460       ?upcaseA@@YIDD@Z           10006460 f   DllManager.obj
 0001:00005470       ?strcmpiA@@YIHPBD0@Z       10006470 f   DllManager.obj
 0001:000054d0       ?myfree@@YAXPAX@Z          100064d0 f   DllManager.obj
 0001:000054f0       ?myrealloc@@YAPAXPAXI@Z    100064f0 f   DllManager.obj
 0001:00005530       _MemoryLoadLibrary         10006530 f   DllManager.obj
 0001:000059b0       _MemoryGetProcAddress      100069b0 f   DllManager.obj
 0001:00005a40       _MemoryFreeLibrary         10006a40 f   DllManager.obj
 0001:00005ad0       ??0CDllManager@@QAE@PAVCClientSocket@@PAE@Z 10006ad0 f   DllManager.obj
 0001:00005bf0       ??_ECDllManager@@UAEPAXI@Z 10006bf0 f i DllManager.obj
 0001:00005bf0       ??_GCDllManager@@UAEPAXI@Z 10006bf0 f i DllManager.obj
 0001:00005c10       ??1CDllManager@@UAE@XZ     10006c10 f   DllManager.obj
 0001:00005c20       ?OnReceive@CDllManager@@UAEXPAEI@Z 10006c20 f   DllManager.obj
 0001:00005d30       ?DecryptPlug@@YAXPAEKK@Z   10006d30 f   DllManager.obj
 0001:00005d60       ?getDllVersion@CDllManager@@IAEPAEPBD@Z 10006d60 f   DllManager.obj
 0001:00005ff0       ?SendDllVersion@CDllManager@@IAEXPBD@Z 10006ff0 f   DllManager.obj
 0001:00006020       ?LoadLib@CDllManager@@IAEXPAE@Z 10007020 f   DllManager.obj
 0001:00006220       ?WriteLocalRecvFile@CDllManager@@AAEXPAEI@Z 10007220 f   DllManager.obj
 0001:00006340       ?CreateLocalRecvFile@CDllManager@@AAEXPAE@Z 10007340 f   DllManager.obj
 0001:00006380       ?GetFileData@CDllManager@@AAEXXZ 10007380 f   DllManager.obj
 0001:00006470       ??0CFileFinder@@QAE@XZ     10007470 f   FileFinder.obj
 0001:000064d0       ??_GCFileFinder@@UAEPAXI@Z 100074d0 f i FileFinder.obj
 0001:000064d0       ??_ECFileFinder@@UAEPAXI@Z 100074d0 f i FileFinder.obj
 0001:000064f0       ??1CFileFinder@@UAE@XZ     100074f0 f   FileFinder.obj
 0001:00006550       ??1CFindOpts@CFileFinder@@QAE@XZ 10007550 f i FileFinder.obj
 0001:000065b0       ?Find@CFileFinder@@QAEHAAVCFindOpts@1@@Z 100075b0 f   FileFinder.obj
 0001:00006bb0       ?Reset@CFindOpts@CFileFinder@@QAEXXZ 10007bb0 f i FileFinder.obj
 0001:00006c40       ?FindTextInFile@CFileFinder@@QAEHPBD0@Z 10007c40 f   FileFinder.obj
 0001:00006e40       ?GetMemSize@CBuffer@@IAEIXZ 10007e40 f   FileFinder.obj
 0001:00006e40       ?GetFileCount@CFileFinder@@QAEHXZ 10007e40 f   FileFinder.obj
 0001:00006e50       ?GetFilePath@CFileFinder@@QAE?AVCPath@@H@Z 10007e50 f   FileFinder.obj
 0001:00006eb0       ?RemoveAll@CFileFinder@@QAEXXZ 10007eb0 f   FileFinder.obj
 0001:00006ed0       ?SetCallback@CFileFinder@@QAEXP6AXPAV1@KPAX@Z1@Z 10007ed0 f   FileFinder.obj
 0001:00006ef0       ??NCTime@@QBEHV0@@Z        10007ef0 f i FileFinder.obj
 0001:00006f00       ??PCTime@@QBEHV0@@Z        10007f00 f i FileFinder.obj
 0001:00006f10       ??0CFileManager@@QAE@PAVCClientSocket@@@Z 10007f10 f   FileManager.obj
 0001:00006fd0       ??_GCFileManager@@UAEPAXI@Z 10007fd0 f i FileManager.obj
 0001:00006fd0       ??_ECFileManager@@UAEPAXI@Z 10007fd0 f i FileManager.obj
 0001:00006ff0       ??1CFileManager@@UAE@XZ    10007ff0 f   FileManager.obj
 0001:00007140       ?OnReceive@CFileManager@@UAEXPAEI@Z 10008140 f   FileManager.obj
 0001:00007550       ?MakeSureDirectoryPathExists@CFileManager@@AAE_NPBD@Z 10008550 f   FileManager.obj
 0001:000076d0       ?ImpersonateLoggedOnUserWrapper@CFileManager@@AAEPAXXZ 100086d0 f   FileManager.obj
 0001:000079b0       ?SendDriveList@CFileManager@@QAEIXZ 100089b0 f   FileManager.obj
 0001:00007be0       ?SendFilesList@CFileManager@@AAEIPBD@Z 10008be0 f   FileManager.obj
 0001:00007e00       ?DeleteDirectory@CFileManager@@AAE_NPBD@Z 10008e00 f   FileManager.obj
 0001:00007f90       ?SendFileSize@CFileManager@@AAEIPBD@Z 10008f90 f   FileManager.obj
 0001:000080a0       ?SendFileData@CFileManager@@AAEIPAE@Z 100090a0 f   FileManager.obj
 0001:00008160       ?UploadNext@CFileManager@@AAEXXZ 10009160 f   FileManager.obj
 0001:000081f0       ?SendToken@CDllManager@@AAEHE@Z 100091f0 f   FileManager.obj
 0001:000081f0       ?SendToken@CFileManager@@AAEHE@Z 100091f0 f   FileManager.obj
 0001:00008200       ?UploadToRemote@CFileManager@@AAE_NPAE@Z 10009200 f   FileManager.obj
 0001:00008330       ?FixedUploadList@CFileManager@@AAE_NPBD@Z 10009330 f   FileManager.obj
 0001:000085c0       ?StopTransfer@CFileManager@@AAEXH@Z 100095c0 f   FileManager.obj
 0001:000086c0       ?CreateLocalRecvFile@CFileManager@@AAEXPAE@Z 100096c0 f   FileManager.obj
 0001:000087a0       ?GetFileData@CFileManager@@AAEXXZ 100097a0 f   FileManager.obj
 0001:000088e0       ?WriteLocalRecvFile@CFileManager@@AAEXPAEI@Z 100098e0 f   FileManager.obj
 0001:00008970       ?SetTransferMode@CFileManager@@AAEXPAE@Z 10009970 f   FileManager.obj
 0001:00008990       ?CreateFolder@CFileManager@@AAEXPAE@Z 10009990 f   FileManager.obj
 0001:000089b0       ?Rename@CFileManager@@AAEXPAE@Z 100099b0 f   FileManager.obj
 0001:000089e0       ?ExeCompress@CFileManager@@AAEXPAE@Z 100099e0 f   FileManager.obj
 0001:00008a60       ?SearchFile@CFileManager@@AAEXPAE@Z 10009a60 f   FileManager.obj
 0001:00008c90       ?FileFinderProc@CFileManager@@KAXPAVCFileFinder@@KPAX@Z 10009c90 f   FileManager.obj
 0001:00008e60       ??1?$list@V?$basic_string@DU?$char_traits@D@std@@V?$allocator@D@2@@std@@V?$allocator@V?$basic_string@DU?$char_traits@D@std@@V?$allocator@D@2@@std@@@2@@std@@QAE@XZ 10009e60 f i FileManager.obj
 0001:00008ec0       ?_Buynode@?$list@V?$basic_string@DU?$char_traits@D@std@@V?$allocator@D@2@@std@@V?$allocator@V?$basic_string@DU?$char_traits@D@std@@V?$allocator@D@2@@std@@@2@@std@@IAEPAU_Node@12@PAU312@0@Z 10009ec0 f i FileManager.obj
 0001:00008ef0       ??Eiterator@?$list@V?$basic_string@DU?$char_traits@D@std@@V?$allocator@D@2@@std@@V?$allocator@V?$basic_string@DU?$char_traits@D@std@@V?$allocator@D@2@@std@@@2@@std@@QAE?AV012@H@Z 10009ef0 f i FileManager.obj
 0001:00008f00       ?deallocate@?$allocator@D@std@@QAEXPAXI@Z 10009f00 f i FileManager.obj
 0001:00008f10       ?_Construct@std@@YAXPAV?$basic_string@DU?$char_traits@D@std@@V?$allocator@D@2@@1@ABV21@@Z 10009f10 f i FileManager.obj
 0001:00009080       ??3@YAXPAX0@Z              1000a080 f i FileManager.obj
 0001:00009080       ?AssertValid@CObject@@UBEXXZ 1000a080 f i FileManager.obj
 0001:00009090       ??_G?$basic_string@DU?$char_traits@D@std@@V?$allocator@D@2@@std@@QAEPAXI@Z 1000a090 f i FileManager.obj
 0001:000090f0       ?getNetStateList@@YAPAEXZ  1000a0f0 f   GetNetState.obj
 0001:0000a0e0       ?ProcessPidToName@@YAPADPAXKPAD@Z 1000b0e0 f   GetNetState.obj
 0001:0000a190       ?SaveToFile@@YAXPAD@Z      1000b190 f   KernelManager.obj
 0001:0000a2d0       ?IsWindowsFocusChange@@YAHXZ 1000b2d0 f   KernelManager.obj
 0001:0000a3e0       ?KeyLogger@@YGKJ@Z         1000b3e0 f   KernelManager.obj
 0001:0000a5f0       ?EnumProcesin@@YAHPAD@Z    1000b5f0 f   KernelManager.obj
 0001:0000a6c0       ?EnumWindowsList@@YGHPAUHWND__@@J@Z 1000b6c0 f   KernelManager.obj
 0001:0000a750       ?OpenUrl@@YA_NPAEH@Z       1000b750 f   KernelManager.obj
 0001:0000afa0       ?Loop_FileManager@@YGKPAE@Z 1000bfa0 f   KernelManager.obj
 0001:0000b080       ?Loop_ShellManager@@YGKPAE@Z 1000c080 f   KernelManager.obj
 0001:0000b160       ?Loop_ScreenManager@@YGKPAE@Z 1000c160 f   KernelManager.obj
 0001:0000b240       ?Loop_DllManager@@YGKPAE@Z 1000c240 f   KernelManager.obj
 0001:0000b320       ?Loop_AudioManager@@YGKPAE@Z 1000c320 f   KernelManager.obj
 0001:0000b420       ?Loop_KeyboardManager@@YGKI@Z 1000c420 f   KernelManager.obj
 0001:0000b500       ?Loop_SystemManager@@YGKPAE@Z 1000c500 f   KernelManager.obj
 0001:0000b600       ?Loop_RegeditManager@@YGKPAE@Z 1000c600 f   KernelManager.obj
 0001:0000b6e0       ?Loop_SerManager@@YGKPAE@Z 1000c6e0 f   KernelManager.obj
 0001:0000b7c0       ?Loop_SysInfoManager@@YGKI@Z 1000c7c0 f   KernelManager.obj
 0001:0000b8c0       ?Loop_ChatManager@@YGKPAE@Z 1000c8c0 f   KernelManager.obj
 0001:0000b9b0       ?Loop_QQInfoManager@@YGKPAE@Z 1000c9b0 f   KernelManager.obj
 0001:0000ba90       ?Loop_MessageBox@@YGXPAX@Z 1000ca90 f   KernelManager.obj
 0001:0000baf0       ?Loop_OpenUrlShow@@YGKPAE@Z 1000caf0 f   KernelManager.obj
 0001:0000bb10       ?Loop_OpenUrlHide@@YGKPAE@Z 1000cb10 f   KernelManager.obj
 0001:0000bb30       ?Loop_SortProcess@@YGKPAX@Z 1000cb30 f   KernelManager.obj
 0001:0000bb70       ?Loop_SortWindow@@YGKPAX@Z 1000cb70 f   KernelManager.obj
 0001:0000bbc0       ?Loop_DownManager@@YGKPAX@Z 1000cbc0 f   KernelManager.obj
 0001:0000be00       ?CleanEvent@@YAXXZ         1000ce00 f   KernelManager.obj
 0001:0000be70       ?SetHostID@@YAXPBD@Z       1000ce70 f   KernelManager.obj
 0001:0000bec0       ?KillMBR@@YAHH@Z           1000cec0 f   KernelManager.obj
 0001:0000bfd0       ?Loop_PrankControl@@YGXPAX@Z 1000cfd0 f   KernelManager.obj
 0001:0000c250       ?Loop_Screen@@YGKXZ        1000d250 f   KernelManager.obj
 0001:0000c2d0       ?Wj_OnButtonAdd@@YAXPAD@Z  1000d2d0 f   KernelManager.obj
 0001:0000c3d0       ?Loop_Start@@YGXPAX@Z      1000d3d0 f   KernelManager.obj
 0001:0000c510       ?Loop_ProxyManager@@YGKI@Z 1000d510 f   KernelManager.obj
 0001:0000c5f0       ?IsOsVersionVistaOrGreater@@YA_NXZ 1000d5f0 f   KernelManager.obj
 0001:0000c630       ?Win7Elevate_Privileges@@YGKPAX@Z 1000d630 f   KernelManager.obj
 0001:0000c720       ?ReStartExp@@YGKPAX@Z      1000d720 f   KernelManager.obj
 0001:0000c7d0       ?ReStartieqc@@YGKPAX@Z     1000d7d0 f   KernelManager.obj
 0001:0000c7f0       ??0CKernelManager@@QAE@PAVCClientSocket@@PBDI@Z 1000d7f0 f   KernelManager.obj
 0001:0000c850       ??_GCKernelManager@@UAEPAXI@Z 1000d850 f i KernelManager.obj
 0001:0000c850       ??_ECKernelManager@@UAEPAXI@Z 1000d850 f i KernelManager.obj
 0001:0000c870       ?SortProce@CKernelManager@@AAEXH@Z 1000d870 f   KernelManager.obj
 0001:0000c8b0       ??1CKernelManager@@UAE@XZ  1000d8b0 f   KernelManager.obj
 0001:0000c900       ?OnReceive@CKernelManager@@UAEXPAEI@Z 1000d900 f   KernelManager.obj
 0001:0000ce80       ?RecvAndOpenFile@CKernelManager@@QAEHPBXIH@Z 1000de80 f   KernelManager.obj
 0001:0000d140       ?ReStartServer@CKernelManager@@QAEXXZ 1000e140 f   KernelManager.obj
 0001:0000d400       ?UnInstallServer@CKernelManager@@QAEXXZ 1000e400 f   KernelManager.obj
 0001:0000d8b0       ?ShutdownWindows@CKernelManager@@QAEXK@Z 1000e8b0 f   KernelManager.obj
 0001:0000d8e0       ??0CKeyboardManager@@QAE@PAVCClientSocket@@@Z 1000e8e0 f   KeyboardManager.obj
 0001:0000d940       ??_ECKeyboardManager@@UAEPAXI@Z 1000e940 f i KeyboardManager.obj
 0001:0000d940       ??_GCKeyboardManager@@UAEPAXI@Z 1000e940 f i KeyboardManager.obj
 0001:0000d960       ??1CKeyboardManager@@UAE@XZ 1000e960 f   KeyboardManager.obj
 0001:0000d980       ?sendStartKeyBoard@CKeyboardManager@@AAEHXZ 1000e980 f   KeyboardManager.obj
 0001:0000d9a0       ?sendKeyBoardData@CKeyboardManager@@AAEHPAEI@Z 1000e9a0 f   KeyboardManager.obj
 0001:0000da00       ?sendOfflineRecord@CKeyboardManager@@AAEHXZ 1000ea00 f   KeyboardManager.obj
 0001:0000db50       ?OnReceive@CKeyboardManager@@UAEXPAEI@Z 1000eb50 f   KeyboardManager.obj
 0001:0000dc80       ??0CManager@@QAE@PAVCClientSocket@@@Z 1000ec80 f   Manager.obj
 0001:0000dcc0       ??_GCManager@@UAEPAXI@Z    1000ecc0 f i Manager.obj
 0001:0000dcc0       ??_ECManager@@UAEPAXI@Z    1000ecc0 f i Manager.obj
 0001:0000dce0       ??1CManager@@UAE@XZ        1000ece0 f   Manager.obj
 0001:0000dd10       ?OnReceive@CManager@@UAEXPAEI@Z 1000ed10 f   Manager.obj
 0001:0000dd20       ?IsConnect@CManager@@QAEHXZ 1000ed20 f   Manager.obj
 0001:0000dd80       ?Disconnect@CManager@@QAEXXZ 1000ed80 f   Manager.obj
 0001:0000ddd0       ?Send@CManager@@QAEHPAEI@Z 1000edd0 f   Manager.obj
 0001:0000de40       ?WaitForDialogOpen@CManager@@QAEXXZ 1000ee40 f   Manager.obj
 0001:0000de70       ?NotifyDialogIsOpen@CManager@@QAEXXZ 1000ee70 f   Manager.obj
 0001:0000de80       ?GetBuffer@CManager@@QAEPAEI@Z 1000ee80 f   Manager.obj
 0001:0000def0       ?my_strnicmp@Myfunction@@QAEHPBD0H@Z 1000eef0 f   Myfunction.obj
 0001:0000df40       ?DelSpace@Myfunction@@QAEPADPAD@Z 1000ef40 f   Myfunction.obj
 0001:0000df70       ?my_memcpy@Myfunction@@QAEPAXPAXPBXI@Z 1000ef70 f   Myfunction.obj
 0001:0000dfa0       ?my_strncpy@Myfunction@@QAEPADPADPBDH@Z 1000efa0 f   Myfunction.obj
 0001:0000dff0       ?my_strcat@Myfunction@@QAEPADPADPBD@Z 1000eff0 f   Myfunction.obj
 0001:0000e030       ?my_strlen@Myfunction@@QAEIPBD@Z 1000f030 f   Myfunction.obj
 0001:0000e0b0       ?my_strcpy@Myfunction@@QAEPADPAD0@Z 1000f0b0 f   Myfunction.obj
 0001:0000e0e0       ?my_strrchr@Myfunction@@QAEPADPBDH@Z 1000f0e0 f   Myfunction.obj
 0001:0000e120       ??_ECPath@@UAEPAXI@Z       1000f120 f i Path.obj
 0001:0000e120       ??_GCPath@@UAEPAXI@Z       1000f120 f i Path.obj
 0001:0000e140       ??0CPath@@QAE@PBDHH@Z      1000f140 f   Path.obj
 0001:0000e220       ??1CPath@@UAE@XZ           1000f220 f   Path.obj
 0001:0000e320       ?SetPath@CPath@@QAEXPBDHH@Z 1000f320 f   Path.obj
 0001:0000e540       ?IsLocalPath@CPath@@QAEHXZ 1000f540 f   Path.obj
 0001:0000e560       ?IsRelativePath@CPath@@QAEHXZ 1000f560 f   Path.obj
 0001:0000e570       ?IsFilePath@CPath@@QAEHXZ  1000f570 f   Path.obj
 0001:0000e580       ?GetPath@CPath@@QAE?AVCString@@HH@Z 1000f580 f   Path.obj
 0001:0000e6b0       ?GetDirCount@CPath@@QAEHXZ 1000f6b0 f   Path.obj
 0001:0000e6c0       ?GetDir@CPath@@QAE?AVCString@@H@Z 1000f6c0 f   Path.obj
 0001:0000e730       ?GetLocation@CPath@@QAE?AVCString@@XZ 1000f730 f   Path.obj
 0001:0000e7a0       ?GetFileName@CPath@@QAE?AVCString@@XZ 1000f7a0 f   Path.obj
 0001:0000e810       ?GetExtension@CPath@@QAE?AVCString@@XZ 1000f810 f   Path.obj
 0001:0000e8b0       ?GetArgCount@CPath@@QAEHXZ 1000f8b0 f   Path.obj
 0001:0000e8c0       ?GetArgument@CPath@@QAE?AVCString@@HH@Z 1000f8c0 f   Path.obj
 0001:0000e9e0       ?GetString@CArgument@CPath@@QAE?AVCString@@XZ 1000f9e0 f i Path.obj
 0001:0000eb70       ??1CArgument@CPath@@UAE@XZ 1000fb70 f i Path.obj
 0001:0000ebd0       ?SetFlag@CArgument@CPath@@QAEXVCString@@@Z 1000fbd0 f i Path.obj
 0001:0000ec50       ??_GCArgument@CPath@@UAEPAXI@Z 1000fc50 f i Path.obj
 0001:0000ec50       ??_ECArgument@CPath@@UAEPAXI@Z 1000fc50 f i Path.obj
 0001:0000ec70       ?FillDirArray@CPath@@AAEXXZ 1000fc70 f   Path.obj
 0001:0000ed40       ?FillArgArray@CPath@@AAEXXZ 1000fd40 f   Path.obj
 0001:0000f070       ?AddBackSlash@CPath@@SA?AVCString@@PBDH@Z 10010070 f   Path.obj
 0001:0000f110       ??BCPath@@QAEPBDXZ         10010110 f   Path.obj
 0001:0000f170       ??1?$CArray@VCArgument@CPath@@AAV12@@@UAE@XZ 10010170 f i Path.obj
 0001:0000f1f0       ??_GCObject@@UAEPAXI@Z     100101f0 f i Path.obj
 0001:0000f1f0       ??_ECObject@@UAEPAXI@Z     100101f0 f i Path.obj
 0001:0000f210       ?Serialize@?$CArray@VCArgument@CPath@@AAV12@@@UAEXAAVCArchive@@@Z 10010210 f i Path.obj
 0001:0000f3e0       ??1CObject@@UAE@XZ         100103e0 f i Path.obj
 0001:0000f3f0       ?Serialize@CObject@@UAEXAAVCArchive@@@Z 100103f0 f i Path.obj
 0001:0000f3f0       ?Dump@CObject@@UBEXAAVCDumpContext@@@Z 100103f0 f i Path.obj
 0001:0000f400       ??_G?$CArray@VCArgument@CPath@@AAV12@@@UAEPAXI@Z 10010400 f i Path.obj
 0001:0000f400       ??_E?$CArray@VCArgument@CPath@@AAV12@@@UAEPAXI@Z 10010400 f i Path.obj
 0001:0000f420       ?SetSize@?$CArray@VCArgument@CPath@@AAV12@@@QAEXHH@Z 10010420 f i Path.obj
 0001:0000f5a0       ?ConstructElements@@YGXPAVCArgument@CPath@@H@Z 100105a0 f i Path.obj
 0001:0000f640       ??0CProxyManager@@QAE@PAVCClientSocket@@@Z 10010640 f   ProxyManager.obj
 0001:0000f6c0       ??_GCProxyManager@@UAEPAXI@Z 100106c0 f i ProxyManager.obj
 0001:0000f6c0       ??_ECProxyManager@@UAEPAXI@Z 100106c0 f i ProxyManager.obj
 0001:0000f6e0       ??1CProxyManager@@UAE@XZ   100106e0 f   ProxyManager.obj
 0001:0000f7a0       ?Send@CProxyManager@@QAEHPAEI@Z 100107a0 f   ProxyManager.obj
 0001:0000f7e0       ?SendConnectResult@CProxyManager@@QAEXPAEKG@Z 100107e0 f   ProxyManager.obj
 0001:0000f810       ?Disconnect@CProxyManager@@QAEXK@Z 10010810 f   ProxyManager.obj
 0001:0000f870       ?OnReceive@CProxyManager@@UAEXPAEI@Z 10010870 f   ProxyManager.obj
 0001:0000fc80       ??0CQQInfoManager@@QAE@PAVCClientSocket@@@Z 10010c80 f   QQInfoManager.obj
 0001:0000fcf0       ??_ECQQInfoManager@@UAEPAXI@Z 10010cf0 f i QQInfoManager.obj
 0001:0000fcf0       ??_GCQQInfoManager@@UAEPAXI@Z 10010cf0 f i QQInfoManager.obj
 0001:0000fd10       ??1CQQInfoManager@@UAE@XZ  10010d10 f   QQInfoManager.obj
 0001:0000fd20       ?OnReceive@CQQInfoManager@@UAEXPAEI@Z 10010d20 f   QQInfoManager.obj
 0001:0000fd40       ?SendQQLocalJson@CQQInfoManager@@AAEHXZ 10010d40 f   QQInfoManager.obj
 0001:0000fe20       ?GetQQCookieInfo@CQQInfoManager@@AAEHPAD000I@Z 10010e20 f   QQInfoManager.obj
 0001:000106e0       ?GetQQFriendJson@CQQInfoManager@@AAEPAUcJSON@@PAD@Z 100116e0 f   QQInfoManager.obj
 0001:00010aa0       ?GetQQGroupMemberJson@CQQInfoManager@@AAEPAUcJSON@@PAD0@Z 10011aa0 f   QQInfoManager.obj
 0001:00010d80       ?GetQQGroupJson@CQQInfoManager@@AAEPAUcJSON@@PAD@Z 10011d80 f   QQInfoManager.obj
 0001:000112a0       ?GetQQLocalJson@CQQInfoManager@@AAEPAUcJSON@@XZ 100122a0 f   QQInfoManager.obj
 0001:00011940       ?ReadRegEx@@YAHPAUHKEY__@@PBD1KPADPAEKH@Z 10012940 f   RegEditEx.obj
 0001:00011ee0       ?WriteRegEx@@YAHPAUHKEY__@@PBD1KPADKH@Z 10012ee0 f   RegEditEx.obj
 0001:000120d0       ??_GRegeditOpt@@UAEPAXI@Z  100130d0 f i RegeditOpt.obj
 0001:000120d0       ??_ERegeditOpt@@UAEPAXI@Z  100130d0 f i RegeditOpt.obj
 0001:000120f0       ??0RegeditOpt@@QAE@D@Z     100130f0 f   RegeditOpt.obj
 0001:000121a0       ?SetPath@RegeditOpt@@QAEXPAD@Z 100131a0 f   RegeditOpt.obj
 0001:00012250       ??1RegeditOpt@@UAE@XZ      10013250 f   RegeditOpt.obj
 0001:00012260       ?FindPath@RegeditOpt@@QAEPADXZ 10013260 f   RegeditOpt.obj
 0001:00012410       ?FindKey@RegeditOpt@@QAEPADXZ 10013410 f   RegeditOpt.obj
 0001:00012690       ??_GCRegistry@@UAEPAXI@Z   10013690 f i Registry.obj
 0001:00012690       ??_ECRegistry@@UAEPAXI@Z   10013690 f i Registry.obj
 0001:000126b0       ??0CRegistry@@QAE@D@Z      100136b0 f   Registry.obj
 0001:00012710       ??1CRegistry@@UAE@XZ       10013710 f   Registry.obj
 0001:00012720       ?CreateKey@CRegistry@@QAEHPBD@Z 10013720 f   Registry.obj
 0001:00012830       ?Open@CRegistry@@QAEHPBD@Z 10013830 f   Registry.obj
 0001:00012940       ?Close@CRegistry@@QAEXXZ   10013940 f   Registry.obj
 0001:00012960       ?DeleteValue@CRegistry@@QAEHPBD@Z 10013960 f   Registry.obj
 0001:00012980       ?DeleteKey@CRegistry@@QAEHPAD@Z 10013980 f   Registry.obj
 0001:00012a60       ?Write@CRegistry@@QAEHPBDK@Z 10013a60 f   Registry.obj
 0001:00012a90       ?Write@CRegistry@@QAEHPBD0@Z 10013a90 f   Registry.obj
 0001:00012ad0       ?WriteBuf@CRegistry@@QAEHPBD0@Z 10013ad0 f   Registry.obj
 0001:00012b10       ??0CRegManager@@QAE@PAVCClientSocket@@@Z 10013b10 f   RegManager.obj
 0001:00012b70       ??_ECRegManager@@UAEPAXI@Z 10013b70 f i RegManager.obj
 0001:00012b70       ??_GCRegManager@@UAEPAXI@Z 10013b70 f i RegManager.obj
 0001:00012b90       ??1CRegManager@@UAE@XZ     10013b90 f   RegManager.obj
 0001:00012ba0       ?SendNO@CRegManager@@IAEXXZ 10013ba0 f   RegManager.obj
 0001:00012bc0       ?SendOK@CRegManager@@IAEXXZ 10013bc0 f   RegManager.obj
 0001:00012be0       ?OnReceive@CRegManager@@UAEXPAEI@Z 10013be0 f   RegManager.obj
 0001:00012c60       ?Find@CRegManager@@IAEXDPAD@Z 10013c60 f   RegManager.obj
 0001:00012d40       ?DelPath@CRegManager@@IAEXPAD@Z 10013d40 f   RegManager.obj
 0001:00012dc0       ?CreatePath@CRegManager@@IAEXPAD@Z 10013dc0 f   RegManager.obj
 0001:00012e40       ?DelKey@CRegManager@@IAEXPAD@Z 10013e40 f   RegManager.obj
 0001:00012fd0       ?CreateKey@CRegManager@@IAEXPAD@Z 10013fd0 f   RegManager.obj
 0001:00013010       ?TestSTR@CRegManager@@IAEXPAD@Z 10014010 f   RegManager.obj
 0001:000131a0       ?atod@@YAKPAD@Z            100141a0 f   RegManager.obj
 0001:000131e0       ?TestDWORD@CRegManager@@IAEXPAD@Z 100141e0 f   RegManager.obj
 0001:00013370       ?TestEXSTR@CRegManager@@IAEXPAD@Z 10014370 f   RegManager.obj
 0001:00013500       ??0CScreenManager@@QAE@PAVCClientSocket@@@Z 10014500 f   ScreenManager.obj
 0001:000136c0       ??1CCursorInfo@@UAE@XZ     100146c0 f i ScreenManager.obj
 0001:000136f0       ??_GCCursorInfo@@UAEPAXI@Z 100146f0 f i ScreenManager.obj
 0001:000136f0       ??_ECCursorInfo@@UAEPAXI@Z 100146f0 f i ScreenManager.obj
 0001:00013730       ??_GCScreenManager@@UAEPAXI@Z 10014730 f i ScreenManager.obj
 0001:00013730       ??_ECScreenManager@@UAEPAXI@Z 10014730 f i ScreenManager.obj
 0001:00013750       ??1CScreenManager@@UAE@XZ  10014750 f   ScreenManager.obj
 0001:00013860       ?ResetScreen@CScreenManager@@AAEXH@Z 10014860 f   ScreenManager.obj
 0001:000139d0       ?GetAeroComposition@CScreenManager@@AAEHXZ 100149d0 f   ScreenManager.obj
 0001:00013a00       ?SetAeroComposition@CScreenManager@@AAEXI@Z 10014a00 f   ScreenManager.obj
 0001:00013af0       ?OnReceive@CScreenManager@@UAEXPAEI@Z 10014af0 f   ScreenManager.obj
 0001:00013c90       ?sendBitmapInfo@CScreenManager@@QAEXXZ 10014c90 f   ScreenManager.obj
 0001:00013d10       ?sendFirstScreen@CScreenManager@@QAEXXZ 10014d10 f   ScreenManager.obj
 0001:00013d80       ?sendNextScreen@CScreenManager@@QAEXXZ 10014d80 f   ScreenManager.obj
 0001:00013df0       ?WorkThread@CScreenManager@@CGKPAX@Z 10014df0 f   ScreenManager.obj
 0001:00013e60       ?CtrlThread@CScreenManager@@CGKPAX@Z 10014e60 f   ScreenManager.obj
 0001:00013f30       ?ProcessCommand@CScreenManager@@AAEXPAEI@Z 10014f30 f   ScreenManager.obj
 0001:000141d0       ?UpdateLocalClipboard@CScreenManager@@AAEXPADH@Z 100151d0 f   ScreenManager.obj
 0001:00014240       ?SendLocalClipboard@CScreenManager@@AAEXXZ 10015240 f   ScreenManager.obj
 0001:000142e0       ?IsResolutionChange@CScreenManager@@QAE_NXZ 100152e0 f   ScreenManager.obj
 0001:00014350       ?GetCurrentPixelBits@CScreenManager@@QAEHXZ 10015350 f   ScreenManager.obj
 0001:00014360       ??0CScreenSpy@@QAE@H_NI@Z  10015360 f   ScreenSpy.obj
 0001:00014620       ??_GCScreenSpy@@UAEPAXI@Z  10015620 f i ScreenSpy.obj
 0001:00014620       ??_ECScreenSpy@@UAEPAXI@Z  10015620 f i ScreenSpy.obj
 0001:00014640       ??1CScreenSpy@@UAE@XZ      10015640 f   ScreenSpy.obj
 0001:00014740       ?getFirstScreen@CScreenSpy@@QAEPAXPAK@Z 10015740 f   ScreenSpy.obj
 0001:00014840       ?getNextScreen@CScreenSpy@@QAEPAXPAK@Z 10015840 f   ScreenSpy.obj
 0001:00014a00       ?ScanChangedRect@CScreenSpy@@AAEHH@Z 10015a00 f   ScreenSpy.obj
 0001:00014bb0       ?CopyChangedRect@CScreenSpy@@AAEXPAU_RGNDATA@@K@Z 10015bb0 f   ScreenSpy.obj
 0001:00014d10       ?BMP_JPG@CScreenSpy@@AAEHHHHHPAXPAPAX@Z 10015d10 f   ScreenSpy.obj
 0001:00014e80       ?WriteChangedBuffer@CScreenSpy@@AAEXPAEH@Z 10015e80 f   ScreenSpy.obj
 0001:00014ec0       ?ConstructBitmapInfo@CScreenSpy@@AAEPAUtagBITMAPINFO@@HHH@Z 10015ec0 f   ScreenSpy.obj
 0001:00014fe0       ?getBitmapInfo@CScreenSpy@@QAEPAUtagBITMAPINFO@@XZ 10015fe0 f   ScreenSpy.obj
 0001:00014ff0       ?getBitmapInfoSize@CScreenSpy@@QAEIXZ 10015ff0 f   ScreenSpy.obj
 0001:00015020       ?setAlgorithm@CScreenSpy@@QAEXI@Z 10016020 f   ScreenSpy.obj
 0001:00015040       ?setCaptureLayer@CScreenSpy@@QAEXH@Z 10016040 f   ScreenSpy.obj
 0001:00015060       ?SelectInputWinStation@CScreenSpy@@AAEHXZ 10016060 f   ScreenSpy.obj
 0001:00015090       ??0CSerManager@@QAE@PAVCClientSocket@@@Z 10016090 f   SerManager.obj
 0001:000150e0       ??_ECSerManager@@UAEPAXI@Z 100160e0 f i SerManager.obj
 0001:000150e0       ??_GCSerManager@@UAEPAXI@Z 100160e0 f i SerManager.obj
 0001:00015100       ??1CSerManager@@UAE@XZ     10016100 f   SerManager.obj
 0001:00015110       ?OnReceive@CSerManager@@UAEXPAEI@Z 10016110 f   SerManager.obj
 0001:000151e0       ?SendServicesList@CSerManager@@AAEXXZ 100161e0 f   SerManager.obj
 0001:00015210       ?DisableService@CSerManager@@AAEXPAEIE@Z 10016210 f   SerManager.obj
 0001:00015310       ?DeleteService@CSerManager@@AAEXPAEI@Z 10016310 f   SerManager.obj
 0001:000153e0       ?StartStopService@CSerManager@@AAEXPAEIH@Z 100163e0 f   SerManager.obj
 0001:000154c0       ?getServicesList@CSerManager@@AAEPAEXZ 100164c0 f   SerManager.obj
 0001:00015910       ?base64_decode@@YAHPBDPAPAD@Z 10016910 f   Server.obj
 0001:00015a70       ?MyDecode@@YAPADPAD@Z      10016a70 f   Server.obj
 0001:00015ac0       ?CPUClockMhzT@@YAKXZ       10016ac0 f   Server.obj
 0001:00015c90       ?EnumDevices@@YAIXZ        10016c90 f   Server.obj
 0001:00015d90       ?IsWebCam@@YA_NXZ          10016d90 f   Server.obj
 0001:00015db0       ?GetOSVerIs64Bit@@YAHXZ    10016db0 f   Server.obj
 0001:00015e60       ?GetNetwork@@YAHXZ         10016e60 f   Server.obj
 0001:00015f10       ?GetVirus@@YAPADXZ         10016f10 f   Server.obj
 0001:00016030       ?ReadRegExg@@YAXPBDPAD1I@Z 10017030 f   Server.obj
 0001:00016110       ?GetHostRemark@@YAIPADI@Z  10017110 f   Server.obj
 0001:000161c0       ?GetGroupName@@YAIPADI@Z   100171c0 f   Server.obj
 0001:00016250       ?GetMarkTime@@YAIPBDPADI@Z 10017250 f   Server.obj
 0001:000162d0       ?GetNtVersionNumbers@@YAHAAK00@Z 100172d0 f   Server.obj
 0001:00016320       ?GetWanIPAddress@@YAHPAUin_addr@@@Z 10017320 f   Server.obj
 0001:00016870       ?ConnectionKind@@YAPADXZ   10017870 f   Server.obj
 0001:000168d0       ?clean_string@@YAXPAD@Z    100178d0 f   Server.obj
 0001:00016950       ?GetQQ@@YAPADXZ            10017950 f   Server.obj
 0001:00016b20       ?sendLoginInfo@@YAHPBDPAVCClientSocket@@KPAD@Z 10017b20 f   Server.obj
 0001:00016f60       ?MyGetProcAddressA@@YAP6GHXZPBD0@Z 10017f60 f   Server.obj
 0001:00016f90       ?EnablePrivilege@@YAHPBDH@Z 10017f90 f   Server.obj
 0001:00017020       ?LogoutOrShutdownRevive@@YGJPAUHWND__@@IIJ@Z 10018020 f   Server.obj
 0001:00017120       ?LogoutOrShutdownRevive@@YGKPAX@Z 10018120 f   Server.obj
 0001:00017230       ?InstallDriver@@YAHPBD@Z   10018230 f   Server.obj
 0001:00017b80       ?SelfProtectAndHide@@YGKPAX@Z 10018b80 f   Server.obj
 0001:00017d50       ?GetActiveConsoleUserSid@@YAPADXZ 10018d50 f   Server.obj
 0001:00018180       ?GetActiveConsoleUserSid@@YGKPAX@Z 10019180 f   Server.obj
 0001:00018200       ?SwapsPhysicalMemoryOut@@YGKPAX@Z 10019200 f   Server.obj
 0001:00018300       ?RunInActiveSession@@YAPAXHPBD@Z 10019300 f   Server.obj
 0001:00018bd0       ?AutoAdjustSessionId@@YGKPAX@Z 10019bd0 f   Server.obj
 0001:00019160       ?OpenFile1@@YA_NPBDHH@Z    1001a160 f   Server.obj
 0001:00019cf0       ?Loop_DownManager1@@YGKPAX@Z 1001acf0 f   Server.obj
 0001:00019fe0       ?Random@@YAHHH@Z           1001afe0 f   Server.obj
 0001:0001a020       _main                      1001b020 f   Server.obj
 0001:0001a3a0       ?ServiceCtrlHandlerEx@@YGKKKPAX0@Z 1001b3a0 f   Server.obj
 0001:0001a580       ?ServiceMain@@YGXKPAPAD@Z  1001b580 f   Server.obj
 0001:0001a9a0       ?MarkTime@@YAXPBD@Z        1001b9a0 f   Server.obj
 0001:0001ab70       ?MyCreatDirector@@YAXPBD@Z 1001bb70 f   Server.obj
 0001:0001ad30       ?DeleteMe@@YAHXZ           1001bd30 f   Server.obj
 0001:0001b260       ?MainThread@@YGKXZ         1001c260 f   Server.obj
 0001:0001b2a0       _Shellex                   1001c2a0 f   Server.obj
 0001:0001c9e0       _DllMain@12                1001d9e0 f   Server.obj
 0001:0001ca40       ??1?$map@KPAXU?$less@K@std@@V?$allocator@PAX@2@@std@@QAE@XZ 1001da40 f i ShellManager.obj
 0001:0001cb30       ??0CShellManager@@QAE@PAVCClientSocket@@@Z 1001db30 f   ShellManager.obj
 0001:0001cf60       ??_GCShellManager@@UAEPAXI@Z 1001df60 f i ShellManager.obj
 0001:0001cf60       ??_ECShellManager@@UAEPAXI@Z 1001df60 f i ShellManager.obj
 0001:0001cf80       ??1CShellManager@@UAE@XZ   1001df80 f   ShellManager.obj
 0001:0001d300       ?ReadPipeThread@CShellManager@@CGKPAX@Z 1001e300 f   ShellManager.obj
 0001:0001d420       ?MonitorThread@CShellManager@@CGKPAX@Z 1001e420 f   ShellManager.obj
 0001:0001d4c0       ?OnReceive@CShellManager@@UAEXPAEI@Z 1001e4c0 f   ShellManager.obj
 0001:0001d890       ??0?$map@KPAXU?$less@K@std@@V?$allocator@PAX@2@@std@@QAE@ABU?$less@K@1@ABV?$allocator@PAX@1@@Z 1001e890 f i ShellManager.obj
 0001:0001d940       ?begin@?$_Tree@KU?$pair@$$CBKPAX@std@@U_Kfn@?$map@KPAXU?$less@K@std@@V?$allocator@PAX@2@@2@U?$less@K@2@V?$allocator@PAX@2@@std@@QAE?AViterator@12@XZ 1001e940 f i ShellManager.obj
 0001:0001d950       ?erase@?$_Tree@KU?$pair@$$CBKPAX@std@@U_Kfn@?$map@KPAXU?$less@K@std@@V?$allocator@PAX@2@@2@U?$less@K@2@V?$allocator@PAX@2@@std@@QAE?AViterator@12@V312@@Z 1001e950 f i ShellManager.obj
 0001:0001dd50       ?_Erase@?$_Tree@KU?$pair@$$CBKPAX@std@@U_Kfn@?$map@KPAXU?$less@K@std@@V?$allocator@PAX@2@@2@U?$less@K@2@V?$allocator@PAX@2@@std@@IAEXPAU_Node@12@@Z 1001ed50 f i ShellManager.obj
 0001:0001dd90       ?_Insert@?$_Tree@KU?$pair@$$CBKPAX@std@@U_Kfn@?$map@KPAXU?$less@K@std@@V?$allocator@PAX@2@@2@U?$less@K@2@V?$allocator@PAX@2@@std@@IAE?AViterator@12@PAU_Node@12@0ABU?$pair@$$CBKPAX@2@@Z 1001ed90 f i ShellManager.obj
 0001:0001e000       ?_Inc@const_iterator@?$_Tree@KU?$pair@$$CBKPAX@std@@U_Kfn@?$map@KPAXU?$less@K@std@@V?$allocator@PAX@2@@2@U?$less@K@2@V?$allocator@PAX@2@@std@@QAEXXZ 1001f000 f i ShellManager.obj
 0001:0001e050       ?_Dec@const_iterator@?$_Tree@KU?$pair@$$CBKPAX@std@@U_Kfn@?$map@KPAXU?$less@K@std@@V?$allocator@PAX@2@@2@U?$less@K@2@V?$allocator@PAX@2@@std@@QAEXXZ 1001f050 f i ShellManager.obj
 0001:0001e0b0       ?_Construct@std@@YAXPAU?$pair@$$CBKPAX@1@ABU21@@Z 1001f0b0 f i ShellManager.obj
 0001:0001e0d0       ?GetHostNameAndPort@@YAXPADH0PAI@Z 1001f0d0 f   SysInfo.obj
 0001:0001e130       ?GetURLRootPoint@@YAPADPADHPAH@Z 1001f130 f   SysInfo.obj
 0001:0001e160       ?CheckRequest@@YAHPADPAH@Z 1001f160 f   SysInfo.obj
 0001:0001e200       ?ModifyRequest@@YAHPAD0HH@Z 1001f200 f   SysInfo.obj
 0001:0001e290       ?SendRequest@@YAHPAIPAD1H@Z 1001f290 f   SysInfo.obj
 0001:0001e440       ?Authentication@@YAHPAIPADH@Z 1001f440 f   SysInfo.obj
 0001:0001e640       ?GetInetIP@@YAPADPAD@Z     1001f640 f   SysInfo.obj
 0001:0001e710       ?DNS@@YAPADPAD@Z           1001f710 f   SysInfo.obj
 0001:0001e730       ?GetAddressAndPort@@YAHPADHH0PAG@Z 1001f730 f   SysInfo.obj
 0001:0001e920       ?ConnectToRemoteHost@@YAHPAIPADG@Z 1001f920 f   SysInfo.obj
 0001:0001e9f0       ?TalkWithClient@@YAHPAIPADH1PAG@Z 1001f9f0 f   SysInfo.obj
 0001:0001eaa0       ?CreateUDPSocket@@YAHPAUSocks5AnsConn@@PAI@Z 1001faa0 f   SysInfo.obj
 0001:0001eb60       ?ZXProxyThread@@YGKPAI@Z   1001fb60 f   SysInfo.obj
 0001:0001ee60       ?StartProxy@@YAHXZ         1001fe60 f   SysInfo.obj
 0001:0001ef60       ?OpenProxy@@YGKPAX@Z       1001ff60 f   SysInfo.obj
 0001:0001f100       ?UDPSend@@YAHIPADHPAUsockaddr_in@@H@Z 10020100 f   SysInfo.obj
 0001:0001f150       ?UDPTransfer@@YAXPAUSocks5Para@@@Z 10020150 f   SysInfo.obj
 0001:0001f3b0       ?TCPTransfer@@YAXPAI@Z     100203b0 f   SysInfo.obj
 0001:0001f7d0       ??0CSysInfo@@QAE@PAVCClientSocket@@IEEPAD@Z 100207d0 f   SysInfo.obj
 0001:0001f880       ??_GCSysInfo@@UAEPAXI@Z    10020880 f i SysInfo.obj
 0001:0001f880       ??_ECSysInfo@@UAEPAXI@Z    10020880 f i SysInfo.obj
 0001:0001f8a0       ??1CSysInfo@@UAE@XZ        100208a0 f   SysInfo.obj
 0001:0001f910       ?StringSplit_Struct@@YA?AUStringTab@@PBD0@Z 10020910 f   SysInfo.obj
 0001:0001fa40       ?AnsiToUnicode@@YAPAGPAD@Z 10020a40 f   SysInfo.obj
 0001:0001fab0       ?PortMap@CSysInfo@@SGKPAX@Z 10020ab0 f   SysInfo.obj
 0001:0001fb00       ?OnReceive@CSysInfo@@UAEXPAEI@Z 10020b00 f   SysInfo.obj
 0001:0001fdd0       ?WtsLoGoff@CSysInfo@@QAEXPAEI@Z 10020dd0 f   SysInfo.obj
 0001:0001fe30       ?WtsDisc@CSysInfo@@QAEXPAEI@Z 10020e30 f   SysInfo.obj
 0001:0001fe90       ?GetTSClientName@CSysInfo@@QAEPADK@Z 10020e90 f   SysInfo.obj
 0001:0001fed0       ?GetSessionUserName@@YA_NKQAD@Z 10020ed0 f   SysInfo.obj
 0001:0001ff80       ?GetTSClientProtocolType@CSysInfo@@QAEPADK@Z 10020f80 f   SysInfo.obj
 0001:00020020       ?getWtsmList@CSysInfo@@QAEPAEXZ 10021020 f   SysInfo.obj
 0001:00020530       ?SendWtsmList@CSysInfo@@QAEXXZ 10021530 f   SysInfo.obj
 0001:00020560       ?GetPort@@YAIPBDPADI@Z     10021560 f   SysInfo.obj
 0001:000205f0       ?GetTotalPhys@@YAPADXZ     100215f0 f   SysInfo.obj
 0001:00020660       ?SendNetstart@CSysInfo@@QAEXPAEII@Z 10021660 f   SysInfo.obj
 0001:00020720       ?getall_Groups@@YADPADQAD@Z 10021720 f   SysInfo.obj
 0001:00020880       ?IsGuestDisabled@@YAHPAD@Z 10021880 f   SysInfo.obj
 0001:00020900       ?getSList@CSysInfo@@QAEPAEXZ 10021900 f   SysInfo.obj
 0001:00020b40       ?SendSList@CSysInfo@@QAEXXZ 10021b40 f   SysInfo.obj
 0001:00020b70       ?DelSidName@CSysInfo@@QAEHPAD@Z 10021b70 f   SysInfo.obj
 0001:00020cb0       ?ChangeUserPass@CSysInfo@@QAEXXZ 10021cb0 f   SysInfo.obj
 0001:00020d90       ?DelUserName@CSysInfo@@QAEHPAD@Z 10021d90 f   SysInfo.obj
 0001:00020ee0       ?AddAdminUser@CSysInfo@@QAEXXZ 10021ee0 f   SysInfo.obj
 0001:00021060       ?DeleteUser@CSysInfo@@QAEXXZ 10022060 f   SysInfo.obj
 0001:00021190       ?GetAvailPhys@@YAPADXZ     10022190 f   SysInfo.obj
 0001:00021200       ?SendInstallInfo@CSysInfo@@QAEXXZ 10022200 f   SysInfo.obj
 0001:00021260       ?SendSysInfo@CSysInfo@@QAEXXZ 10022260 f   SysInfo.obj
 0001:000212c0       ?ChangePort@CSysInfo@@QAEKPAX@Z 100222c0 f   SysInfo.obj
 0001:00021dc0       ?StopFire@CSysInfo@@QAEKXZ 10022dc0 f   SysInfo.obj
 0001:00021e40       ?Close3389@CSysInfo@@QAEXXZ 10022e40 f   SysInfo.obj
 0001:00021e70       ?OpenGuest@CSysInfo@@QAEHXZ 10022e70 f   SysInfo.obj
 0001:00022050       ?WriteLocalRecvFile@CSysInfo@@QAEXPAEI@Z 10023050 f   SysInfo.obj
 0001:00022120       ?CreateLocalRecvFile@CSysInfo@@QAEXPAE@Z 10023120 f   SysInfo.obj
 0001:00022160       ?GetOpenFile@CSysInfo@@QAEXXZ 10023160 f   SysInfo.obj
 0001:00022240       ?GetFileData@CSysInfo@@QAEXXZ 10023240 f   SysInfo.obj
 0001:000222f0       ?IsOSXP@@YA_NXZ            100232f0 f   SysInfo.obj
 0001:00022330       ?EnumWindowsProc@@YG_NPAUHWND__@@J@Z 10023330 f   SysInfo.obj
 0001:00022380       ?FindModule@@YAPAXKPBD@Z   10023380 f   SysInfo.obj
 0001:00022420       ?UnloadRemoteModule@@YA_NKPAX@Z 10023420 f   SysInfo.obj
 0001:00022530       ?UnloadModule@@YA_NPBD@Z   10023530 f   SysInfo.obj
 0001:000225c0       ?HijackService@@YAXXZ      100235c0 f   SysInfo.obj
 0001:000226a0       ?OnStartService@@YAXPBD@Z  100236a0 f   SysInfo.obj
 0001:000226f0       ?Open3389@CSysInfo@@QAEKPAX@Z 100236f0 f   SysInfo.obj
 0001:00023a60       ?GetOnlineInfo@CSysInfo@@QAEXPAUtagOnlineInfo@@@Z 10024a60 f   SysInfo.obj
 0001:00023b60       ?GetSystemInfo@CSysInfo@@QAEXPAUtagSystemInfo@@@Z 10024b60 f   SysInfo.obj
 0001:00024380       ??0CSystemManager@@QAE@PAVCClientSocket@@IEEPAD@Z 10025380 f   SystemManager.obj
 0001:00024420       ??_ECSystemManager@@UAEPAXI@Z 10025420 f i SystemManager.obj
 0001:00024420       ??_GCSystemManager@@UAEPAXI@Z 10025420 f i SystemManager.obj
 0001:00024440       ??1CSystemManager@@UAE@XZ  10025440 f   SystemManager.obj
 0001:00024470       ?DebugPrivilege@CSystemManager@@SAHPBDH@Z 10025470 f   SystemManager.obj
 0001:00024500       ?jiedong@CSystemManager@@IAEXPAEI@Z 10025500 f   SystemManager.obj
 0001:00024580       ?dongjie@CSystemManager@@IAEXPAEI@Z 10025580 f   SystemManager.obj
 0001:00024620       ?OnReceive@CSystemManager@@UAEXPAEI@Z 10025620 f   SystemManager.obj
 0001:00024760       ?SendProcessList@CSystemManager@@AAEXXZ 10025760 f   SystemManager.obj
 0001:00024790       ?SendWindowsList@CSystemManager@@AAEXXZ 10025790 f   SystemManager.obj
 0001:000247c0       ?SendDialupassList@CSystemManager@@AAEXXZ 100257c0 f   SystemManager.obj
 0001:000248f0       ?SendHostsFileInfo@CSystemManager@@AAEXXZ 100258f0 f   SystemManager.obj
 0001:00024a20       ?SaveHostsFileInfo@CSystemManager@@AAEXPAEI@Z 10025a20 f   SystemManager.obj
 0001:00024b10       ?KillProcess@CSystemManager@@AAEXPAEI@Z 10025b10 f   SystemManager.obj
 0001:00024b80       ?getProcessList@CSystemManager@@AAEPAEXZ 10025b80 f   SystemManager.obj
 0001:00025230       ?EnumWindowsProc@CSystemManager@@SG_NPAUHWND__@@J@Z 10026230 f   SystemManager.obj
 0001:00025330       ?getWindowsList@CSystemManager@@AAEPAEXZ 10026330 f   SystemManager.obj
 0001:00025360       ?SendCPUAndMemoryInfo@@YAXKPAX@Z 10026360 f   SystemManager.obj
 0001:000253b0       ?SendCPUAndMemoryThread@CSystemManager@@KGKPAX@Z 100263b0 f   SystemManager.obj
 0001:00025530       ?GetCurrentUserName@@YAHPAD@Z 10026530 f   SystemManager.obj
 0001:00025600       ?NetSystem@CSystemManager@@UAEXI@Z 10026600 f   SystemManager.obj
 0001:00025610       ?DelSpace@CSysInfo@@QAEPADPAD@Z 10026610 f   SystemManager.obj
 0001:00025610       ?DelSpace@CSystemManager@@AAEPADPAD@Z 10026610 f   SystemManager.obj
 0001:000256a0       ?getSendSystemInfo@CSystemManager@@AAEXXZ 100266a0 f   SystemManager.obj
 0001:00025e70       ?CloseWindow@CSystemManager@@IAEXPAE@Z 10026e70 f   SystemManager.obj
 0001:00025ea0       ?TestWindow@CSystemManager@@IAEXPAE@Z 10026ea0 f   SystemManager.obj
 0001:00025ec0       ?SendNetStateList@CSystemManager@@AAEXXZ 10026ec0 f   SystemManager.obj
 0001:00025ef0       ?SendFavoritesUrlList@CSystemManager@@AAEXXZ 10026ef0 f   SystemManager.obj
 0001:00025f20       ?SendSoftWareList@CSystemManager@@AAEXXZ 10026f20 f   SystemManager.obj
 0001:00025f50       ?FindFavoritesUrl@@YAXPAD@Z 10026f50 f   SystemManager.obj
 0001:00026200       ?SendIEHistoryList@CSystemManager@@AAEXXZ 10027200 f   SystemManager.obj
 0001:00026230       ?getFavoritesUrlList@CSystemManager@@AAEPAEXZ 10027230 f   SystemManager.obj
 0001:00026300       ?getIEHistoryList@CSystemManager@@AAEPAEXZ 10027300 f   SystemManager.obj
 0001:00026660       ?getSoftWareList@CSystemManager@@AAEPAEXZ 10027660 f   SystemManager.obj
 0001:000270d0       ?CheckFileExist@@YAHPBD@Z  100280d0 f   until.obj
 0001:00027100       ?ThreadLoader@@YGKPAX@Z    10028100 f   until.obj
 0001:00027200       ?MyCreateThread@@YAPAXPAU_SECURITY_ATTRIBUTES@@KP6GKPAX@Z1KPAK_N@Z 10028200 f   until.obj
 0001:000272a0       ?GetProcessID@@YAKPBD@Z    100282a0 f   until.obj
 0001:00027340       ?SelectHDESK@@YAHPAUHDESK__@@@Z 10028340 f   until.obj
 0001:000273f0       ?SelectDesktop@@YAHPAD@Z   100283f0 f   until.obj
 0001:000274c0       ?SetInfo@@YAXPBD00@Z       100284c0 f   until.obj
 0001:00027530       ?http_get@@YAHPBD0@Z       10028530 f   until.obj
 0001:00027700       ?GetLogUserXP@@YAPADXZ     10028700 f   until.obj
 0001:00027760       ?GetLogUser2K@@YAPADXZ     10028760 f   until.obj
 0001:000278e0       ?GetCurrentLoginUser@@YAPADXZ 100288e0 f   until.obj
 0001:00027960       ?SimulateCtrlAltDel@@YAHXZ 10028960 f   until.obj
 0001:000279b0       ?SwitchInputDesktop@@YA_NXZ 100289b0 f   until.obj
 0001:00027a80       ?DebugPrivilege@@YAHPBDH@Z 10028a80 f   until.obj
 0001:00027b80       ??0CXvidEnc@@QAE@HIH@Z     10028b80 f   XvidEnc.obj
 0001:00027bd0       _emms_c                    10028bd0 f   XvidEnc.obj
 0001:00027bd0       _jpeg_mem_term             10028bd0 f   XvidEnc.obj
 0001:00027bd0       ??1CXvidEnc@@QAE@XZ        10028bd0 f   XvidEnc.obj
 0001:00027be0       ?Open@CXvidEnc@@QAE_NHHHHH@Z 10028be0 f   XvidEnc.obj
 0001:00027ce0       ?Encode@CXvidEnc@@QAEHPAX0H@Z 10028ce0 f   XvidEnc.obj
 0001:00027d30       ?Close@CXvidEnc@@QAE_NXZ   10028d30 f   XvidEnc.obj
 0001:00027d60       ??0CZXPortMap@@QAE@XZ      10028d60 f   ZXPortMap.obj
 0001:00027d80       ??_ECZXPortMap@@UAEPAXI@Z  10028d80 f i ZXPortMap.obj
 0001:00027d80       ??_GCZXPortMap@@UAEPAXI@Z  10028d80 f i ZXPortMap.obj
 0001:00027da0       ??1CZXPortMap@@UAE@XZ      10028da0 f   ZXPortMap.obj
 0001:00027db0       ?DataSend@CZXPortMap@@SAHIPADH@Z 10028db0 f   ZXPortMap.obj
 0001:00027e00       ?TransmitData@CZXPortMap@@SGKPAX@Z 10028e00 f   ZXPortMap.obj
 0001:00027f40       ?ConnectHost@CZXPortMap@@SAIKG@Z 10028f40 f   ZXPortMap.obj
 0001:00027fb0       ?ConnectHost@CZXPortMap@@SAIPADG@Z 10028fb0 f   ZXPortMap.obj
 0001:00027fd0       ?PortTransfer_2@CZXPortMap@@SGKPAX@Z 10028fd0 f   ZXPortMap.obj
 0001:00028070       ?PortTransfer_2@CZXPortMap@@QAEHPADG0G@Z 10029070 f   ZXPortMap.obj
 0001:000281b0       ?Stop@CZXPortMap@@QAEXXZ   100291b0 f   ZXPortMap.obj
 0001:00028280       ??_E?$TransferParam@UADDRESS@@G@@UAEPAXI@Z 10029280 f i ZXPortMap.obj
 0001:00028280       ??_G?$TransferParam@UADDRESS@@G@@UAEPAXI@Z 10029280 f i ZXPortMap.obj
 0001:000282a0       _CreateToolhelp32Snapshot@8 100292a0 f   kernel32:KERNEL32.dll
 0001:000282a6       _Process32Next@8           100292a6 f   kernel32:KERNEL32.dll
 0001:000282ac       _Process32First@8          100292ac f   kernel32:KERNEL32.dll
 0001:000282b2       _Module32Next@8            100292b2 f   kernel32:KERNEL32.dll
 0001:000282b8       _Module32First@8           100292b8 f   kernel32:KERNEL32.dll
 0001:000282be       _Thread32Next@8            100292be f   kernel32:KERNEL32.dll
 0001:000282c4       _Thread32First@8           100292c4 f   kernel32:KERNEL32.dll
 0001:000282ca       _BlockInput@4              100292ca f   user32:USER32.dll
 0001:000282d0       ??2@YAPAXI@Z               100292d0 f   mfc42:MFC42.DLL
 0001:000282d6       ??3@YAXPAX@Z               100292d6 f   mfc42:MFC42.DLL
 0001:000282dc       ??1CStringArray@@UAE@XZ    100292dc f   mfc42:MFC42.DLL
 0001:000282e2       ??0CString@@QAE@XZ         100292e2 f   mfc42:MFC42.DLL
 0001:000282e8       ??0CStringArray@@QAE@XZ    100292e8 f   mfc42:MFC42.DLL
 0001:000282ee       ??1CString@@QAE@XZ         100292ee f   mfc42:MFC42.DLL
 0001:000282f4       ?GetTickCount@CTime@@SG?AV1@XZ 100292f4 f   mfc42:MFC42.DLL
 0001:000282fa       ??4CString@@QAEABV0@PBD@Z  100292fa f   mfc42:MFC42.DLL
 0001:00028300       ?Empty@CString@@QAEXXZ     10029300 f   mfc42:MFC42.DLL
 0001:00028306       ??1CFileFind@@UAE@XZ       10029306 f   mfc42:MFC42.DLL
 0001:0002830c       ?SetAtGrow@CStringArray@@QAEXHABVCString@@@Z 1002930c f   mfc42:MFC42.DLL
 0001:00028312       ??YCString@@QAEABV0@PBD@Z  10029312 f   mfc42:MFC42.DLL
 0001:00028318       ?GetFilePath@CFileFind@@UBE?AVCString@@XZ 10029318 f   mfc42:MFC42.DLL
 0001:0002831e       ?GetLastAccessTime@CFileFind@@UBEHAAVCTime@@@Z 1002931e f   mfc42:MFC42.DLL
 0001:00028324       ?GetCreationTime@CFileFind@@UBEHAAVCTime@@@Z 10029324 f   mfc42:MFC42.DLL
 0001:0002832a       ?GetLastWriteTime@CFileFind@@UBEHAAVCTime@@@Z 1002932a f   mfc42:MFC42.DLL
 0001:00028330       ?GetLength64@CFileFind@@QBE_JXZ 10029330 f   mfc42:MFC42.DLL
 0001:00028336       ?MatchesMask@CFileFind@@UBEHK@Z 10029336 f   mfc42:MFC42.DLL
 0001:0002833c       ?Close@CFileFind@@QAEXXZ   1002933c f   mfc42:MFC42.DLL
 0001:00028342       ?GetFileName@CFileFind@@UBE?AVCString@@XZ 10029342 f   mfc42:MFC42.DLL
 0001:00028348       ?IsDots@CFileFind@@UBEHXZ  10029348 f   mfc42:MFC42.DLL
 0001:0002834e       ?FindNextFileA@CFileFind@@UAEHXZ 1002934e f   mfc42:MFC42.DLL
 0001:00028354       ?FindFile@CFileFind@@UAEHPBDK@Z 10029354 f   mfc42:MFC42.DLL
 0001:0002835a       ??H@YG?AVCString@@ABV0@0@Z 1002935a f   mfc42:MFC42.DLL
 0001:00028360       ??0CString@@QAE@PBD@Z      10029360 f   mfc42:MFC42.DLL
 0001:00028366       ??4CString@@QAEABV0@ABV0@@Z 10029366 f   mfc42:MFC42.DLL
 0001:0002836c       ??0CFileFind@@QAE@XZ       1002936c f   mfc42:MFC42.DLL
 0001:00028372       ?Close@CFile@@UAEXXZ       10029372 f   mfc42:MFC42.DLL
 0001:00028378       ?Find@CString@@QBEHPBD@Z   10029378 f   mfc42:MFC42.DLL
 0001:0002837e       ?Remove@CString@@QAEHD@Z   1002937e f   mfc42:MFC42.DLL
 0001:00028384       ?ReleaseBuffer@CString@@QAEXH@Z 10029384 f   mfc42:MFC42.DLL
 0001:0002838a       ?Read@CFile@@UAEIPAXI@Z    1002938a f   mfc42:MFC42.DLL
 0001:00028390       ?GetBuffer@CString@@QAEPADH@Z 10029390 f   mfc42:MFC42.DLL
 0001:00028396       ?MakeUpper@CString@@QAEXXZ 10029396 f   mfc42:MFC42.DLL
 0001:0002839c       ??1CFile@@UAE@XZ           1002939c f   mfc42:MFC42.DLL
 0001:000283a2       ?Open@CFile@@UAEHPBDIPAVCFileException@@@Z 100293a2 f   mfc42:MFC42.DLL
 0001:000283a8       ??0CFile@@QAE@XZ           100293a8 f   mfc42:MFC42.DLL
 0001:000283ae       ?SetSize@CStringArray@@QAEXHH@Z 100293ae f   mfc42:MFC42.DLL
 0001:000283b4       ?Format@CString@@QAAXPBDZZ 100293b4 f   mfc42:MFC42.DLL
 0001:000283ba       ?GetRuntimeClass@CObject@@UBEPAUCRuntimeClass@@XZ 100293ba f   mfc42:MFC42.DLL
 0001:000283c0       ?Replace@CString@@QAEHDD@Z 100293c0 f   mfc42:MFC42.DLL
 0001:000283c6       ??YCString@@QAEABV0@ABV0@@Z 100293c6 f   mfc42:MFC42.DLL
 0001:000283cc       ??0CString@@QAE@DH@Z       100293cc f   mfc42:MFC42.DLL
 0001:000283d2       ??0CString@@QAE@ABV0@@Z    100293d2 f   mfc42:MFC42.DLL
 0001:000283d8       ?Right@CString@@QBE?AV1@H@Z 100293d8 f   mfc42:MFC42.DLL
 0001:000283de       ?TrimLeft@CString@@QAEXXZ  100293de f   mfc42:MFC42.DLL
 0001:000283e4       ?Find@CString@@QBEHD@Z     100293e4 f   mfc42:MFC42.DLL
 0001:000283ea       ?Mid@CString@@QBE?AV1@HH@Z 100293ea f   mfc42:MFC42.DLL
 0001:000283f0       ?Find@CString@@QBEHDH@Z    100293f0 f   mfc42:MFC42.DLL
 0001:000283f6       ?Left@CString@@QBE?AV1@H@Z 100293f6 f   mfc42:MFC42.DLL
 0001:000283fc       ?FindOneOf@CString@@QBEHPBD@Z 100293fc f   mfc42:MFC42.DLL
 0001:00028402       ?TrimRight@CString@@QAEXXZ 10029402 f   mfc42:MFC42.DLL
 0001:00028408       ??YCString@@QAEABV0@D@Z    10029408 f   mfc42:MFC42.DLL
 0001:0002840e       ?Read@CArchive@@QAEIPAXI@Z 1002940e f   mfc42:MFC42.DLL
 0001:00028414       ?Write@CArchive@@QAEXPBXI@Z 10029414 f   mfc42:MFC42.DLL
 0001:0002841a       ?ReadCount@CArchive@@QAEKXZ 1002941a f   mfc42:MFC42.DLL
 0001:00028420       ?WriteCount@CArchive@@QAEXK@Z 10029420 f   mfc42:MFC42.DLL
 0001:00028426       ___CxxFrameHandler         10029426 f   msvcrt:MSVCRT.dll
 0001:00028430       __ftol                     10029430 f   msvcrt:MSVCRT.dll
 0001:00028436       _wcslen                    10029436 f   msvcrt:MSVCRT.dll
 0001:0002843c       _sprintf                   1002943c f   msvcrt:MSVCRT.dll
 0001:00028450       __chkstk                   10029450 f   msvcrt:chkstk.obj
 0001:00028450       __alloca_probe             10029450 f   msvcrt:chkstk.obj
 0001:00028480       _free                      10029480 f   msvcrt:MSVCRT.dll
 0001:00028486       _malloc                    10029486 f   msvcrt:MSVCRT.dll
 0001:0002848c       __CIpow                    1002948c f   msvcrt:MSVCRT.dll
 0001:00028492       ??_Gtype_info@@UAEPAXI@Z   10029492 f i msvcrt:ti_inst.obj
 0001:00028492       ??_Etype_info@@UAEPAXI@Z   10029492 f i msvcrt:ti_inst.obj
 0001:000284ae       __CxxThrowException@8      100294ae f   msvcrt:MSVCRT.dll
 0001:000284c0       __allmul                   100294c0 f   msvcrt:llmul.obj
 0001:000284f4       __except_handler3          100294f4 f   msvcrt:MSVCRT.dll
 0001:00028500       __aullshr                  10029500 f   msvcrt:ullshr.obj
 0001:00028520       __alldiv                   10029520 f   msvcrt:lldiv.obj
 0001:000285ca       __onexit                   100295ca f   msvcrt:atonexit.obj
 0001:000285f6       _atexit                    100295f6 f   msvcrt:atonexit.obj
 0001:00028608       __CRT_INIT@12              10029608 f   msvcrt:crtdll.obj
 0001:000286b3       __DllMainCRTStartup@12     100296b3 f   msvcrt:crtdll.obj
 0001:00028750       ??1type_info@@UAE@XZ       10029750 f   msvcrt:MSVCRT.dll
 0001:00028756       ___dllonexit               10029756 f   msvcrt:MSVCRT.dll
 0001:0002875c       __initterm                 1002975c f   msvcrt:MSVCRT.dll
 0001:00028770       ___WSAFDIsSet@8            10029770 f   ws2_32:WS2_32.dll
 0001:00028776       _GetIfTable@12             10029776 f   Iphlpapi:iphlpapi.dll
 0001:00028780       _jpeg_CreateCompress       10029780 f   turbojpeg:jcapimin.obj
 0001:00028850       _jpeg_destroy_compress     10029850 f   turbojpeg:jcapimin.obj
 0001:00028860       _jpeg_suppress_tables      10029860 f   turbojpeg:jcapimin.obj
 0001:000288b0       _jpeg_finish_compress      100298b0 f   turbojpeg:jcapimin.obj
 0001:000289c0       _jpeg_start_compress       100299c0 f   turbojpeg:jcapistd.obj
 0001:00028a40       _jpeg_write_scanlines      10029a40 f   turbojpeg:jcapistd.obj
 0001:00028b10       _jpeg_add_quant_table      10029b10 f   turbojpeg:jcparam.obj
 0001:00028bf0       _jpeg_set_quality          10029bf0 f   turbojpeg:jcparam.obj
 0001:00028c60       _jpeg_set_defaults         10029c60 f   turbojpeg:jcparam.obj
 0001:00028f30       _jpeg_set_colorspace       10029f30 f   turbojpeg:jcparam.obj
 0001:00029220       _jpeg_mem_dest             1002a220 f   turbojpeg:jdatadst.obj
 0001:000293b0       _jpeg_std_error            1002a3b0 f   turbojpeg:jerror.obj
 0001:00029560       _jinit_memory_mgr          1002a560 f   turbojpeg:jmemmgr.obj
 0001:0002a290       _jpeg_abort                1002b290 f   turbojpeg:jcomapi.obj
 0001:0002a2d0       _jpeg_destroy              1002b2d0 f   turbojpeg:jcomapi.obj
 0001:0002a2f0       _jpeg_alloc_quant_table    1002b2f0 f   turbojpeg:jcomapi.obj
 0001:0002a310       _jpeg_alloc_huff_table     1002b310 f   turbojpeg:jcomapi.obj
 0001:0002a330       _jinit_marker_writer       1002b330 f   turbojpeg:jcmarker.obj
 0001:0002b4e0       _jinit_compress_master     1002c4e0 f   turbojpeg:jcinit.obj
 0001:0002b590       _jpeg_free_small           1002c590 f   turbojpeg:jmemnobs.obj
 0001:0002b590       _jpeg_free_large           1002c590 f   turbojpeg:jmemnobs.obj
 0001:0002b5a0       _jpeg_get_large            1002c5a0 f   turbojpeg:jmemnobs.obj
 0001:0002b5a0       _jpeg_get_small            1002c5a0 f   turbojpeg:jmemnobs.obj
 0001:0002b5b0       _jpeg_mem_available        1002c5b0 f   turbojpeg:jmemnobs.obj
 0001:0002b5e0       _jpeg_open_backing_store   1002c5e0 f   turbojpeg:jmemnobs.obj
 0001:0002b600       _jpeg_mem_init             1002c600 f   turbojpeg:jmemnobs.obj
 0001:0002b610       _jdiv_round_up             1002c610 f   turbojpeg:jutils.obj
 0001:0002b620       _jround_up                 1002c620 f   turbojpeg:jutils.obj
 0001:0002b640       _jcopy_sample_rows         1002c640 f   turbojpeg:jutils.obj
 0001:0002b690       _jzero_far                 1002c690 f   turbojpeg:jutils.obj
 0001:0002b6b0       _jinit_c_main_controller   1002c6b0 f   turbojpeg:jcmainct.obj
 0001:0002b840       _jinit_c_coef_controller   1002c840 f   turbojpeg:jccoefct.obj
 0001:0002c0b0       _jpeg_make_c_derived_tbl   1002d0b0 f   turbojpeg:jchuff.obj
 0001:0002c2b0       _jpeg_gen_optimal_table    1002d2b0 f   turbojpeg:jchuff.obj
 0001:0002c4d0       _jinit_huff_encoder        1002d4d0 f   turbojpeg:jchuff.obj
 0001:00032040       _jinit_phuff_encoder       10033040 f   turbojpeg:jcphuff.obj
 0001:00033c30       _jinit_arith_encoder       10034c30 f   turbojpeg:jcarith.obj
 0001:00035130       _jinit_forward_dct         10036130 f   turbojpeg:jcdctmgr.obj
 0001:00035930       _jinit_c_prep_controller   10036930 f   turbojpeg:jcprepct.obj
 0001:00035f90       _jinit_downsampler         10036f90 f   turbojpeg:jcsample.obj
 0001:00036b00       _jinit_color_converter     10037b00 f   turbojpeg:jccolor.obj
 0001:000384c0       _jinit_c_master_control    100394c0 f   turbojpeg:jcmaster.obj
 0001:00039020       _jsimd_can_rgb_ycc         1003a020 f   turbojpeg:jsimd.obj
 0001:000391b0       _jsimd_can_rgb_gray        1003a1b0 f   turbojpeg:jsimd.obj
 0001:000391f0       _jsimd_rgb_ycc_convert     1003a1f0 f   turbojpeg:jsimd.obj
 0001:00039320       _jsimd_rgb_gray_convert    1003a320 f   turbojpeg:jsimd.obj
 0001:00039450       _jsimd_can_h2v2_downsample 1003a450 f   turbojpeg:jsimd.obj
 0001:00039480       _jsimd_can_h2v1_downsample 1003a480 f   turbojpeg:jsimd.obj
 0001:000394b0       _jsimd_h2v2_downsample     1003a4b0 f   turbojpeg:jsimd.obj
 0001:00039520       _jsimd_h2v1_downsample     1003a520 f   turbojpeg:jsimd.obj
 0001:00039590       _jsimd_can_convsamp        1003a590 f   turbojpeg:jsimd.obj
 0001:000395c0       _jsimd_can_convsamp_float  1003a5c0 f   turbojpeg:jsimd.obj
 0001:000395f0       _jsimd_convsamp            1003a5f0 f   turbojpeg:jsimd.obj
 0001:00039610       _jsimd_convsamp_float      1003a610 f   turbojpeg:jsimd.obj
 0001:00039630       _jsimd_can_fdct_islow      1003a630 f   turbojpeg:jsimd.obj
 0001:00039670       _jsimd_can_fdct_ifast      1003a670 f   turbojpeg:jsimd.obj
 0001:000396a0       _jsimd_can_fdct_float      1003a6a0 f   turbojpeg:jsimd.obj
 0001:000396d0       _jsimd_fdct_islow          1003a6d0 f   turbojpeg:jsimd.obj
 0001:000396f0       _jsimd_fdct_ifast          1003a6f0 f   turbojpeg:jsimd.obj
 0001:00039710       _jsimd_fdct_float          1003a710 f   turbojpeg:jsimd.obj
 0001:00039740       _jsimd_can_quantize        1003a740 f   turbojpeg:jsimd.obj
 0001:00039770       _jsimd_can_quantize_float  1003a770 f   turbojpeg:jsimd.obj
 0001:000397a0       _jsimd_quantize            1003a7a0 f   turbojpeg:jsimd.obj
 0001:000397c0       _jsimd_quantize_float      1003a7c0 f   turbojpeg:jsimd.obj
 0001:000397e0       _jsimd_can_huff_encode_one_block 1003a7e0 f   turbojpeg:jsimd.obj
 0001:00039810       _jsimd_huff_encode_one_block 1003a810 f   turbojpeg:jsimd.obj
 0001:00039820       _jsimd_can_encode_mcu_AC_first_prepare 1003a820 f   turbojpeg:jsimd.obj
 0001:00039830       _jsimd_encode_mcu_AC_first_prepare 1003a830 f   turbojpeg:jsimd.obj
 0001:00039840       _jsimd_can_encode_mcu_AC_refine_prepare 1003a840 f   turbojpeg:jsimd.obj
 0001:00039850       _jsimd_encode_mcu_AC_refine_prepare 1003a850 f   turbojpeg:jsimd.obj
 0001:00039860       _jpeg_fdct_islow           1003a860 f   turbojpeg:jfdctint.obj
 0001:00039c70       _jpeg_fdct_ifast           1003ac70 f   turbojpeg:jfdctfst.obj
 0001:00039ef0       _jpeg_fdct_float           1003aef0 f   turbojpeg:jfdctflt.obj
 0001:0003a120       _jsimd_rgb_ycc_convert_sse2 1003b120     turbojpeg:jccolor-sse2.asm.obj
 0001:0003a560       _jsimd_extrgb_ycc_convert_sse2 1003b560     turbojpeg:jccolor-sse2.asm.obj
 0001:0003a9a0       _jsimd_extrgbx_ycc_convert_sse2 1003b9a0     turbojpeg:jccolor-sse2.asm.obj
 0001:0003adc0       _jsimd_extbgr_ycc_convert_sse2 1003bdc0     turbojpeg:jccolor-sse2.asm.obj
 0001:0003b200       _jsimd_extbgrx_ycc_convert_sse2 1003c200     turbojpeg:jccolor-sse2.asm.obj
 0001:0003b620       _jsimd_extxbgr_ycc_convert_sse2 1003c620     turbojpeg:jccolor-sse2.asm.obj
 0001:0003ba40       _jsimd_extxrgb_ycc_convert_sse2 1003ca40     turbojpeg:jccolor-sse2.asm.obj
 0001:0003be60       _jsimd_rgb_ycc_convert_avx2 1003ce60     turbojpeg:jccolor-avx2.asm.obj
 0001:0003c300       _jsimd_extrgb_ycc_convert_avx2 1003d300     turbojpeg:jccolor-avx2.asm.obj
 0001:0003c7a0       _jsimd_extrgbx_ycc_convert_avx2 1003d7a0     turbojpeg:jccolor-avx2.asm.obj
 0001:0003cc20       _jsimd_extbgr_ycc_convert_avx2 1003dc20     turbojpeg:jccolor-avx2.asm.obj
 0001:0003d0c0       _jsimd_extbgrx_ycc_convert_avx2 1003e0c0     turbojpeg:jccolor-avx2.asm.obj
 0001:0003d540       _jsimd_extxbgr_ycc_convert_avx2 1003e540     turbojpeg:jccolor-avx2.asm.obj
 0001:0003d9c0       _jsimd_extxrgb_ycc_convert_avx2 1003e9c0     turbojpeg:jccolor-avx2.asm.obj
 0001:0003de40       _jpeg_simd_cpu_support     1003ee40     turbojpeg:jsimdcpu.asm.obj
 0001:0003df00       _jsimd_rgb_gray_convert_sse2 1003ef00     turbojpeg:jcgray-sse2.asm.obj
 0001:0003e180       _jsimd_extrgb_gray_convert_sse2 1003f180     turbojpeg:jcgray-sse2.asm.obj
 0001:0003e400       _jsimd_extrgbx_gray_convert_sse2 1003f400     turbojpeg:jcgray-sse2.asm.obj
 0001:0003e660       _jsimd_extbgr_gray_convert_sse2 1003f660     turbojpeg:jcgray-sse2.asm.obj
 0001:0003e8e0       _jsimd_extbgrx_gray_convert_sse2 1003f8e0     turbojpeg:jcgray-sse2.asm.obj
 0001:0003eb40       _jsimd_extxbgr_gray_convert_sse2 1003fb40     turbojpeg:jcgray-sse2.asm.obj
 0001:0003eda0       _jsimd_extxrgb_gray_convert_sse2 1003fda0     turbojpeg:jcgray-sse2.asm.obj
 0001:0003f000       _jsimd_rgb_gray_convert_avx2 10040000     turbojpeg:jcgray-avx2.asm.obj
 0001:0003f2c0       _jsimd_extrgb_gray_convert_avx2 100402c0     turbojpeg:jcgray-avx2.asm.obj
 0001:0003f580       _jsimd_extrgbx_gray_convert_avx2 10040580     turbojpeg:jcgray-avx2.asm.obj
 0001:0003f820       _jsimd_extbgr_gray_convert_avx2 10040820     turbojpeg:jcgray-avx2.asm.obj
 0001:0003fae0       _jsimd_extbgrx_gray_convert_avx2 10040ae0     turbojpeg:jcgray-avx2.asm.obj
 0001:0003fd80       _jsimd_extxbgr_gray_convert_avx2 10040d80     turbojpeg:jcgray-avx2.asm.obj
 0001:00040020       _jsimd_extxrgb_gray_convert_avx2 10041020     turbojpeg:jcgray-avx2.asm.obj
 0001:000402c0       _jsimd_ycc_rgb_convert_sse2 100412c0     turbojpeg:jdcolor-sse2.asm.obj
 0001:00040620       _jsimd_ycc_extrgb_convert_sse2 10041620     turbojpeg:jdcolor-sse2.asm.obj
 0001:00040980       _jsimd_ycc_extrgbx_convert_sse2 10041980     turbojpeg:jdcolor-sse2.asm.obj
 0001:00040c80       _jsimd_ycc_extbgr_convert_sse2 10041c80     turbojpeg:jdcolor-sse2.asm.obj
 0001:00040fe0       _jsimd_ycc_extbgrx_convert_sse2 10041fe0     turbojpeg:jdcolor-sse2.asm.obj
 0001:000412e0       _jsimd_ycc_extxbgr_convert_sse2 100422e0     turbojpeg:jdcolor-sse2.asm.obj
 0001:000415e0       _jsimd_ycc_extxrgb_convert_sse2 100425e0     turbojpeg:jdcolor-sse2.asm.obj
 0001:000418e0       _jsimd_ycc_rgb_convert_avx2 100428e0     turbojpeg:jdcolor-avx2.asm.obj
 0001:00041c40       _jsimd_ycc_extrgb_convert_avx2 10042c40     turbojpeg:jdcolor-avx2.asm.obj
 0001:00041fa0       _jsimd_ycc_extrgbx_convert_avx2 10042fa0     turbojpeg:jdcolor-avx2.asm.obj
 0001:000422a0       _jsimd_ycc_extbgr_convert_avx2 100432a0     turbojpeg:jdcolor-avx2.asm.obj
 0001:00042600       _jsimd_ycc_extbgrx_convert_avx2 10043600     turbojpeg:jdcolor-avx2.asm.obj
 0001:00042900       _jsimd_ycc_extxbgr_convert_avx2 10043900     turbojpeg:jdcolor-avx2.asm.obj
 0001:00042c00       _jsimd_ycc_extxrgb_convert_avx2 10043c00     turbojpeg:jdcolor-avx2.asm.obj
 0001:00042f00       _jsimd_rgb_ycc_convert_mmx 10043f00     turbojpeg:jccolor-mmx.asm.obj
 0001:00043280       _jsimd_extrgb_ycc_convert_mmx 10044280     turbojpeg:jccolor-mmx.asm.obj
 0001:00043600       _jsimd_extrgbx_ycc_convert_mmx 10044600     turbojpeg:jccolor-mmx.asm.obj
 0001:00043940       _jsimd_extbgr_ycc_convert_mmx 10044940     turbojpeg:jccolor-mmx.asm.obj
 0001:00043cc0       _jsimd_extbgrx_ycc_convert_mmx 10044cc0     turbojpeg:jccolor-mmx.asm.obj
 0001:00044000       _jsimd_extxbgr_ycc_convert_mmx 10045000     turbojpeg:jccolor-mmx.asm.obj
 0001:00044340       _jsimd_extxrgb_ycc_convert_mmx 10045340     turbojpeg:jccolor-mmx.asm.obj
 0001:00044680       _jsimd_rgb_gray_convert_mmx 10045680     turbojpeg:jcgray-mmx.asm.obj
 0001:00044880       _jsimd_extrgb_gray_convert_mmx 10045880     turbojpeg:jcgray-mmx.asm.obj
 0001:00044a80       _jsimd_extrgbx_gray_convert_mmx 10045a80     turbojpeg:jcgray-mmx.asm.obj
 0001:00044c60       _jsimd_extbgr_gray_convert_mmx 10045c60     turbojpeg:jcgray-mmx.asm.obj
 0001:00044e60       _jsimd_extbgrx_gray_convert_mmx 10045e60     turbojpeg:jcgray-mmx.asm.obj
 0001:00045040       _jsimd_extxbgr_gray_convert_mmx 10046040     turbojpeg:jcgray-mmx.asm.obj
 0001:00045220       _jsimd_extxrgb_gray_convert_mmx 10046220     turbojpeg:jcgray-mmx.asm.obj
 0001:00045400       _jsimd_ycc_rgb_convert_mmx 10046400     turbojpeg:jdcolor-mmx.asm.obj
 0001:000456a0       _jsimd_ycc_extrgb_convert_mmx 100466a0     turbojpeg:jdcolor-mmx.asm.obj
 0001:00045940       _jsimd_ycc_extrgbx_convert_mmx 10046940     turbojpeg:jdcolor-mmx.asm.obj
 0001:00045ba0       _jsimd_ycc_extbgr_convert_mmx 10046ba0     turbojpeg:jdcolor-mmx.asm.obj
 0001:00045e40       _jsimd_ycc_extbgrx_convert_mmx 10046e40     turbojpeg:jdcolor-mmx.asm.obj
 0001:000460a0       _jsimd_ycc_extxbgr_convert_mmx 100470a0     turbojpeg:jdcolor-mmx.asm.obj
 0001:00046300       _jsimd_ycc_extxrgb_convert_mmx 10047300     turbojpeg:jdcolor-mmx.asm.obj
 0001:00046560       _jsimd_h2v1_downsample_mmx 10047560     turbojpeg:jcsample-mmx.asm.obj
 0001:00046620       _jsimd_h2v2_downsample_mmx 10047620     turbojpeg:jcsample-mmx.asm.obj
 0001:00046720       _jsimd_h2v1_downsample_sse2 10047720     turbojpeg:jcsample-sse2.asm.obj
 0001:00046820       _jsimd_h2v2_downsample_sse2 10047820     turbojpeg:jcsample-sse2.asm.obj
 0001:00046960       _jsimd_h2v1_downsample_avx2 10047960     turbojpeg:jcsample-avx2.asm.obj
 0001:00046a80       _jsimd_h2v2_downsample_avx2 10047a80     turbojpeg:jcsample-avx2.asm.obj
 0001:00046c00       _jsimd_h2v1_fancy_upsample_mmx 10047c00     turbojpeg:jdsample-mmx.asm.obj
 0001:00046d40       _jsimd_h2v2_fancy_upsample_mmx 10047d40     turbojpeg:jdsample-mmx.asm.obj
 0001:00047020       _jsimd_h2v1_upsample_mmx   10048020     turbojpeg:jdsample-mmx.asm.obj
 0001:000470a0       _jsimd_h2v2_upsample_mmx   100480a0     turbojpeg:jdsample-mmx.asm.obj
 0001:00047140       _jsimd_h2v1_fancy_upsample_sse2 10048140     turbojpeg:jdsample-sse2.asm.obj
 0001:000472a0       _jsimd_h2v2_fancy_upsample_sse2 100482a0     turbojpeg:jdsample-sse2.asm.obj
 0001:00047620       _jsimd_h2v1_upsample_sse2  10048620     turbojpeg:jdsample-sse2.asm.obj
 0001:000476a0       _jsimd_h2v2_upsample_sse2  100486a0     turbojpeg:jdsample-sse2.asm.obj
 0001:00047760       _jsimd_h2v1_fancy_upsample_avx2 10048760     turbojpeg:jdsample-avx2.asm.obj
 0001:00047900       _jsimd_h2v2_fancy_upsample_avx2 10048900     turbojpeg:jdsample-avx2.asm.obj
 0001:00047ce0       _jsimd_h2v1_upsample_avx2  10048ce0     turbojpeg:jdsample-avx2.asm.obj
 0001:00047d80       _jsimd_h2v2_upsample_avx2  10048d80     turbojpeg:jdsample-avx2.asm.obj
 0001:00047e40       _jsimd_h2v1_merged_upsample_sse2 10048e40     turbojpeg:jdmerge-sse2.asm.obj
 0001:000481a0       _jsimd_h2v2_merged_upsample_sse2 100491a0     turbojpeg:jdmerge-sse2.asm.obj
 0001:00048200       _jsimd_h2v1_extrgb_merged_upsample_sse2 10049200     turbojpeg:jdmerge-sse2.asm.obj
 0001:00048560       _jsimd_h2v2_extrgb_merged_upsample_sse2 10049560     turbojpeg:jdmerge-sse2.asm.obj
 0001:000485c0       _jsimd_h2v1_extrgbx_merged_upsample_sse2 100495c0     turbojpeg:jdmerge-sse2.asm.obj
 0001:000488c0       _jsimd_h2v2_extrgbx_merged_upsample_sse2 100498c0     turbojpeg:jdmerge-sse2.asm.obj
 0001:00048920       _jsimd_h2v1_extbgr_merged_upsample_sse2 10049920     turbojpeg:jdmerge-sse2.asm.obj
 0001:00048c80       _jsimd_h2v2_extbgr_merged_upsample_sse2 10049c80     turbojpeg:jdmerge-sse2.asm.obj
 0001:00048ce0       _jsimd_h2v1_extbgrx_merged_upsample_sse2 10049ce0     turbojpeg:jdmerge-sse2.asm.obj
 0001:00048fe0       _jsimd_h2v2_extbgrx_merged_upsample_sse2 10049fe0     turbojpeg:jdmerge-sse2.asm.obj
 0001:00049040       _jsimd_h2v1_extxbgr_merged_upsample_sse2 1004a040     turbojpeg:jdmerge-sse2.asm.obj
 0001:00049340       _jsimd_h2v2_extxbgr_merged_upsample_sse2 1004a340     turbojpeg:jdmerge-sse2.asm.obj
 0001:000493a0       _jsimd_h2v1_extxrgb_merged_upsample_sse2 1004a3a0     turbojpeg:jdmerge-sse2.asm.obj
 0001:000496a0       _jsimd_h2v2_extxrgb_merged_upsample_sse2 1004a6a0     turbojpeg:jdmerge-sse2.asm.obj
 0001:00049700       _jsimd_h2v1_merged_upsample_avx2 1004a700     turbojpeg:jdmerge-avx2.asm.obj
 0001:00049a40       _jsimd_h2v2_merged_upsample_avx2 1004aa40     turbojpeg:jdmerge-avx2.asm.obj
 0001:00049aa0       _jsimd_h2v1_extrgb_merged_upsample_avx2 1004aaa0     turbojpeg:jdmerge-avx2.asm.obj
 0001:00049de0       _jsimd_h2v2_extrgb_merged_upsample_avx2 1004ade0     turbojpeg:jdmerge-avx2.asm.obj
 0001:00049e40       _jsimd_h2v1_extrgbx_merged_upsample_avx2 1004ae40     turbojpeg:jdmerge-avx2.asm.obj
 0001:0004a140       _jsimd_h2v2_extrgbx_merged_upsample_avx2 1004b140     turbojpeg:jdmerge-avx2.asm.obj
 0001:0004a1a0       _jsimd_h2v1_extbgr_merged_upsample_avx2 1004b1a0     turbojpeg:jdmerge-avx2.asm.obj
 0001:0004a4e0       _jsimd_h2v2_extbgr_merged_upsample_avx2 1004b4e0     turbojpeg:jdmerge-avx2.asm.obj
 0001:0004a540       _jsimd_h2v1_extbgrx_merged_upsample_avx2 1004b540     turbojpeg:jdmerge-avx2.asm.obj
 0001:0004a840       _jsimd_h2v2_extbgrx_merged_upsample_avx2 1004b840     turbojpeg:jdmerge-avx2.asm.obj
 0001:0004a8a0       _jsimd_h2v1_extxbgr_merged_upsample_avx2 1004b8a0     turbojpeg:jdmerge-avx2.asm.obj
 0001:0004aba0       _jsimd_h2v2_extxbgr_merged_upsample_avx2 1004bba0     turbojpeg:jdmerge-avx2.asm.obj
 0001:0004ac00       _jsimd_h2v1_extxrgb_merged_upsample_avx2 1004bc00     turbojpeg:jdmerge-avx2.asm.obj
 0001:0004af00       _jsimd_h2v2_extxrgb_merged_upsample_avx2 1004bf00     turbojpeg:jdmerge-avx2.asm.obj
 0001:0004af60       _jsimd_h2v1_merged_upsample_mmx 1004bf60     turbojpeg:jdmerge-mmx.asm.obj
 0001:0004b1e0       _jsimd_h2v2_merged_upsample_mmx 1004c1e0     turbojpeg:jdmerge-mmx.asm.obj
 0001:0004b240       _jsimd_h2v1_extrgb_merged_upsample_mmx 1004c240     turbojpeg:jdmerge-mmx.asm.obj
 0001:0004b4c0       _jsimd_h2v2_extrgb_merged_upsample_mmx 1004c4c0     turbojpeg:jdmerge-mmx.asm.obj
 0001:0004b520       _jsimd_h2v1_extrgbx_merged_upsample_mmx 1004c520     turbojpeg:jdmerge-mmx.asm.obj
 0001:0004b780       _jsimd_h2v2_extrgbx_merged_upsample_mmx 1004c780     turbojpeg:jdmerge-mmx.asm.obj
 0001:0004b7e0       _jsimd_h2v1_extbgr_merged_upsample_mmx 1004c7e0     turbojpeg:jdmerge-mmx.asm.obj
 0001:0004ba60       _jsimd_h2v2_extbgr_merged_upsample_mmx 1004ca60     turbojpeg:jdmerge-mmx.asm.obj
 0001:0004bac0       _jsimd_h2v1_extbgrx_merged_upsample_mmx 1004cac0     turbojpeg:jdmerge-mmx.asm.obj
 0001:0004bd20       _jsimd_h2v2_extbgrx_merged_upsample_mmx 1004cd20     turbojpeg:jdmerge-mmx.asm.obj
 0001:0004bd80       _jsimd_h2v1_extxbgr_merged_upsample_mmx 1004cd80     turbojpeg:jdmerge-mmx.asm.obj
 0001:0004bfe0       _jsimd_h2v2_extxbgr_merged_upsample_mmx 1004cfe0     turbojpeg:jdmerge-mmx.asm.obj
 0001:0004c040       _jsimd_h2v1_extxrgb_merged_upsample_mmx 1004d040     turbojpeg:jdmerge-mmx.asm.obj
 0001:0004c2a0       _jsimd_h2v2_extxrgb_merged_upsample_mmx 1004d2a0     turbojpeg:jdmerge-mmx.asm.obj
 0001:0004c300       _jsimd_convsamp_mmx        1004d300     turbojpeg:jquant-mmx.asm.obj
 0001:0004c3c0       _jsimd_quantize_mmx        1004d3c0     turbojpeg:jquant-mmx.asm.obj
 0001:0004c4a0       _jsimd_convsamp_sse2       1004d4a0     turbojpeg:jquanti-sse2.asm.obj
 0001:0004c540       _jsimd_quantize_sse2       1004d540     turbojpeg:jquanti-sse2.asm.obj
 0001:0004c660       _jsimd_convsamp_avx2       1004d660     turbojpeg:jquanti-avx2.asm.obj
 0001:0004c720       _jsimd_quantize_avx2       1004d720     turbojpeg:jquanti-avx2.asm.obj
 0001:0004c7e0       _jsimd_convsamp_float_3dnow 1004d7e0     turbojpeg:jquant-3dn.asm.obj
 0001:0004c8c0       _jsimd_quantize_float_3dnow 1004d8c0     turbojpeg:jquant-3dn.asm.obj
 0001:0004c9a0       _jsimd_convsamp_float_sse  1004d9a0     turbojpeg:jquant-sse.asm.obj
 0001:0004ca60       _jsimd_quantize_float_sse  1004da60     turbojpeg:jquant-sse.asm.obj
 0001:0004cb00       _jsimd_convsamp_float_sse2 1004db00     turbojpeg:jquantf-sse2.asm.obj
 0001:0004cba0       _jsimd_quantize_float_sse2 1004dba0     turbojpeg:jquantf-sse2.asm.obj
 0001:0004cc20       _jsimd_fdct_islow_sse2     1004dc20     turbojpeg:jfdctint-sse2.asm.obj
 0001:0004d2c0       _jsimd_fdct_islow_avx2     1004e2c0     turbojpeg:jfdctint-avx2.asm.obj
 0001:0004d5e0       _jsimd_fdct_ifast_sse2     1004e5e0     turbojpeg:jfdctfst-sse2.asm.obj
 0001:0004d9c0       _jsimd_fdct_float_sse      1004e9c0     turbojpeg:jfdctflt-sse.asm.obj
 0001:0004dcc0       _jsimd_fdct_islow_mmx      1004ecc0     turbojpeg:jfdctint-mmx.asm.obj
 0001:0004e200       _jsimd_fdct_ifast_mmx      1004f200     turbojpeg:jfdctfst-mmx.asm.obj
 0001:0004e500       _jsimd_fdct_float_3dnow    1004f500     turbojpeg:jfdctflt-3dn.asm.obj
 0001:0004e7c0       _jsimd_idct_4x4_sse2       1004f7c0     turbojpeg:jidctred-sse2.asm.obj
 0001:0004eb60       _jsimd_idct_2x2_sse2       1004fb60     turbojpeg:jidctred-sse2.asm.obj
 0001:0004ed00       _jsimd_idct_4x4_mmx        1004fd00     turbojpeg:jidctred-mmx.asm.obj
 0001:0004f0e0       _jsimd_idct_2x2_mmx        100500e0     turbojpeg:jidctred-mmx.asm.obj
 0001:0004f280       _jsimd_idct_islow_sse2     10050280     turbojpeg:jidctint-sse2.asm.obj
 0001:0004fc40       _jsimd_idct_islow_avx2     10050c40     turbojpeg:jidctint-avx2.asm.obj
 0001:00050180       _jsimd_idct_ifast_sse2     10051180     turbojpeg:jidctfst-sse2.asm.obj
 0001:00050660       _jsimd_idct_float_sse      10051660     turbojpeg:jidctflt-sse.asm.obj
 0001:00050b80       _jsimd_idct_float_sse2     10051b80     turbojpeg:jidctflt-sse2.asm.obj
 0001:00051040       _jsimd_idct_islow_mmx      10052040     turbojpeg:jidctint-mmx.asm.obj
 0001:000517a0       _jsimd_idct_ifast_mmx      100527a0     turbojpeg:jidctfst-mmx.asm.obj
 0001:00051b80       _jsimd_idct_float_3dnow    10052b80     turbojpeg:jidctflt-3dn.asm.obj
 0001:00051fc0       _jsimd_huff_encode_one_block_sse2 10052fc0     turbojpeg:jchuff-sse2.asm.obj
 0001:000527a0       _jsimd_encode_mcu_AC_first_prepare_sse2 100537a0     turbojpeg:jcphuff-sse2.asm.obj
 0001:00052ba0       _jsimd_encode_mcu_AC_refine_prepare_sse2 10053ba0     turbojpeg:jcphuff-sse2.asm.obj
 0001:00053020       _compress2                 10054020 f   zlib:compress.obj
 0001:000530d0       _compress                  100540d0 f   zlib:compress.obj
 0001:000530f0       _deflateInit_              100540f0 f   zlib:deflate.obj
 0001:00053120       _deflateInit2_             10054120 f   zlib:deflate.obj
 0001:00053360       _deflateResetKeep          10054360 f   zlib:deflate.obj
 0001:000533f0       _deflateReset              100543f0 f   zlib:deflate.obj
 0001:00053420       _deflate                   10054420 f   zlib:deflate.obj
 0001:00053de0       _deflateEnd                10054de0 f   zlib:deflate.obj
 0001:00055140       _zcalloc                   10056140 f   zlib:zutil.obj
 0001:00055160       _zcfree                    10056160 f   zlib:zutil.obj
 0001:00055170       _adler32                   10056170 f   zlib:adler32.obj
 0001:000553e0       __tr_init                  100563e0 f   zlib:trees.obj
 0001:000554c0       __tr_stored_block          100564c0 f   zlib:trees.obj
 0001:00055560       __tr_flush_bits            10056560 f   zlib:trees.obj
 0001:00055570       __tr_align                 10056570 f   zlib:trees.obj
 0001:000556b0       __tr_flush_block           100566b0 f   zlib:trees.obj
 0001:00056e50       _crc32                     10057e50 f   zlib:crc32.obj
 0001:00057160       _Hid_InitializeWithNoConnection 10058160 f   QAssist:HiddenLib.obj
 0001:00057210       _Hid_Initialize            10058210 f   QAssist:HiddenLib.obj
 0001:00057290       _Hid_Destroy               10058290 f   QAssist:HiddenLib.obj
 0001:000572b0       ?ConvertToNtPath@@YA_NPBGPAGI@Z 100582b0 f   QAssist:HiddenLib.obj
 0001:00057350       ?NormalizeRegistryPath@@YA_NW4HidRegRootTypes@@PBGPAGI@Z 10058350 f   QAssist:HiddenLib.obj
 0001:000574b0       ?AllocNormalizedPath@@YA_KPBGPAPAG@Z 100584b0 f   QAssist:HiddenLib.obj
 0001:00057520       ?AllocNormalizedRegistryPath@@YA_KW4HidRegRootTypes@@PBGPAPAG@Z 10058520 f   QAssist:HiddenLib.obj
 0001:00057590       ?FreeNormalizedPath@@YAXPAG@Z 10058590 f   QAssist:HiddenLib.obj
 0001:000575a0       ?SendIoctl_HideObjectPacket@@YA_KPAU_HidContextInternal@@PBGGPA_K@Z 100585a0 f   QAssist:HiddenLib.obj
 0001:00057690       ?SendIoctl_UnhideObjectPacket@@YA_KPAU_HidContextInternal@@G_K@Z 10058690 f   QAssist:HiddenLib.obj
 0001:00057720       ?SendIoctl_AddPsObjectPacket@@YA_KPAU_HidContextInternal@@PBGGW4HidPsInheritTypes@@_NPA_K@Z 10058720 f   QAssist:HiddenLib.obj
 0001:00057820       _Hid_AddHiddenRegKey       10058820 f   QAssist:HiddenLib.obj
 0001:00057870       _Hid_AddHiddenFile         10058870 f   QAssist:HiddenLib.obj
 0001:000578c0       _Hid_RemoveHiddenFile      100588c0 f   QAssist:HiddenLib.obj
 0001:000578e0       _Hid_AddExcludedImage      100588e0 f   QAssist:HiddenLib.obj
 0001:00057940       _Hid_AddProtectedImage     10058940 f   QAssist:HiddenLib.obj
 0001:000579a0       _NetUserSetInfo@20         100589a0 f   netapi32:NETAPI32.dll
 0001:000579a6       _NetUserGetLocalGroups@32  100589a6 f   netapi32:NETAPI32.dll
 0001:000579ac       _NetApiBufferFree@4        100589ac f   netapi32:NETAPI32.dll
 0001:000579b2       _NetUserGetInfo@16         100589b2 f   netapi32:NETAPI32.dll
 0001:000579b8       _NetUserEnum@32            100589b8 f   netapi32:NETAPI32.dll
 0001:000579be       _NetLocalGroupAddMembers@20 100589be f   netapi32:NETAPI32.dll
[...]
   217 0001:000036aa   229 0001:000036b4   230 0001:000036b8   233 0001:000036d0
   235 0001:000036df   238 0001:000036e0   240 0001:000036e6   243 0001:000036f0
   244 0001:0000370e   245 0001:00003714   248 0001:00003717   249 0001:0000371a
   252 0001:0000373d   325 0001:0000375b   257 0001:0000376e   260 0001:0000377b
   263 0001:0000378a   265 0001:00003796   266 0001:000037b7   268 0001:000037cc
   269 0001:000037ce   270 0001:000037dc   274 0001:000037f7   275 0001:00003807
   276 0001:00003814   278 0001:00003821   284 0001:00003831   285 0001:00003837
   286 0001:00003845   288 0001:00003857   291 0001:00003867   295 0001:00003874
   296 0001:00003884   297 0001:0000389c   304 0001:000038a5   306 0001:000038ae
   307 0001:000038b8   308 0001:000038c4   311 0001:000038e3   312 0001:000038e9
   316 0001:000038f2   289 0001:000038fd   320 0001:00003912   321 0001:00003922
   322 0001:00003932   323 0001:0000393d   324 0001:00003948   327 0001:00003950
   335 0001:00003954   337 0001:00003980   338 0001:0000398d   339 0001:0000399c
   341 0001:000039a9   343 0001:000039b6   344 0001:000039c1   346 0001:000039d0
   349 0001:000039d3   353 0001:000039ec   354 0001:00003a47   356 0001:00003a51
   357 0001:00003a57   359 0001:00003a59   360 0001:00003a6a   362 0001:00003a76
   364 0001:00003a80   365 0001:00003a8c   367 0001:00003a96   370 0001:00003aa5
   371 0001:00003ac6   373 0001:00003ad5   422 0001:00003ae1   376 0001:00003aea
   378 0001:00003b08   380 0001:00003b0c   381 0001:00003b15   422 0001:00003b1c
   385 0001:00003b25   387 0001:00003b32   388 0001:00003b40   390 0001:00003b58
   392 0001:00003b5c   394 0001:00003b73   396 0001:00003b81   399 0001:00003b92
   401 0001:00003ba8   403 0001:00003bb5   406 0001:00003bbb   407 0001:00003bc8
   408 0001:00003bed   409 0001:00003bf7   410 0001:00003c0b   411 0001:00003c0f
   413 0001:00003c18   415 0001:00003c1a   416 0001:00003c2a   417 0001:00003c34
   421 0001:00003c3e   422 0001:00003c60   425 0001:00003c70   428 0001:00003c7f
   429 0001:00003c85   432 0001:00003c91   435 0001:00003ca0   444 0001:00003cb5
   446 0001:00003cca   448 0001:00003cd2   449 0001:00003ce3   452 0001:00003cf5
   455 0001:00003cfc   457 0001:00003d00   461 0001:00003d16   463 0001:00003d1a
   465 0001:00003d1c   466 0001:00003d2d   471 0001:00003d37   472 0001:00003d3a
   473 0001:00003d3c   476 0001:00003d40   477 0001:00003d4a   479 0001:00003d4c
   480 0001:00003d53   483 0001:00003d60   485 0001:00003d6a

Line numbers for .\Release\cJSON.obj(C:\Users\Administrator\Desktop\源码\远程源码\Emin摩纳哥源码GAI通讯\Emin摩纳哥源码\Server\common\cJSON.c) segment .text

    82 0001:000016f0    87 0001:00001700    88 0001:00001719    89 0001:0000172f
    90 0001:00001748    91 0001:00001752    93 0001:0000175b   324 0001:00001760
   327 0001:00001769   328 0001:00001773   337 0001:00001779   330 0001:0000177a
   331 0001:00001790   337 0001:000017a1   334 0001:000017a2   337 0001:000017cd
   335 0001:000017ce   336 0001:000017d8   337 0001:000017dc    74 0001:000017e0
    76 0001:000017ed    77 0001:000017fd    78 0001:00001800    77 0001:00001801
    78 0001:00001803   320 0001:00001810   339 0001:00001830   343 0001:00001850
   358 0001:00001870   369 0001:0000187e   360 0001:0000187f   369 0001:000018a6
   361 0001:000018a7   369 0001:000018c4   362 0001:000018c5   369 0001:000018ea
   363 0001:000018eb   364 0001:000018fc   369 0001:00001901   364 0001:00001902
   365 0001:0000190e   369 0001:00001922   366 0001:00001923   369 0001:00001937
   368 0001:00001938   369 0001:00001942   364 0001:00001943   369 0001:00001953
    97 0001:00001960    98 0001:00001969   100 0001:00001970   101 0001:000019ac
   102 0001:000019b2   103 0001:000019e7   102 0001:00001a2e   104 0001:00001a32
   105 0001:00001a3c   106 0001:00001a4c   109 0001:00001a67   111 0001:00001a85
   112 0001:00001a91   113 0001:00001a99   114 0001:00001aa0   115 0001:00001aa2
   193 0001:00001ab0   194 0001:00001ab1   195 0001:00001ab9   249 0001:00001ace
   197 0001:00001ad0   199 0001:00001ae9   200 0001:00001af6   249 0001:00001b00
   203 0001:00001b02   205 0001:00001b1e   206 0001:00001b28   210 0001:00001b2d
   211 0001:00001b55   212 0001:00001b5e   213 0001:00001b67   214 0001:00001b70
   215 0001:00001b79   217 0001:00001b82   219 0001:00001b9a   221 0001:00001bba
   223 0001:00001bca   224 0001:00001bde   225 0001:00001bf8   226 0001:00001c12
   229 0001:00001c28   231 0001:00001c58   232 0001:00001c69   233 0001:00001c77
   234 0001:00001c85   235 0001:00001c93   237 0001:00001c9e   238 0001:00001ca0
   241 0001:00001ca4   244 0001:00001cb5   245 0001:00001cb8   246 0001:00001cc1
   247 0001:00001cc8   248 0001:00001ccf   249 0001:00001cd3   239 0001:00001cd5
   249 0001:00001cda   178 0001:00001d20   182 0001:00001d5c   184 0001:00001d9a
   186 0001:00001dd2   188 0001:00001de7   186 0001:00001de8   188 0001:00001df7
   186 0001:00001df8   188 0001:00001e07   180 0001:00001e08   188 0001:00001e0a
   373 0001:00001e10   403 0001:00001e1a   376 0001:00001e1b   379 0001:00001e28
   380 0001:00001e41   403 0001:00001e68   381 0001:00001e69   403 0001:00001e92
   382 0001:00001e93   403 0001:00001eba   383 0001:00001ebb   403 0001:00001ec6
   384 0001:00001ec7   403 0001:00001ed2   385 0001:00001ed3   386 0001:00001ed6
   389 0001:00001ed7   392 0001:00001ed9   393 0001:00001eee   403 0001:00001efc
   394 0001:00001efd   403 0001:00001f0b   395 0001:00001f0c   403 0001:00001f1a
   396 0001:00001f1b   403 0001:00001f27   397 0001:00001f28   403 0001:00001f34
   398 0001:00001f35   399 0001:00001f47   403 0001:00001f4b   399 0001:00001f4c
   403 0001:00001f62    50 0001:00001fa0    55 0001:00001fb5    58 0001:00001fc5
    56 0001:00001fc6    58 0001:00001fda   122 0001:00001fe0   125 0001:00001ff1
   126 0001:00001ff8   136 0001:00002007   128 0001:00002008   129 0001:0000200e
   130 0001:0000201e   136 0001:00002038   131 0001:00002039   132 0001:0000204f
   133 0001:00002058   135 0001:00002062   136 0001:0000206f   117 0001:00002070
   148 0001:000020a0   150 0001:000020ac   151 0001:000020b2   153 0001:000020c3
   154 0001:000020d7   155 0001:000020e2   175 0001:000020f4   157 0001:000020fb
   159 0001:00002129   160 0001:0000213b   161 0001:00002148   174 0001:00002163
   175 0001:00002165   157 0001:0000216c   165 0001:0000216e   166 0001:00002180
   167 0001:0000218d   169 0001:00002195   170 0001:000021d5   174 0001:000021df
   175 0001:000021e1   170 0001:000021e8   171 0001:00002208   174 0001:00002219
   175 0001:0000221b   170 0001:00002222   174 0001:00002235   175 0001:00002237
   309 0001:00002240   253 0001:00002260   256 0001:00002265   257 0001:0000229e
   260 0001:000022a2   261 0001:000022bb   262 0001:000022cc   307 0001:000022d4
   264 0001:000022d6   267 0001:000022f4   307 0001:00002308   270 0001:0000230a
   272 0001:0000230e   273 0001:00002321   274 0001:0000232c   307 0001:00002334
   275 0001:00002336   307 0001:0000234f   278 0001:00002351   280 0001:000023ab
   281 0001:000023c0   282 0001:000023d1   307 0001:000023d9   285 0001:000023db
   286 0001:000023df   288 0001:000023f2   289 0001:00002404   291 0001:00002406
   293 0001:00002409   294 0001:00002433   295 0001:00002439   296 0001:0000243f
   297 0001:00002445   298 0001:0000244b   299 0001:00002451   300 0001:00002457
   301 0001:0000245d   305 0001:00002471   306 0001:00002479   307 0001:0000247e
   407 0001:00002500   430 0001:00002513   431 0001:00002516   411 0001:00002517
   412 0001:0000251b   413 0001:0000252e   431 0001:00002539   415 0001:0000253a
   416 0001:00002541   417 0001:00002548   418 0001:00002560   420 0001:00002564
   423 0001:00002569   425 0001:00002574   426 0001:00002594   429 0001:0000259d
   431 0001:000025a8   430 0001:000025a9   431 0001:000025b4   435 0001:000025c0
   438 0001:000025c4   439 0001:000025c9   443 0001:000025cf   445 0001:000025e7
   447 0001:000025ef   448 0001:00002602   449 0001:0000260d   511 0001:0000262e
   453 0001:00002632   456 0001:0000263e   457 0001:00002641   511 0001:00002658
   457 0001:0000265c   458 0001:00002666   459 0001:00002669   461 0001:0000266d
   462 0001:00002687   463 0001:00002690   464 0001:000026cd   466 0001:000026d3
   511 0001:000026e6   466 0001:000026ea   467 0001:000026f1   510 0001:000026fa
   511 0001:000026ff   472 0001:00002703   473 0001:00002716   511 0001:00002722
   474 0001:00002726   476 0001:00002738   477 0001:0000273b   474 0001:0000273f
   477 0001:00002747   479 0001:0000274f   480 0001:00002762   481 0001:0000276a
   482 0001:00002799   486 0001:0000279f   488 0001:000027bd   493 0001:000027c1
   494 0001:000027df   495 0001:000027f0   511 0001:000027f3   499 0001:000027f7
   500 0001:000027fa   501 0001:000027fd   499 0001:00002811   503 0001:00002815
   504 0001:00002832   505 0001:0000285a   507 0001:00002876   508 0001:00002881
   510 0001:00002890   511 0001:00002896   139 0001:000028a0   142 0001:000028ae
   143 0001:000028b2   144 0001:000028c4   141 0001:000028c5   144 0001:000028c7
   515 0001:000028d0   546 0001:000028e3   547 0001:000028e6   519 0001:000028e7
   520 0001:000028eb   521 0001:000028fe   547 0001:00002909   523 0001:0000290a
   524 0001:00002911   525 0001:0000291c   526 0001:00002932   527 0001:0000293a
   528 0001:00002947   546 0001:00002955   547 0001:00002958   529 0001:00002959
   530 0001:00002972   532 0001:00002976   535 0001:0000297b   537 0001:00002986
   538 0001:000029a4   539 0001:000029a8   540 0001:000029b5   541 0001:000029c0
   542 0001:000029d9   545 0001:000029e2   547 0001:000029ed   546 0001:000029ee
   547 0001:000029f9   551 0001:00002a00   554 0001:00002a05   555 0001:00002a09
   558 0001:00002a18   560 0001:00002a27   562 0001:00002a33   563 0001:00002a59
   564 0001:00002a77   658 0001:00002a7f   566 0001:00002a83   657 0001:00002aaf
   658 0001:00002abc   570 0001:00002ac0   574 0001:00002acc   658 0001:00002af8
   575 0001:00002afc   576 0001:00002b13   577 0001:00002b1b   579 0001:00002b23
   581 0001:00002b2b   582 0001:00002b3f   583 0001:00002b58   585 0001:00002b5b
   586 0001:00002b65   589 0001:00002b6b   590 0001:00002b84   591 0001:00002b93
   593 0001:00002b9c   594 0001:00002bac   596 0001:00002bb5   597 0001:00002bc9
   598 0001:00002bde   599 0001:00002be7   600 0001:00002bf6   601 0001:00002bfe
   597 0001:00002c08   603 0001:00002c0c   658 0001:00002c2c   604 0001:00002c30
   606 0001:00002c60   657 0001:00002c70   658 0001:00002c75   611 0001:00002c79
   612 0001:00002c8c   658 0001:00002c98   613 0001:00002c9c   614 0001:00002ca8
   658 0001:00002cc0   615 0001:00002cc4   616 0001:00002cd6   619 0001:00002cea
   620 0001:00002d07   622 0001:00002d1d   623 0001:00002d28   624 0001:00002d4b
   625 0001:00002d9e   629 0001:00002da9   630 0001:00002dc1   635 0001:00002dc9
   636 0001:00002e04   637 0001:00002e20   658 0001:00002e23   641 0001:00002e27
   642 0001:00002e3a   644 0001:00002e66   645 0001:00002e8f   646 0001:00002eab
   647 0001:00002ec4   648 0001:00002ef1   649 0001:00002f05   650 0001:00002f0e
   642 0001:00002f44   653 0001:00002f48   654 0001:00002f5e   655 0001:00002f8d
   657 0001:00002f91   658 0001:00002f9b   663 0001:00002fa0    40 0001:00002fd0
    44 0001:00002feb    41 0001:00002fec    44 0001:00002ffd    42 0001:00002ffe
    43 0001:00003036    44 0001:00003051    42 0001:00003055    44 0001:00003058
   671 0001:00003060   666 0001:00003090   672 0001:000030a0

Line numbers for .\Release\ChatManager.obj(C:\Users\Administrator\Desktop\源码\远程源码\Emin摩纳哥源码GAI通讯\Emin摩纳哥源码\Server\common\ChatManager.cpp) segment .text

     5 0001:00000f70     9 0001:00000f97    10 0001:00000fc2    11 0001:00000fc9
    12 0001:00000fdd    13 0001:00000fe8    16 0001:00001020    17 0001:00001023
    19 0001:00001033    21 0001:00001043    24 0001:00001050    33 0001:00001056
    34 0001:00001065    35 0001:00001071   147 0001:00001075    36 0001:0000107b
    37 0001:00001084    39 0001:00001088    40 0001:00001091   147 0001:00001095
    51 0001:0000109b    52 0001:000010be    55 0001:000010c5    56 0001:000010d9
    59 0001:000010ea    60 0001:000010fa    63 0001:00001101    74 0001:00001105
    75 0001:00001146    90 0001:00001151    91 0001:0000119a   106 0001:000011a5
   107 0001:000011ee   113 0001:000011f9   122 0001:000011fe   123 0001:00001246
   124 0001:00001250   127 0001:00001257   128 0001:00001272   129 0001:0000127d
   130 0001:00001284   132 0001:00001292   133 0001:000012b1   137 0001:000012ca
   139 0001:000012ed   141 0001:000012ff   142 0001:00001306   146 0001:00001325
   147 0001:00001328   150 0001:00001330   151 0001:0000133c   153 0001:0000134f
   200 0001:00001369   201 0001:0000136c   195 0001:00001375   196 0001:0000137f
   201 0001:00001385   155 0001:0000138e   156 0001:0000139f   157 0001:000013bc
   201 0001:000013c2   153 0001:000013cb   198 0001:000013d7   201 0001:000013e8
   159 0001:000013f1   162 0001:00001401   163 0001:00001417   165 0001:0000144d
   166 0001:00001462   201 0001:00001468   168 0001:00001472   170 0001:0000148c
   171 0001:00001497   173 0001:000014af   174 0001:0000150f   175 0001:00001520
   176 0001:0000152b   178 0001:00001532   179 0001:0000153e   181 0001:00001541
   182 0001:00001551   184 0001:00001563   185 0001:00001574   186 0001:00001586
   201 0001:0000158c   204 0001:000015a0   205 0001:000015ac   207 0001:000015c7
   231 0001:000015d0   210 0001:000015d9   212 0001:000015e2   231 0001:000015fa
   216 0001:00001603   217 0001:0000160f   219 0001:00001621   220 0001:0000167a
   221 0001:0000168f   222 0001:0000169a   224 0001:000016a1   225 0001:000016ad
   227 0001:000016b0   228 0001:000016c0   230 0001:000016cf   231 0001:000016e1

Line numbers for .\Release\Buffer.obj(C:\Users\Administrator\Desktop\源码\远程源码\Emin摩纳哥源码GAI通讯\Emin摩纳哥源码\Server\common\Buffer.cpp) segment .text

    37 0001:00000b80    39 0001:00000b83    41 0001:00000b88    43 0001:00000b8e
    44 0001:00000b9e    64 0001:00000bd0    65 0001:00000bd3    66 0001:00000be0
    68 0001:00000bee    69 0001:00000bf9    89 0001:00000c00    90 0001:00000c06
    92 0001:00000c14    94 0001:00000c2e    95 0001:00000c37   105 0001:00000c3a
    98 0001:00000c3e   101 0001:00000c56   103 0001:00000c5e   104 0001:00000c6a
   105 0001:00000c6f   162 0001:00000c80   163 0001:00000c86   166 0001:00000c94
   168 0001:00000ca3   169 0001:00000cac   192 0001:00000caf   173 0001:00000cb3
   174 0001:00000cbe   176 0001:00000cc7   180 0001:00000ccb   183 0001:00000ce3
   185 0001:00000cfb   188 0001:00000d0b   190 0001:00000d1a   191 0001:00000d21
   192 0001:00000d26   234 0001:00000d30   236 0001:00000d37   241 0001:00000d39
   238 0001:00000d3a   241 0001:00000d3f   261 0001:00000d40   262 0001:00000d48
   263 0001:00000d57   288 0001:00000d5a   266 0001:00000d60   269 0001:00000d8c
   270 0001:00000da1   271 0001:00000dab   288 0001:00000daf   273 0001:00000db6
   274 0001:00000dbd   276 0001:00000dd4   277 0001:00000ddc   280 0001:00000dee
   285 0001:00000df2   287 0001:00000dfb   288 0001:00000e02   308 0001:00000e10
   309 0001:00000e17   310 0001:00000e25   336 0001:00000e28   313 0001:00000e2e
   315 0001:00000e5a   316 0001:00000e69   336 0001:00000e6c   319 0001:00000e74
   321 0001:00000e86   322 0001:00000e91   324 0001:00000ea8   325 0001:00000eb1
   328 0001:00000ec3   333 0001:00000ec7   335 0001:00000ed2   336 0001:00000ed6
   388 0001:00000ee0   389 0001:00000ee4   392 0001:00000eee   394 0001:00000ef1
   396 0001:00000f00   397 0001:00000f09   417 0001:00000f10   418 0001:00000f14
   421 0001:00000f1e   423 0001:00000f25   424 0001:00000f33   425 0001:00000f41
   428 0001:00000f48   429 0001:00000f51   479 0001:00000f60   481 0001:00000f69

Line numbers for .\Release\AudioManager.obj(C:\Users\Administrator\Desktop\源码\远程源码\Emin摩纳哥源码GAI通讯\Emin摩纳哥源码\Server\common\AudioManager.cpp) segment .text

    12 0001:00000880    17 0001:000008aa    19 0001:000008d1    29 0001:000008d8
    24 0001:000008ed    26 0001:00000900    28 0001:00000907    29 0001:00000917
    32 0001:00000960    33 0001:00000983    34 0001:0000099a    36 0001:000009a4
    37 0001:000009ad    39 0001:000009ba    40 0001:000009c4    41 0001:000009ca
    44 0001:000009f0    47 0001:000009f8    48 0001:00000a14    49 0001:00000a1a
    59 0001:00000a1d    50 0001:00000a21    51 0001:00000a32    52 0001:00000a35
    54 0001:00000a4a    55 0001:00000a52    56 0001:00000a5c    58 0001:00000a67
    59 0001:00000a6d    55 0001:00000a71    56 0001:00000a75    58 0001:00000a7e
    59 0001:00000a84    62 0001:00000a90    63 0001:00000aa9    64 0001:00000ab3
    74 0001:00000ab6    70 0001:00000ac5    72 0001:00000af0    74 0001:00000aff
    77 0001:00000b20    80 0001:00000b36    84 0001:00000b3b    83 0001:00000b3e
    84 0001:00000b4b    87 0001:00000b50    90 0001:00000b5f    92 0001:00000b70
    93 0001:00000b74

Line numbers for .\Release\Audio.obj(C:\Users\Administrator\Desktop\源码\远程源码\Emin摩纳哥源码GAI通讯\Emin摩纳哥源码\Server\common\Audio.cpp) segment .text

    12 0001:00000000    20 0001:00000004    21 0001:00000016    23 0001:00000067
    24 0001:0000006f    25 0001:0000007b    26 0001:0000007e    27 0001:00000081
    28 0001:00000084    30 0001:0000008b    31 0001:0000008e    35 0001:00000099
    36 0001:000000a2    38 0001:000000ae    39 0001:000000b7    42 0001:000000cd
    44 0001:000000e3    45 0001:000000e8    46 0001:000000ee    47 0001:000000f5
    48 0001:000000fc    49 0001:00000102    50 0001:00000106    51 0001:0000010c
    52 0001:00000112    55 0001:00000140    60 0001:00000146    66 0001:0000016e
    67 0001:00000178    73 0001:000001b9    79 0001:000001cc    85 0001:000001df
    93 0001:000001f2    99 0001:00000205   105 0001:00000216   113 0001:00000229
   115 0001:0000023e   117 0001:00000249   118 0001:00000251   120 0001:00000261
   121 0001:00000272   122 0001:0000027a   125 0001:00000288   127 0001:0000028f
   129 0001:0000029f   130 0001:000002b0   133 0001:000002b8   135 0001:000002c0
   136 0001:000002c9   138 0001:000002d1   139 0001:000002da   141 0001:000002ec
   142 0001:000002f6   143 0001:000002fc   144 0001:00000306   147 0001:00000310
   152 0001:00000317   159 0001:00000336   160 0001:0000034c   162 0001:000003ab
   163 0001:000003c0   172 0001:000003c3   165 0001:000003c9   166 0001:000003d4
   172 0001:000003d7   168 0001:000003dd   169 0001:000003e3   170 0001:000003eb
   171 0001:000003f1   172 0001:000003fb   175 0001:00000410   182 0001:00000412
   184 0001:0000042f   194 0001:00000442   187 0001:00000446   189 0001:00000451
   190 0001:0000045f   191 0001:00000481   193 0001:0000049e   194 0001:000004a1
   197 0001:000004b0   207 0001:000004b6   215 0001:000004d4   221 0001:000004e7
   223 0001:000004fa   224 0001:00000503   245 0001:00000506   226 0001:0000050a
   227 0001:00000512   230 0001:0000052d   231 0001:00000544   232 0001:0000054b
   245 0001:0000054e   234 0001:00000552   236 0001:0000055a   240 0001:0000055f
   243 0001:00000587   245 0001:00000590   248 0001:000005a0   253 0001:000005a6
   265 0001:000005c4   276 0001:000005d7   282 0001:000005ea   290 0001:000005fd
   298 0001:0000060e   304 0001:00000621   306 0001:00000638   307 0001:00000641
   332 0001:00000644   311 0001:00000648   312 0001:00000665   314 0001:00000685
   315 0001:0000068c   332 0001:0000068f   317 0001:00000693   319 0001:0000069b
   323 0001:000006a0   325 0001:000006c8   327 0001:000006d9   328 0001:000006e1
   329 0001:000006e8   332 0001:000006f1   335 0001:00000700   340 0001:00000706
   347 0001:00000724   348 0001:0000073a   356 0001:00000797   364 0001:000007aa
   370 0001:000007bb   376 0001:000007ce   381 0001:000007e1   383 0001:000007f8
   386 0001:00000802   388 0001:00000808   390 0001:00000812   392 0001:0000081c
   393 0001:0000082e   399 0001:00000832   402 0001:0000083c   403 0001:00000845
   406 0001:00000860   407 0001:00000863   394 0001:0000086c   407 0001:00000870

 272 bytes saved through ICF

